Archive member included to satisfy reference by file (symbol)

../libopencm3/lib/libopencm3_stm32l4.a(gpio_common_f0234.o)
                              src/firmware.o (gpio_mode_setup)
../libopencm3/lib/libopencm3_stm32l4.a(rcc.o)
                              src/core/system.o (rcc_clock_setup_pll)
../libopencm3/lib/libopencm3_stm32l4.a(rcc_common_all.o)
                              src/firmware.o (rcc_periph_clock_enable)
../libopencm3/lib/libopencm3_stm32l4.a(timer_common_all.o)
                              src/core/timer.o (timer_set_mode)
../libopencm3/lib/libopencm3_stm32l4.a(vector.o)
                              (reset_handler)
../libopencm3/lib/libopencm3_stm32l4.a(systick.o)
                              src/core/system.o (systick_set_frequency)
../libopencm3/lib/libopencm3_stm32l4.a(flash_common_all.o)
                              ../libopencm3/lib/libopencm3_stm32l4.a(rcc.o) (flash_set_ws)
../libopencm3/lib/libopencm3_stm32l4.a(flash_common_idcache.o)
                              ../libopencm3/lib/libopencm3_stm32l4.a(rcc.o) (flash_dcache_enable)
../libopencm3/lib/libopencm3_stm32l4.a(pwr.o)
                              ../libopencm3/lib/libopencm3_stm32l4.a(rcc.o) (pwr_set_vos_scale)

Discarded input sections

 .group         0x0000000000000000        0xc src/firmware.o
 .group         0x0000000000000000        0xc src/firmware.o
 .group         0x0000000000000000        0xc src/firmware.o
 .group         0x0000000000000000        0xc src/firmware.o
 .group         0x0000000000000000        0xc src/firmware.o
 .group         0x0000000000000000        0xc src/firmware.o
 .group         0x0000000000000000        0xc src/firmware.o
 .group         0x0000000000000000        0xc src/firmware.o
 .group         0x0000000000000000        0xc src/firmware.o
 .group         0x0000000000000000        0xc src/firmware.o
 .group         0x0000000000000000        0xc src/firmware.o
 .group         0x0000000000000000        0xc src/firmware.o
 .group         0x0000000000000000        0xc src/firmware.o
 .group         0x0000000000000000        0xc src/firmware.o
 .text          0x0000000000000000        0x0 src/firmware.o
 .data          0x0000000000000000        0x0 src/firmware.o
 .bss           0x0000000000000000        0x0 src/firmware.o
 .group         0x0000000000000000        0xc src/core/system.o
 .group         0x0000000000000000        0xc src/core/system.o
 .group         0x0000000000000000        0xc src/core/system.o
 .group         0x0000000000000000        0xc src/core/system.o
 .group         0x0000000000000000        0xc src/core/system.o
 .group         0x0000000000000000        0xc src/core/system.o
 .group         0x0000000000000000        0xc src/core/system.o
 .group         0x0000000000000000        0xc src/core/system.o
 .group         0x0000000000000000        0xc src/core/system.o
 .group         0x0000000000000000        0xc src/core/system.o
 .group         0x0000000000000000        0xc src/core/system.o
 .group         0x0000000000000000        0xc src/core/system.o
 .text          0x0000000000000000        0x0 src/core/system.o
 .data          0x0000000000000000        0x0 src/core/system.o
 .bss           0x0000000000000000        0x0 src/core/system.o
 .debug_macro   0x0000000000000000      0xa6c src/core/system.o
 .debug_macro   0x0000000000000000      0x34e src/core/system.o
 .debug_macro   0x0000000000000000       0x22 src/core/system.o
 .debug_macro   0x0000000000000000       0x10 src/core/system.o
 .debug_macro   0x0000000000000000       0x76 src/core/system.o
 .debug_macro   0x0000000000000000      0x215 src/core/system.o
 .debug_macro   0x0000000000000000      0xcc1 src/core/system.o
 .group         0x0000000000000000        0xc src/core/timer.o
 .group         0x0000000000000000        0xc src/core/timer.o
 .group         0x0000000000000000        0xc src/core/timer.o
 .group         0x0000000000000000        0xc src/core/timer.o
 .group         0x0000000000000000        0xc src/core/timer.o
 .group         0x0000000000000000        0xc src/core/timer.o
 .group         0x0000000000000000        0xc src/core/timer.o
 .group         0x0000000000000000        0xc src/core/timer.o
 .group         0x0000000000000000        0xc src/core/timer.o
 .group         0x0000000000000000        0xc src/core/timer.o
 .text          0x0000000000000000        0x0 src/core/timer.o
 .data          0x0000000000000000        0x0 src/core/timer.o
 .bss           0x0000000000000000        0x0 src/core/timer.o
 .debug_macro   0x0000000000000000      0xa6c src/core/timer.o
 .debug_macro   0x0000000000000000       0x1c src/core/timer.o
 .debug_macro   0x0000000000000000      0x34e src/core/timer.o
 .debug_macro   0x0000000000000000       0x22 src/core/timer.o
 .debug_macro   0x0000000000000000       0xe8 src/core/timer.o
 .debug_macro   0x0000000000000000       0x76 src/core/timer.o
 .debug_macro   0x0000000000000000      0x217 src/core/timer.o
[...]
Memory Configuration

Name             Origin             Length             Attributes
rom              0x0000000008000000 0x0000000000080000 xr
ram              0x0000000020000000 0x0000000000018000 xrw
*default*        0x0000000000000000 0xffffffffffffffff

Linker script and memory map

LOAD src/firmware.o
LOAD src/core/system.o
LOAD src/core/timer.o
LOAD ../libopencm3/lib/libopencm3_stm32l4.a
START GROUP
LOAD /usr/lib/gcc/arm-none-eabi/10.3.1/../../../arm-none-eabi/lib/thumb/v7e-m+fp/hard/libc.a
LOAD /usr/lib/gcc/arm-none-eabi/10.3.1/thumb/v7e-m+fp/hard/libgcc.a
LOAD /usr/lib/gcc/arm-none-eabi/10.3.1/../../../arm-none-eabi/lib/thumb/v7e-m+fp/hard/libnosys.a
END GROUP
START GROUP
LOAD /usr/lib/gcc/arm-none-eabi/10.3.1/thumb/v7e-m+fp/hard/libgcc.a
LOAD /usr/lib/gcc/arm-none-eabi/10.3.1/../../../arm-none-eabi/lib/thumb/v7e-m+fp/hard/libg.a
LOAD /usr/lib/gcc/arm-none-eabi/10.3.1/../../../arm-none-eabi/lib/thumb/v7e-m+fp/hard/libc.a
END GROUP

.text           0x0000000008000000      0xa48
 *(.bootloader_section)
 *(.vectors)
 .vectors       0x0000000008000000      0x1ac ../libopencm3/lib/libopencm3_stm32l4.a(vector.o)
                0x0000000008000000                vector_table
                0x00000000080001b0                . = ALIGN (0x10)
 *fill*         0x00000000080001ac        0x4 
 *(.firmware_info)
 *(.firmware_signature)
 *(.text*)
 .text.startup.main
                0x00000000080001b0       0x88 src/firmware.o
                0x00000000080001b0                main
 .text.sys_tick_handler
                0x0000000008000238       0x18 src/core/system.o
                0x0000000008000238                sys_tick_handler
 .text.system_get_ticks
                0x0000000008000250        0xc src/core/system.o
                0x0000000008000250                system_get_ticks
 .text.system_setup
                0x000000000800025c       0x28 src/core/system.o
                0x000000000800025c                system_setup
 .text.timer_setup
                0x0000000008000284       0x50 src/core/timer.o
                0x0000000008000284                timer_setup
 .text.timer_pwm_set_duty_cycle
                0x00000000080002d4       0x2c src/core/timer.o
                0x00000000080002d4                timer_pwm_set_duty_cycle
 .text.gpio_mode_setup
                0x0000000008000300       0x40 ../libopencm3/lib/libopencm3_stm32l4.a(gpio_common_f0234.o)
                0x0000000008000300                gpio_mode_setup
 .text.gpio_set_af
                0x0000000008000340       0x58 ../libopencm3/lib/libopencm3_stm32l4.a(gpio_common_f0234.o)
                0x0000000008000340                gpio_set_af
 .text.rcc_is_osc_ready
                0x0000000008000398       0x58 ../libopencm3/lib/libopencm3_stm32l4.a(rcc.o)
                0x0000000008000398                rcc_is_osc_ready
 .text.rcc_wait_for_osc_ready
                0x00000000080003f0       0x10 ../libopencm3/lib/libopencm3_stm32l4.a(rcc.o)
                0x00000000080003f0                rcc_wait_for_osc_ready
 .text.rcc_wait_for_sysclk_status
                0x0000000008000400       0x48 ../libopencm3/lib/libopencm3_stm32l4.a(rcc.o)
                0x0000000008000400                rcc_wait_for_sysclk_status
 .text.rcc_osc_on
                0x0000000008000448       0x70 ../libopencm3/lib/libopencm3_stm32l4.a(rcc.o)
                0x0000000008000448                rcc_osc_on
 .text.rcc_osc_off
                0x00000000080004b8       0x70 ../libopencm3/lib/libopencm3_stm32l4.a(rcc.o)
                0x00000000080004b8                rcc_osc_off
 .text.rcc_set_sysclk_source
                0x0000000008000528       0x14 ../libopencm3/lib/libopencm3_stm32l4.a(rcc.o)
                0x0000000008000528                rcc_set_sysclk_source
 .text.rcc_set_ppre2
                0x000000000800053c       0x14 ../libopencm3/lib/libopencm3_stm32l4.a(rcc.o)
                0x000000000800053c                rcc_set_ppre2
 .text.rcc_set_ppre1
                0x0000000008000550       0x14 ../libopencm3/lib/libopencm3_stm32l4.a(rcc.o)
                0x0000000008000550                rcc_set_ppre1
 .text.rcc_set_hpre
                0x0000000008000564       0x14 ../libopencm3/lib/libopencm3_stm32l4.a(rcc.o)
                0x0000000008000564                rcc_set_hpre
 .text.rcc_set_main_pll
                0x0000000008000578       0x28 ../libopencm3/lib/libopencm3_stm32l4.a(rcc.o)
                0x0000000008000578                rcc_set_main_pll
 .text.rcc_clock_setup_pll
                0x00000000080005a0       0xd0 ../libopencm3/lib/libopencm3_stm32l4.a(rcc.o)
                0x00000000080005a0                rcc_clock_setup_pll
 .text.rcc_periph_clock_enable
                0x0000000008000670       0x1c ../libopencm3/lib/libopencm3_stm32l4.a(rcc_common_all.o)
                0x0000000008000670                rcc_periph_clock_enable
 .text.timer_set_mode
                0x000000000800068c       0x12 ../libopencm3/lib/libopencm3_stm32l4.a(timer_common_all.o)
                0x000000000800068c                timer_set_mode
 .text.timer_enable_counter
                0x000000000800069e        0xa ../libopencm3/lib/libopencm3_stm32l4.a(timer_common_all.o)
                0x000000000800069e                timer_enable_counter
 .text.timer_set_prescaler
                0x00000000080006a8        0x4 ../libopencm3/lib/libopencm3_stm32l4.a(timer_common_all.o)
                0x00000000080006a8                timer_set_prescaler
 .text.timer_set_period
                0x00000000080006ac        0x4 ../libopencm3/lib/libopencm3_stm32l4.a(timer_common_all.o)
                0x00000000080006ac                timer_set_period
 .text.timer_set_oc_mode
                0x00000000080006b0      0x18c ../libopencm3/lib/libopencm3_stm32l4.a(timer_common_all.o)
                0x00000000080006b0                timer_set_oc_mode
 .text.timer_enable_oc_output
                0x000000000800083c       0x4a ../libopencm3/lib/libopencm3_stm32l4.a(timer_common_all.o)
                0x000000000800083c                timer_enable_oc_output
 .text.timer_set_oc_value
                0x0000000008000886       0x20 ../libopencm3/lib/libopencm3_stm32l4.a(timer_common_all.o)
                0x0000000008000886                timer_set_oc_value
 .text.blocking_handler
                0x00000000080008a6        0x2 ../libopencm3/lib/libopencm3_stm32l4.a(vector.o)
                0x00000000080008a6                i2c4_ev_isr
                0x00000000080008a6                usart3_isr
                0x00000000080008a6                swpmi1_isr
                0x00000000080008a6                tim7_isr
                0x00000000080008a6                dma2d_isr
                0x00000000080008a6                rng_isr
                0x00000000080008a6                adc1_2_isr
                0x00000000080008a6                i2c4_er_isr
                0x00000000080008a6                blocking_handler
                0x00000000080008a6                tsc_isr
                0x00000000080008a6                tim5_isr
                0x00000000080008a6                rtc_wkup_isr
                0x00000000080008a6                otg_fs_isr
                0x00000000080008a6                tim1_up_tim16_isr
                0x00000000080008a6                spi1_isr
                0x00000000080008a6                i2c3_er_isr
                0x00000000080008a6                dma2_channel7_isr
                0x00000000080008a6                exti2_isr
                0x00000000080008a6                dma1_channel6_isr
                0x00000000080008a6                dma1_channel5_isr
                0x00000000080008a6                dma2_channel5_isr
                0x00000000080008a6                tamp_stamp_isr
                0x00000000080008a6                fmc_isr
                0x00000000080008a6                can1_rx1_isr
                0x00000000080008a6                usart1_isr
                0x00000000080008a6                i2c3_ev_isr
                0x00000000080008a6                usage_fault_handler
                0x00000000080008a6                tim8_trg_com_isr
                0x00000000080008a6                can2_rx0_isr
                0x00000000080008a6                tim1_trg_com_tim17_isr
                0x00000000080008a6                can2_rx1_isr
                0x00000000080008a6                can1_sce_isr
                0x00000000080008a6                tim1_cc_isr
                0x00000000080008a6                can1_tx_isr
                0x00000000080008a6                dma1_channel4_isr
                0x00000000080008a6                tim8_brk_isr
                0x00000000080008a6                dma2_channel4_isr
                0x00000000080008a6                lptim1_isr
                0x00000000080008a6                lpuart1_isr
                0x00000000080008a6                can1_rx0_isr
                0x00000000080008a6                rcc_isr
                0x00000000080008a6                flash_isr
                0x00000000080008a6                uart4_isr
                0x00000000080008a6                rtc_alarm_isr
                0x00000000080008a6                exti15_10_isr
                0x00000000080008a6                hard_fault_handler
                0x00000000080008a6                exti1_isr
                0x00000000080008a6                i2c1_ev_isr
                0x00000000080008a6                dma2_channel1_isr
                0x00000000080008a6                dfsdm2_isr
                0x00000000080008a6                spi2_isr
                0x00000000080008a6                aes_isr
                0x00000000080008a6                tim8_up_isr
                0x00000000080008a6                tim6_dacunder_isr
                0x00000000080008a6                dma2_channel6_isr
                0x00000000080008a6                dma2_channel2_isr
                0x00000000080008a6                exti3_isr
                0x00000000080008a6                adc3_isr
                0x00000000080008a6                tim3_isr
                0x00000000080008a6                usart2_isr
                0x00000000080008a6                sai1_isr
                0x00000000080008a6                fpu_isr
                0x00000000080008a6                i2c2_er_isr
                0x00000000080008a6                i2c2_ev_isr
                0x00000000080008a6                uart5_isr
                0x00000000080008a6                dma1_channel1_isr
                0x00000000080008a6                exti4_isr
                0x00000000080008a6                dfsdm3_isr
                0x00000000080008a6                comp_isr
                0x00000000080008a6                mem_manage_handler
                0x00000000080008a6                can2_tx_isr
                0x00000000080008a6                lptim2_isr
                0x00000000080008a6                lcd_isr
                0x00000000080008a6                exti9_5_isr
                0x00000000080008a6                dma2_channel3_isr
                0x00000000080008a6                dfsdm1_isr
                0x00000000080008a6                dma1_channel7_isr
                0x00000000080008a6                pvd_pvm_isr
                0x00000000080008a6                can2_sce_isr
                0x00000000080008a6                tim4_isr
                0x00000000080008a6                sai2_isr
                0x00000000080008a6                dma1_channel2_isr
                0x00000000080008a6                i2c1_er_isr
                0x00000000080008a6                tim8_cc_isr
                0x00000000080008a6                dcmi_isr
                0x00000000080008a6                hash_crs_isr
                0x00000000080008a6                bus_fault_handler
                0x00000000080008a6                wwdg_isr
                0x00000000080008a6                tim1_brk_tim15_isr
                0x00000000080008a6                dma1_channel3_isr
                0x00000000080008a6                sdmmc1_isr
                0x00000000080008a6                spi3_isr
                0x00000000080008a6                quadspi_isr
                0x00000000080008a6                dfsdm0_isr
                0x00000000080008a6                tim2_isr
                0x00000000080008a6                exti0_isr
 .text.null_handler
                0x00000000080008a8        0x2 ../libopencm3/lib/libopencm3_stm32l4.a(vector.o)
                0x00000000080008a8                null_handler
                0x00000000080008a8                sv_call_handler
                0x00000000080008a8                pend_sv_handler
                0x00000000080008a8                debug_monitor_handler
                0x00000000080008a8                nmi_handler
 *fill*         0x00000000080008aa        0x2 
 .text.reset_handler
                0x00000000080008ac       0xa0 ../libopencm3/lib/libopencm3_stm32l4.a(vector.o)
                0x00000000080008ac                reset_handler
 .text.systick_set_clocksource
                0x000000000800094c       0x14 ../libopencm3/lib/libopencm3_stm32l4.a(systick.o)
                0x000000000800094c                systick_set_clocksource
 .text.systick_set_frequency
                0x0000000008000960       0x38 ../libopencm3/lib/libopencm3_stm32l4.a(systick.o)
                0x0000000008000960                systick_set_frequency
 .text.systick_interrupt_enable
                0x0000000008000998        0xe ../libopencm3/lib/libopencm3_stm32l4.a(systick.o)
                0x0000000008000998                systick_interrupt_enable
 .text.systick_counter_enable
                0x00000000080009a6        0xe ../libopencm3/lib/libopencm3_stm32l4.a(systick.o)
                0x00000000080009a6                systick_counter_enable
 .text.flash_set_ws
                0x00000000080009b4       0x14 ../libopencm3/lib/libopencm3_stm32l4.a(flash_common_all.o)
                0x00000000080009b4                flash_set_ws
 .text.flash_dcache_enable
                0x00000000080009c8       0x10 ../libopencm3/lib/libopencm3_stm32l4.a(flash_common_idcache.o)
                0x00000000080009c8                flash_dcache_enable
 .text.flash_dcache_disable
                0x00000000080009d8       0x10 ../libopencm3/lib/libopencm3_stm32l4.a(flash_common_idcache.o)
                0x00000000080009d8                flash_dcache_disable
 .text.flash_icache_enable
                0x00000000080009e8       0x10 ../libopencm3/lib/libopencm3_stm32l4.a(flash_common_idcache.o)
                0x00000000080009e8                flash_icache_enable
 .text.flash_icache_disable
                0x00000000080009f8       0x10 ../libopencm3/lib/libopencm3_stm32l4.a(flash_common_idcache.o)
                0x00000000080009f8                flash_icache_disable
 .text.pwr_set_vos_scale
                0x0000000008000a08       0x24 ../libopencm3/lib/libopencm3_stm32l4.a(pwr.o)
                0x0000000008000a08                pwr_set_vos_scale
                0x0000000008000a2c                . = ALIGN (0x4)
 *(.rodata*)
 .rodata.rcc_hsi16_configs
                0x0000000008000a2c       0x1c ../libopencm3/lib/libopencm3_stm32l4.a(rcc.o)
                0x0000000008000a2c                rcc_hsi16_configs
                0x0000000008000a48                . = ALIGN (0x4)

.glue_7         0x0000000008000a48        0x0
 .glue_7        0x0000000008000a48        0x0 linker stubs

.glue_7t        0x0000000008000a48        0x0
 .glue_7t       0x0000000008000a48        0x0 linker stubs

.vfp11_veneer   0x0000000008000a48        0x0
 .vfp11_veneer  0x0000000008000a48        0x0 linker stubs

.v4_bx          0x0000000008000a48        0x0
 .v4_bx         0x0000000008000a48        0x0 linker stubs

.iplt           0x0000000008000a48        0x0
 .iplt          0x0000000008000a48        0x0 src/firmware.o

.rel.dyn        0x0000000008000a48        0x0
 .rel.iplt      0x0000000008000a48        0x0 src/firmware.o

.preinit_array  0x0000000008000a48        0x0
                0x0000000008000a48                . = ALIGN (0x4)
                0x0000000008000a48                __preinit_array_start = .
 *(.preinit_array)
                0x0000000008000a48                __preinit_array_end = .

.init_array     0x0000000008000a48        0x0
                0x0000000008000a48                . = ALIGN (0x4)
                0x0000000008000a48                __init_array_start = .
 *(SORT_BY_NAME(.init_array.*))
 *(.init_array)
                0x0000000008000a48                __init_array_end = .

.fini_array     0x0000000008000a48        0x0
                0x0000000008000a48                . = ALIGN (0x4)
                0x0000000008000a48                __fini_array_start = .
 *(.fini_array)
 *(SORT_BY_NAME(.fini_array.*))
                0x0000000008000a48                __fini_array_end = .

.ARM.extab
 *(.ARM.extab*)

.ARM.exidx      0x0000000008000a48        0x0
                0x0000000008000a48                __exidx_start = .
 *(.ARM.exidx*)
                0x0000000008000a48                __exidx_end = .
                0x0000000008000a48                . = ALIGN (0x4)
                0x0000000008000a48                _etext = .

.noinit
 *(.noinit*)
                0x0000000008000a48                . = ALIGN (0x4)

.data           0x0000000020000000        0xc load address 0x0000000008000a48
                0x0000000020000000                _data = .
 *(.data*)
 .data.rcc_ahb_frequency
                0x0000000020000000        0x4 ../libopencm3/lib/libopencm3_stm32l4.a(rcc.o)
                0x0000000020000000                rcc_ahb_frequency
 .data.rcc_apb1_frequency
                0x0000000020000004        0x4 ../libopencm3/lib/libopencm3_stm32l4.a(rcc.o)
                0x0000000020000004                rcc_apb1_frequency
 .data.rcc_apb2_frequency
                0x0000000020000008        0x4 ../libopencm3/lib/libopencm3_stm32l4.a(rcc.o)
                0x0000000020000008                rcc_apb2_frequency
 *(.ramtext*)
                0x000000002000000c                . = ALIGN (0x4)
                0x000000002000000c                _edata = .
                0x0000000008000a48                _data_loadaddr = LOADADDR (.data)

.igot.plt       0x000000002000000c        0x0 load address 0x0000000008000a54
 .igot.plt      0x000000002000000c        0x0 src/firmware.o

.bss            0x0000000020000010        0x8 load address 0x0000000008000a54
 *(.bss*)
 .bss.ticks     0x0000000020000010        0x8 src/core/system.o
 *(COMMON)
                0x0000000020000018                . = ALIGN (0x4)
                0x0000000020000018                _ebss = .

/DISCARD/
 *(.eh_frame)
                0x0000000020000018                . = ALIGN (0x4)
                0x0000000020000018                end = .
                0x0000000020018000                PROVIDE (_stack = (ORIGIN (ram) + LENGTH (ram)))
OUTPUT(firmware.elf elf32-littlearm)
LOAD linker stubs

.debug_info     0x0000000000000000     0x4023
 .debug_info    0x0000000000000000      0x534 src/firmware.o
 .debug_info    0x0000000000000534      0x2d3 src/core/system.o
 .debug_info    0x0000000000000807      0x610 src/core/timer.o
 .debug_info    0x0000000000000e17      0x20f ../libopencm3/lib/libopencm3_stm32l4.a(gpio_common_f0234.o)
 .debug_info    0x0000000000001026      0xe65 ../libopencm3/lib/libopencm3_stm32l4.a(rcc.o)
 .debug_info    0x0000000000001e8b      0x823 ../libopencm3/lib/libopencm3_stm32l4.a(rcc_common_all.o)
 .debug_info    0x00000000000026ae     0x115b ../libopencm3/lib/libopencm3_stm32l4.a(timer_common_all.o)
 .debug_info    0x0000000000003809      0x2e6 ../libopencm3/lib/libopencm3_stm32l4.a(vector.o)
 .debug_info    0x0000000000003aef      0x268 ../libopencm3/lib/libopencm3_stm32l4.a(systick.o)
 .debug_info    0x0000000000003d57       0xf0 ../libopencm3/lib/libopencm3_stm32l4.a(flash_common_all.o)
 .debug_info    0x0000000000003e47       0xe8 ../libopencm3/lib/libopencm3_stm32l4.a(flash_common_idcache.o)
 .debug_info    0x0000000000003f2f       0xf4 ../libopencm3/lib/libopencm3_stm32l4.a(pwr.o)

.debug_abbrev   0x0000000000000000      0xec4
 .debug_abbrev  0x0000000000000000      0x10a src/firmware.o
 .debug_abbrev  0x000000000000010a      0x1ba src/core/system.o
 .debug_abbrev  0x00000000000002c4       0xfb src/core/timer.o
 .debug_abbrev  0x00000000000003bf       0xbf ../libopencm3/lib/libopencm3_stm32l4.a(gpio_common_f0234.o)
 .debug_abbrev  0x000000000000047e      0x2db ../libopencm3/lib/libopencm3_stm32l4.a(rcc.o)
 .debug_abbrev  0x0000000000000759      0x177 ../libopencm3/lib/libopencm3_stm32l4.a(rcc_common_all.o)
 .debug_abbrev  0x00000000000008d0      0x1a1 ../libopencm3/lib/libopencm3_stm32l4.a(timer_common_all.o)
 .debug_abbrev  0x0000000000000a71      0x15b ../libopencm3/lib/libopencm3_stm32l4.a(vector.o)
 .debug_abbrev  0x0000000000000bcc      0x155 ../libopencm3/lib/libopencm3_stm32l4.a(systick.o)
 .debug_abbrev  0x0000000000000d21       0x9a ../libopencm3/lib/libopencm3_stm32l4.a(flash_common_all.o)
 .debug_abbrev  0x0000000000000dbb       0x56 ../libopencm3/lib/libopencm3_stm32l4.a(flash_common_idcache.o)
 .debug_abbrev  0x0000000000000e11       0xb3 ../libopencm3/lib/libopencm3_stm32l4.a(pwr.o)

.debug_loc      0x0000000000000000     0x1376
 .debug_loc     0x0000000000000000       0x66 src/firmware.o
 .debug_loc     0x0000000000000066       0xa0 src/core/timer.o
 .debug_loc     0x0000000000000106      0x14f ../libopencm3/lib/libopencm3_stm32l4.a(gpio_common_f0234.o)
 .debug_loc     0x0000000000000255      0x839 ../libopencm3/lib/libopencm3_stm32l4.a(rcc.o)
 .debug_loc     0x0000000000000a8e      0x120 ../libopencm3/lib/libopencm3_stm32l4.a(rcc_common_all.o)
 .debug_loc     0x0000000000000bae      0x4b2 ../libopencm3/lib/libopencm3_stm32l4.a(timer_common_all.o)
 .debug_loc     0x0000000000001060      0x128 ../libopencm3/lib/libopencm3_stm32l4.a(vector.o)
 .debug_loc     0x0000000000001188      0x192 ../libopencm3/lib/libopencm3_stm32l4.a(systick.o)
 .debug_loc     0x000000000000131a       0x47 ../libopencm3/lib/libopencm3_stm32l4.a(flash_common_all.o)
 .debug_loc     0x0000000000001361       0x15 ../libopencm3/lib/libopencm3_stm32l4.a(pwr.o)

.debug_aranges  0x0000000000000000      0x5f0
 .debug_aranges
                0x0000000000000000       0x20 src/firmware.o
 .debug_aranges
                0x0000000000000020       0x30 src/core/system.o
 .debug_aranges
                0x0000000000000050       0x28 src/core/timer.o
 .debug_aranges
                0x0000000000000078       0x30 ../libopencm3/lib/libopencm3_stm32l4.a(gpio_common_f0234.o)
 .debug_aranges
                0x00000000000000a8      0x120 ../libopencm3/lib/libopencm3_stm32l4.a(rcc.o)
 .debug_aranges
                0x00000000000001c8       0x60 ../libopencm3/lib/libopencm3_stm32l4.a(rcc_common_all.o)
 .debug_aranges
                0x0000000000000228      0x270 ../libopencm3/lib/libopencm3_stm32l4.a(timer_common_all.o)
 .debug_aranges
                0x0000000000000498       0x30 ../libopencm3/lib/libopencm3_stm32l4.a(vector.o)
 .debug_aranges
                0x00000000000004c8       0x78 ../libopencm3/lib/libopencm3_stm32l4.a(systick.o)
 .debug_aranges
                0x0000000000000540       0x38 ../libopencm3/lib/libopencm3_stm32l4.a(flash_common_all.o)
 .debug_aranges
                0x0000000000000578       0x48 ../libopencm3/lib/libopencm3_stm32l4.a(flash_common_idcache.o)
 .debug_aranges
                0x00000000000005c0       0x30 ../libopencm3/lib/libopencm3_stm32l4.a(pwr.o)

.debug_ranges   0x0000000000000000      0x5a8
 .debug_ranges  0x0000000000000000       0x10 src/firmware.o
 .debug_ranges  0x0000000000000010       0x50 src/core/system.o
 .debug_ranges  0x0000000000000060       0x18 src/core/timer.o
 .debug_ranges  0x0000000000000078       0x20 ../libopencm3/lib/libopencm3_stm32l4.a(gpio_common_f0234.o)
 .debug_ranges  0x0000000000000098      0x140 ../libopencm3/lib/libopencm3_stm32l4.a(rcc.o)
 .debug_ranges  0x00000000000001d8       0x50 ../libopencm3/lib/libopencm3_stm32l4.a(rcc_common_all.o)
 .debug_ranges  0x0000000000000228      0x260 ../libopencm3/lib/libopencm3_stm32l4.a(timer_common_all.o)
 .debug_ranges  0x0000000000000488       0x20 ../libopencm3/lib/libopencm3_stm32l4.a(vector.o)
 .debug_ranges  0x00000000000004a8       0x80 ../libopencm3/lib/libopencm3_stm32l4.a(systick.o)
 .debug_ranges  0x0000000000000528       0x28 ../libopencm3/lib/libopencm3_stm32l4.a(flash_common_all.o)
 .debug_ranges  0x0000000000000550       0x38 ../libopencm3/lib/libopencm3_stm32l4.a(flash_common_idcache.o)
 .debug_ranges  0x0000000000000588       0x20 ../libopencm3/lib/libopencm3_stm32l4.a(pwr.o)

.debug_macro    0x0000000000000000     0x498f
 .debug_macro   0x0000000000000000       0xe7 src/firmware.o
 .debug_macro   0x00000000000000e7      0xa6c src/firmware.o
 .debug_macro   0x0000000000000b53       0x1c src/firmware.o
 .debug_macro   0x0000000000000b6f      0x34e src/firmware.o
 .debug_macro   0x0000000000000ebd       0x22 src/firmware.o
 .debug_macro   0x0000000000000edf       0xe8 src/firmware.o
 .debug_macro   0x0000000000000fc7       0x76 src/firmware.o
 .debug_macro   0x000000000000103d      0x217 src/firmware.o
 .debug_macro   0x0000000000001254       0x76 src/firmware.o
 .debug_macro   0x00000000000012ca      0x37e src/firmware.o
 .debug_macro   0x0000000000001648       0xca src/firmware.o
 .debug_macro   0x0000000000001712       0x88 src/firmware.o
 .debug_macro   0x000000000000179a      0x215 src/firmware.o
 .debug_macro   0x00000000000019af      0xcc1 src/firmware.o
 .debug_macro   0x0000000000002670       0x10 src/firmware.o
 .debug_macro   0x0000000000002680       0xc6 src/core/system.o
 .debug_macro   0x0000000000002746      0x100 src/core/system.o
 .debug_macro   0x0000000000002846       0x69 src/core/system.o
 .debug_macro   0x00000000000028af       0x6e src/core/system.o
 .debug_macro   0x000000000000291d      0x22c src/core/system.o
 .debug_macro   0x0000000000002b49      0x21d src/core/system.o
 .debug_macro   0x0000000000002d66       0xa5 src/core/timer.o
 .debug_macro   0x0000000000002e0b      0xf6b src/core/timer.o
 .debug_macro   0x0000000000003d76       0x8d ../libopencm3/lib/libopencm3_stm32l4.a(gpio_common_f0234.o)
 .debug_macro   0x0000000000003e03       0xbd ../libopencm3/lib/libopencm3_stm32l4.a(rcc.o)
 .debug_macro   0x0000000000003ec0       0x16 ../libopencm3/lib/libopencm3_stm32l4.a(rcc.o)
 .debug_macro   0x0000000000003ed6       0x1c ../libopencm3/lib/libopencm3_stm32l4.a(rcc.o)
 .debug_macro   0x0000000000003ef2      0x2f3 ../libopencm3/lib/libopencm3_stm32l4.a(rcc.o)
 .debug_macro   0x00000000000041e5       0x98 ../libopencm3/lib/libopencm3_stm32l4.a(rcc_common_all.o)
 .debug_macro   0x000000000000427d       0x8f ../libopencm3/lib/libopencm3_stm32l4.a(timer_common_all.o)
 .debug_macro   0x000000000000430c       0x8a ../libopencm3/lib/libopencm3_stm32l4.a(vector.o)
 .debug_macro   0x0000000000004396      0x452 ../libopencm3/lib/libopencm3_stm32l4.a(vector.o)
 .debug_macro   0x00000000000047e8       0x49 ../libopencm3/lib/libopencm3_stm32l4.a(systick.o)
 .debug_macro   0x0000000000004831       0x7f ../libopencm3/lib/libopencm3_stm32l4.a(flash_common_all.o)
 .debug_macro   0x00000000000048b0       0x7f ../libopencm3/lib/libopencm3_stm32l4.a(flash_common_idcache.o)
 .debug_macro   0x000000000000492f       0x60 ../libopencm3/lib/libopencm3_stm32l4.a(pwr.o)

.debug_line     0x0000000000000000     0x332c
 .debug_line    0x0000000000000000      0x282 src/firmware.o
 .debug_line    0x0000000000000282      0x28c src/core/system.o
 .debug_line    0x000000000000050e      0x216 src/core/timer.o
 .debug_line    0x0000000000000724      0x38e ../libopencm3/lib/libopencm3_stm32l4.a(gpio_common_f0234.o)
 .debug_line    0x0000000000000ab2      0xa6d ../libopencm3/lib/libopencm3_stm32l4.a(rcc.o)
 .debug_line    0x000000000000151f      0x2f2 ../libopencm3/lib/libopencm3_stm32l4.a(rcc_common_all.o)
 .debug_line    0x0000000000001811      0xf7c ../libopencm3/lib/libopencm3_stm32l4.a(timer_common_all.o)
 .debug_line    0x000000000000278d      0x322 ../libopencm3/lib/libopencm3_stm32l4.a(vector.o)
 .debug_line    0x0000000000002aaf      0x26e ../libopencm3/lib/libopencm3_stm32l4.a(systick.o)
 .debug_line    0x0000000000002d1d      0x230 ../libopencm3/lib/libopencm3_stm32l4.a(flash_common_all.o)
 .debug_line    0x0000000000002f4d      0x249 ../libopencm3/lib/libopencm3_stm32l4.a(flash_common_idcache.o)
 .debug_line    0x0000000000003196      0x196 ../libopencm3/lib/libopencm3_stm32l4.a(pwr.o)

.debug_str      0x0000000000000000    0x13aff
 .debug_str     0x0000000000000000     0xa4ad src/firmware.o
                                       0xa620 (size before relaxing)
 .debug_str     0x000000000000a4ad      0xd70 src/core/system.o
                                       0x98ba (size before relaxing)
 .debug_str     0x000000000000b21d     0x418b src/core/timer.o
                                       0xd0f3 (size before relaxing)
 .debug_str     0x000000000000f3a8      0x16b ../libopencm3/lib/libopencm3_stm32l4.a(gpio_common_f0234.o)
                                       0x6165 (size before relaxing)
 .debug_str     0x000000000000f513     0x13da ../libopencm3/lib/libopencm3_stm32l4.a(rcc.o)
                                       0xa45f (size before relaxing)
 .debug_str     0x00000000000108ed      0x3c3 ../libopencm3/lib/libopencm3_stm32l4.a(rcc_common_all.o)
                                       0x9383 (size before relaxing)
 .debug_str     0x0000000000010cb0      0x9c6 ../libopencm3/lib/libopencm3_stm32l4.a(timer_common_all.o)
                                       0xd61b (size before relaxing)
 .debug_str     0x0000000000011676     0x22b7 ../libopencm3/lib/libopencm3_stm32l4.a(vector.o)
                                       0x69ba (size before relaxing)
 .debug_str     0x000000000001392d       0xd2 ../libopencm3/lib/libopencm3_stm32l4.a(systick.o)
                                       0x408e (size before relaxing)
 .debug_str     0x00000000000139ff       0x64 ../libopencm3/lib/libopencm3_stm32l4.a(flash_common_all.o)
                                       0x5a69 (size before relaxing)
 .debug_str     0x0000000000013a63       0x47 ../libopencm3/lib/libopencm3_stm32l4.a(flash_common_idcache.o)
                                       0x5a8b (size before relaxing)
 .debug_str     0x0000000000013aaa       0x55 ../libopencm3/lib/libopencm3_stm32l4.a(pwr.o)
                                       0x5410 (size before relaxing)

.comment        0x0000000000000000       0x33
 .comment       0x0000000000000000       0x33 src/firmware.o
                                         0x34 (size before relaxing)
 .comment       0x0000000000000033       0x34 src/core/system.o
 .comment       0x0000000000000033       0x34 src/core/timer.o
 .comment       0x0000000000000033       0x34 ../libopencm3/lib/libopencm3_stm32l4.a(gpio_common_f0234.o)
 .comment       0x0000000000000033       0x34 ../libopencm3/lib/libopencm3_stm32l4.a(rcc.o)
 .comment       0x0000000000000033       0x34 ../libopencm3/lib/libopencm3_stm32l4.a(rcc_common_all.o)
 .comment       0x0000000000000033       0x34 ../libopencm3/lib/libopencm3_stm32l4.a(timer_common_all.o)
 .comment       0x0000000000000033       0x34 ../libopencm3/lib/libopencm3_stm32l4.a(vector.o)
 .comment       0x0000000000000033       0x34 ../libopencm3/lib/libopencm3_stm32l4.a(systick.o)
 .comment       0x0000000000000033       0x34 ../libopencm3/lib/libopencm3_stm32l4.a(flash_common_all.o)
 .comment       0x0000000000000033       0x34 ../libopencm3/lib/libopencm3_stm32l4.a(flash_common_idcache.o)
 .comment       0x0000000000000033       0x34 ../libopencm3/lib/libopencm3_stm32l4.a(pwr.o)

.ARM.attributes
                0x0000000000000000       0x34
 .ARM.attributes
                0x0000000000000000       0x34 src/firmware.o
 .ARM.attributes
                0x0000000000000034       0x34 src/core/system.o
 .ARM.attributes
                0x0000000000000068       0x34 src/core/timer.o
 .ARM.attributes
                0x000000000000009c       0x34 ../libopencm3/lib/libopencm3_stm32l4.a(gpio_common_f0234.o)
 .ARM.attributes
                0x00000000000000d0       0x34 ../libopencm3/lib/libopencm3_stm32l4.a(rcc.o)
 .ARM.attributes
                0x0000000000000104       0x34 ../libopencm3/lib/libopencm3_stm32l4.a(rcc_common_all.o)
 .ARM.attributes
                0x0000000000000138       0x34 ../libopencm3/lib/libopencm3_stm32l4.a(timer_common_all.o)
 .ARM.attributes
                0x000000000000016c       0x34 ../libopencm3/lib/libopencm3_stm32l4.a(vector.o)
 .ARM.attributes
                0x00000000000001a0       0x34 ../libopencm3/lib/libopencm3_stm32l4.a(systick.o)
 .ARM.attributes
                0x00000000000001d4       0x34 ../libopencm3/lib/libopencm3_stm32l4.a(flash_common_all.o)
 .ARM.attributes
                0x0000000000000208       0x34 ../libopencm3/lib/libopencm3_stm32l4.a(flash_common_idcache.o)
 .ARM.attributes
                0x000000000000023c       0x34 ../libopencm3/lib/libopencm3_stm32l4.a(pwr.o)

.debug_frame    0x0000000000000000      0xb68
 .debug_frame   0x0000000000000000       0x3c src/firmware.o
 .debug_frame   0x000000000000003c       0x54 src/core/system.o
 .debug_frame   0x0000000000000090       0x3c src/core/timer.o
 .debug_frame   0x00000000000000cc       0x70 ../libopencm3/lib/libopencm3_stm32l4.a(gpio_common_f0234.o)
 .debug_frame   0x000000000000013c      0x250 ../libopencm3/lib/libopencm3_stm32l4.a(rcc.o)
 .debug_frame   0x000000000000038c       0xe0 ../libopencm3/lib/libopencm3_stm32l4.a(rcc_common_all.o)
 .debug_frame   0x000000000000046c      0x4d8 ../libopencm3/lib/libopencm3_stm32l4.a(timer_common_all.o)
 .debug_frame   0x0000000000000944       0x4c ../libopencm3/lib/libopencm3_stm32l4.a(vector.o)
 .debug_frame   0x0000000000000990       0xd8 ../libopencm3/lib/libopencm3_stm32l4.a(systick.o)
 .debug_frame   0x0000000000000a68       0x50 ../libopencm3/lib/libopencm3_stm32l4.a(flash_common_all.o)
 .debug_frame   0x0000000000000ab8       0x70 ../libopencm3/lib/libopencm3_stm32l4.a(flash_common_idcache.o)
 .debug_frame   0x0000000000000b28       0x40 ../libopencm3/lib/libopencm3_stm32l4.a(pwr.o)

Cross Reference Table

Symbol                                            File
__fini_array_end                                  ../libopencm3/lib/libopencm3_stm32l4.a(vector.o)
__fini_array_start                                ../libopencm3/lib/libopencm3_stm32l4.a(vector.o)
__init_array_end                                  ../libopencm3/lib/libopencm3_stm32l4.a(vector.o)
__init_array_start                                ../libopencm3/lib/libopencm3_stm32l4.a(vector.o)
__preinit_array_end                               ../libopencm3/lib/libopencm3_stm32l4.a(vector.o)
__preinit_array_start                             ../libopencm3/lib/libopencm3_stm32l4.a(vector.o)
_data                                             ../libopencm3/lib/libopencm3_stm32l4.a(vector.o)
_data_loadaddr                                    ../libopencm3/lib/libopencm3_stm32l4.a(vector.o)
_ebss                                             ../libopencm3/lib/libopencm3_stm32l4.a(vector.o)
_edata                                            ../libopencm3/lib/libopencm3_stm32l4.a(vector.o)
_stack                                            ../libopencm3/lib/libopencm3_stm32l4.a(vector.o)
adc1_2_isr                                        ../libopencm3/lib/libopencm3_stm32l4.a(vector.o)
adc3_isr                                          ../libopencm3/lib/libopencm3_stm32l4.a(vector.o)
aes_isr                                           ../libopencm3/lib/libopencm3_stm32l4.a(vector.o)
blocking_handler                                  ../libopencm3/lib/libopencm3_stm32l4.a(vector.o)
bus_fault_handler                                 ../libopencm3/lib/libopencm3_stm32l4.a(vector.o)
can1_rx0_isr                                      ../libopencm3/lib/libopencm3_stm32l4.a(vector.o)
can1_rx1_isr                                      ../libopencm3/lib/libopencm3_stm32l4.a(vector.o)
can1_sce_isr                                      ../libopencm3/lib/libopencm3_stm32l4.a(vector.o)
can1_tx_isr                                       ../libopencm3/lib/libopencm3_stm32l4.a(vector.o)
can2_rx0_isr                                      ../libopencm3/lib/libopencm3_stm32l4.a(vector.o)
can2_rx1_isr                                      ../libopencm3/lib/libopencm3_stm32l4.a(vector.o)
can2_sce_isr                                      ../libopencm3/lib/libopencm3_stm32l4.a(vector.o)
can2_tx_isr                                       ../libopencm3/lib/libopencm3_stm32l4.a(vector.o)
comp_isr                                          ../libopencm3/lib/libopencm3_stm32l4.a(vector.o)
dcmi_isr                                          ../libopencm3/lib/libopencm3_stm32l4.a(vector.o)
debug_monitor_handler                             ../libopencm3/lib/libopencm3_stm32l4.a(vector.o)
dfsdm0_isr                                        ../libopencm3/lib/libopencm3_stm32l4.a(vector.o)
dfsdm1_isr                                        ../libopencm3/lib/libopencm3_stm32l4.a(vector.o)
dfsdm2_isr                                        ../libopencm3/lib/libopencm3_stm32l4.a(vector.o)
dfsdm3_isr                                        ../libopencm3/lib/libopencm3_stm32l4.a(vector.o)
dma1_channel1_isr                                 ../libopencm3/lib/libopencm3_stm32l4.a(vector.o)
dma1_channel2_isr                                 ../libopencm3/lib/libopencm3_stm32l4.a(vector.o)
dma1_channel3_isr                                 ../libopencm3/lib/libopencm3_stm32l4.a(vector.o)
dma1_channel4_isr                                 ../libopencm3/lib/libopencm3_stm32l4.a(vector.o)
dma1_channel5_isr                                 ../libopencm3/lib/libopencm3_stm32l4.a(vector.o)
dma1_channel6_isr                                 ../libopencm3/lib/libopencm3_stm32l4.a(vector.o)
dma1_channel7_isr                                 ../libopencm3/lib/libopencm3_stm32l4.a(vector.o)
dma2_channel1_isr                                 ../libopencm3/lib/libopencm3_stm32l4.a(vector.o)
dma2_channel2_isr                                 ../libopencm3/lib/libopencm3_stm32l4.a(vector.o)
dma2_channel3_isr                                 ../libopencm3/lib/libopencm3_stm32l4.a(vector.o)
dma2_channel4_isr                                 ../libopencm3/lib/libopencm3_stm32l4.a(vector.o)
dma2_channel5_isr                                 ../libopencm3/lib/libopencm3_stm32l4.a(vector.o)
dma2_channel6_isr                                 ../libopencm3/lib/libopencm3_stm32l4.a(vector.o)
dma2_channel7_isr                                 ../libopencm3/lib/libopencm3_stm32l4.a(vector.o)
dma2d_isr                                         ../libopencm3/lib/libopencm3_stm32l4.a(vector.o)
exti0_isr                                         ../libopencm3/lib/libopencm3_stm32l4.a(vector.o)
exti15_10_isr                                     ../libopencm3/lib/libopencm3_stm32l4.a(vector.o)
exti1_isr                                         ../libopencm3/lib/libopencm3_stm32l4.a(vector.o)
exti2_isr                                         ../libopencm3/lib/libopencm3_stm32l4.a(vector.o)
exti3_isr                                         ../libopencm3/lib/libopencm3_stm32l4.a(vector.o)
exti4_isr                                         ../libopencm3/lib/libopencm3_stm32l4.a(vector.o)
exti9_5_isr                                       ../libopencm3/lib/libopencm3_stm32l4.a(vector.o)
flash_dcache_disable                              ../libopencm3/lib/libopencm3_stm32l4.a(flash_common_idcache.o)
                                                  ../libopencm3/lib/libopencm3_stm32l4.a(rcc.o)
flash_dcache_enable                               ../libopencm3/lib/libopencm3_stm32l4.a(flash_common_idcache.o)
                                                  ../libopencm3/lib/libopencm3_stm32l4.a(rcc.o)
flash_dcache_reset                                ../libopencm3/lib/libopencm3_stm32l4.a(flash_common_idcache.o)
flash_icache_disable                              ../libopencm3/lib/libopencm3_stm32l4.a(flash_common_idcache.o)
                                                  ../libopencm3/lib/libopencm3_stm32l4.a(rcc.o)
flash_icache_enable                               ../libopencm3/lib/libopencm3_stm32l4.a(flash_common_idcache.o)
                                                  ../libopencm3/lib/libopencm3_stm32l4.a(rcc.o)
flash_icache_reset                                ../libopencm3/lib/libopencm3_stm32l4.a(flash_common_idcache.o)
flash_isr                                         ../libopencm3/lib/libopencm3_stm32l4.a(vector.o)
flash_prefetch_disable                            ../libopencm3/lib/libopencm3_stm32l4.a(flash_common_all.o)
flash_prefetch_enable                             ../libopencm3/lib/libopencm3_stm32l4.a(flash_common_all.o)
flash_set_ws                                      ../libopencm3/lib/libopencm3_stm32l4.a(flash_common_all.o)
                                                  ../libopencm3/lib/libopencm3_stm32l4.a(rcc.o)
flash_unlock_option_bytes                         ../libopencm3/lib/libopencm3_stm32l4.a(flash_common_all.o)
fmc_isr                                           ../libopencm3/lib/libopencm3_stm32l4.a(vector.o)
fpu_isr                                           ../libopencm3/lib/libopencm3_stm32l4.a(vector.o)
gpio_mode_setup                                   ../libopencm3/lib/libopencm3_stm32l4.a(gpio_common_f0234.o)
                                                  src/firmware.o
gpio_set_af                                       ../libopencm3/lib/libopencm3_stm32l4.a(gpio_common_f0234.o)
                                                  src/firmware.o
gpio_set_output_options                           ../libopencm3/lib/libopencm3_stm32l4.a(gpio_common_f0234.o)
hard_fault_handler                                ../libopencm3/lib/libopencm3_stm32l4.a(vector.o)
hash_crs_isr                                      ../libopencm3/lib/libopencm3_stm32l4.a(vector.o)
i2c1_er_isr                                       ../libopencm3/lib/libopencm3_stm32l4.a(vector.o)
i2c1_ev_isr                                       ../libopencm3/lib/libopencm3_stm32l4.a(vector.o)
i2c2_er_isr                                       ../libopencm3/lib/libopencm3_stm32l4.a(vector.o)
i2c2_ev_isr                                       ../libopencm3/lib/libopencm3_stm32l4.a(vector.o)
i2c3_er_isr                                       ../libopencm3/lib/libopencm3_stm32l4.a(vector.o)
i2c3_ev_isr                                       ../libopencm3/lib/libopencm3_stm32l4.a(vector.o)
i2c4_er_isr                                       ../libopencm3/lib/libopencm3_stm32l4.a(vector.o)
i2c4_ev_isr                                       ../libopencm3/lib/libopencm3_stm32l4.a(vector.o)
lcd_isr                                           ../libopencm3/lib/libopencm3_stm32l4.a(vector.o)
lptim1_isr                                        ../libopencm3/lib/libopencm3_stm32l4.a(vector.o)
lptim2_isr                                        ../libopencm3/lib/libopencm3_stm32l4.a(vector.o)
lpuart1_isr                                       ../libopencm3/lib/libopencm3_stm32l4.a(vector.o)
main                                              src/firmware.o
                                                  ../libopencm3/lib/libopencm3_stm32l4.a(vector.o)
mem_manage_handler                                ../libopencm3/lib/libopencm3_stm32l4.a(vector.o)
nmi_handler                                       ../libopencm3/lib/libopencm3_stm32l4.a(vector.o)
null_handler                                      ../libopencm3/lib/libopencm3_stm32l4.a(vector.o)
otg_fs_isr                                        ../libopencm3/lib/libopencm3_stm32l4.a(vector.o)
pend_sv_handler                                   ../libopencm3/lib/libopencm3_stm32l4.a(vector.o)
pvd_pvm_isr                                       ../libopencm3/lib/libopencm3_stm32l4.a(vector.o)
pwr_disable_backup_domain_write_protect           ../libopencm3/lib/libopencm3_stm32l4.a(pwr.o)
pwr_enable_backup_domain_write_protect            ../libopencm3/lib/libopencm3_stm32l4.a(pwr.o)
pwr_set_vos_scale                                 ../libopencm3/lib/libopencm3_stm32l4.a(pwr.o)
                                                  ../libopencm3/lib/libopencm3_stm32l4.a(rcc.o)
quadspi_isr                                       ../libopencm3/lib/libopencm3_stm32l4.a(vector.o)
rcc_ahb_frequency                                 ../libopencm3/lib/libopencm3_stm32l4.a(rcc.o)
rcc_apb1_frequency                                ../libopencm3/lib/libopencm3_stm32l4.a(rcc.o)
rcc_apb2_frequency                                ../libopencm3/lib/libopencm3_stm32l4.a(rcc.o)
rcc_clock_setup_pll                               ../libopencm3/lib/libopencm3_stm32l4.a(rcc.o)
                                                  src/core/system.o
rcc_css_disable                                   ../libopencm3/lib/libopencm3_stm32l4.a(rcc.o)
rcc_css_enable                                    ../libopencm3/lib/libopencm3_stm32l4.a(rcc.o)
rcc_css_int_clear                                 ../libopencm3/lib/libopencm3_stm32l4.a(rcc.o)
rcc_css_int_flag                                  ../libopencm3/lib/libopencm3_stm32l4.a(rcc.o)
rcc_disable_rtc_clock                             ../libopencm3/lib/libopencm3_stm32l4.a(rcc.o)
rcc_enable_rtc_clock                              ../libopencm3/lib/libopencm3_stm32l4.a(rcc.o)
rcc_get_div_from_hpre                             ../libopencm3/lib/libopencm3_stm32l4.a(rcc_common_all.o)
                                                  ../libopencm3/lib/libopencm3_stm32l4.a(rcc.o)
rcc_get_i2c_clk_freq                              ../libopencm3/lib/libopencm3_stm32l4.a(rcc.o)
rcc_get_spi_clk_freq                              ../libopencm3/lib/libopencm3_stm32l4.a(rcc.o)
rcc_get_timer_clk_freq                            ../libopencm3/lib/libopencm3_stm32l4.a(rcc.o)
rcc_get_usart_clk_freq                            ../libopencm3/lib/libopencm3_stm32l4.a(rcc.o)
rcc_hsi16_configs                                 ../libopencm3/lib/libopencm3_stm32l4.a(rcc.o)
                                                  src/core/system.o
rcc_is_osc_ready                                  ../libopencm3/lib/libopencm3_stm32l4.a(rcc.o)
rcc_isr                                           ../libopencm3/lib/libopencm3_stm32l4.a(vector.o)
rcc_osc_bypass_disable                            ../libopencm3/lib/libopencm3_stm32l4.a(rcc_common_all.o)
rcc_osc_bypass_enable                             ../libopencm3/lib/libopencm3_stm32l4.a(rcc_common_all.o)
rcc_osc_off                                       ../libopencm3/lib/libopencm3_stm32l4.a(rcc.o)
rcc_osc_on                                        ../libopencm3/lib/libopencm3_stm32l4.a(rcc.o)
rcc_osc_ready_int_clear                           ../libopencm3/lib/libopencm3_stm32l4.a(rcc.o)
rcc_osc_ready_int_disable                         ../libopencm3/lib/libopencm3_stm32l4.a(rcc.o)
rcc_osc_ready_int_enable                          ../libopencm3/lib/libopencm3_stm32l4.a(rcc.o)
rcc_osc_ready_int_flag                            ../libopencm3/lib/libopencm3_stm32l4.a(rcc.o)
rcc_periph_clock_disable                          ../libopencm3/lib/libopencm3_stm32l4.a(rcc_common_all.o)
rcc_periph_clock_enable                           ../libopencm3/lib/libopencm3_stm32l4.a(rcc_common_all.o)
                                                  ../libopencm3/lib/libopencm3_stm32l4.a(rcc.o)
                                                  src/core/timer.o
                                                  src/firmware.o
rcc_periph_reset_hold                             ../libopencm3/lib/libopencm3_stm32l4.a(rcc_common_all.o)
rcc_periph_reset_pulse                            ../libopencm3/lib/libopencm3_stm32l4.a(rcc_common_all.o)
rcc_periph_reset_release                          ../libopencm3/lib/libopencm3_stm32l4.a(rcc_common_all.o)
rcc_peripheral_clear_reset                        ../libopencm3/lib/libopencm3_stm32l4.a(rcc_common_all.o)
rcc_peripheral_disable_clock                      ../libopencm3/lib/libopencm3_stm32l4.a(rcc_common_all.o)
rcc_peripheral_enable_clock                       ../libopencm3/lib/libopencm3_stm32l4.a(rcc_common_all.o)
rcc_peripheral_reset                              ../libopencm3/lib/libopencm3_stm32l4.a(rcc_common_all.o)
rcc_pll_output_enable                             ../libopencm3/lib/libopencm3_stm32l4.a(rcc.o)
rcc_set_clock48_source                            ../libopencm3/lib/libopencm3_stm32l4.a(rcc.o)
rcc_set_hpre                                      ../libopencm3/lib/libopencm3_stm32l4.a(rcc.o)
rcc_set_main_pll                                  ../libopencm3/lib/libopencm3_stm32l4.a(rcc.o)
rcc_set_mco                                       ../libopencm3/lib/libopencm3_stm32l4.a(rcc_common_all.o)
rcc_set_msi_range                                 ../libopencm3/lib/libopencm3_stm32l4.a(rcc.o)
rcc_set_msi_range_standby                         ../libopencm3/lib/libopencm3_stm32l4.a(rcc.o)
rcc_set_pll_source                                ../libopencm3/lib/libopencm3_stm32l4.a(rcc.o)
rcc_set_ppre1                                     ../libopencm3/lib/libopencm3_stm32l4.a(rcc.o)
rcc_set_ppre2                                     ../libopencm3/lib/libopencm3_stm32l4.a(rcc.o)
rcc_set_rtc_clock_source                          ../libopencm3/lib/libopencm3_stm32l4.a(rcc.o)
rcc_set_sysclk_source                             ../libopencm3/lib/libopencm3_stm32l4.a(rcc.o)
rcc_system_clock_source                           ../libopencm3/lib/libopencm3_stm32l4.a(rcc.o)
rcc_wait_for_osc_ready                            ../libopencm3/lib/libopencm3_stm32l4.a(rcc.o)
rcc_wait_for_sysclk_status                        ../libopencm3/lib/libopencm3_stm32l4.a(rcc.o)
reset_handler                                     ../libopencm3/lib/libopencm3_stm32l4.a(vector.o)
rng_isr                                           ../libopencm3/lib/libopencm3_stm32l4.a(vector.o)
rtc_alarm_isr                                     ../libopencm3/lib/libopencm3_stm32l4.a(vector.o)
rtc_wkup_isr                                      ../libopencm3/lib/libopencm3_stm32l4.a(vector.o)
sai1_isr                                          ../libopencm3/lib/libopencm3_stm32l4.a(vector.o)
sai2_isr                                          ../libopencm3/lib/libopencm3_stm32l4.a(vector.o)
sdmmc1_isr                                        ../libopencm3/lib/libopencm3_stm32l4.a(vector.o)
spi1_isr                                          ../libopencm3/lib/libopencm3_stm32l4.a(vector.o)
spi2_isr                                          ../libopencm3/lib/libopencm3_stm32l4.a(vector.o)
spi3_isr                                          ../libopencm3/lib/libopencm3_stm32l4.a(vector.o)
sv_call_handler                                   ../libopencm3/lib/libopencm3_stm32l4.a(vector.o)
swpmi1_isr                                        ../libopencm3/lib/libopencm3_stm32l4.a(vector.o)
sys_tick_handler                                  src/core/system.o
system_get_ticks                                  src/core/system.o
                                                  src/firmware.o
system_setup                                      src/core/system.o
                                                  src/firmware.o
systick_clear                                     ../libopencm3/lib/libopencm3_stm32l4.a(systick.o)
systick_counter_disable                           ../libopencm3/lib/libopencm3_stm32l4.a(systick.o)
systick_counter_enable                            ../libopencm3/lib/libopencm3_stm32l4.a(systick.o)
                                                  src/core/system.o
systick_get_calib                                 ../libopencm3/lib/libopencm3_stm32l4.a(systick.o)
systick_get_countflag                             ../libopencm3/lib/libopencm3_stm32l4.a(systick.o)
systick_get_reload                                ../libopencm3/lib/libopencm3_stm32l4.a(systick.o)
systick_get_value                                 ../libopencm3/lib/libopencm3_stm32l4.a(systick.o)
systick_interrupt_disable                         ../libopencm3/lib/libopencm3_stm32l4.a(systick.o)
systick_interrupt_enable                          ../libopencm3/lib/libopencm3_stm32l4.a(systick.o)
                                                  src/core/system.o
systick_set_clocksource                           ../libopencm3/lib/libopencm3_stm32l4.a(systick.o)
systick_set_frequency                             ../libopencm3/lib/libopencm3_stm32l4.a(systick.o)
                                                  src/core/system.o
systick_set_reload                                ../libopencm3/lib/libopencm3_stm32l4.a(systick.o)
tamp_stamp_isr                                    ../libopencm3/lib/libopencm3_stm32l4.a(vector.o)
tim1_brk_tim15_isr                                ../libopencm3/lib/libopencm3_stm32l4.a(vector.o)
tim1_cc_isr                                       ../libopencm3/lib/libopencm3_stm32l4.a(vector.o)
tim1_trg_com_tim17_isr                            ../libopencm3/lib/libopencm3_stm32l4.a(vector.o)
tim1_up_tim16_isr                                 ../libopencm3/lib/libopencm3_stm32l4.a(vector.o)
tim2_isr                                          ../libopencm3/lib/libopencm3_stm32l4.a(vector.o)
tim3_isr                                          ../libopencm3/lib/libopencm3_stm32l4.a(vector.o)
tim4_isr                                          ../libopencm3/lib/libopencm3_stm32l4.a(vector.o)
tim5_isr                                          ../libopencm3/lib/libopencm3_stm32l4.a(vector.o)
tim6_dacunder_isr                                 ../libopencm3/lib/libopencm3_stm32l4.a(vector.o)
tim7_isr                                          ../libopencm3/lib/libopencm3_stm32l4.a(vector.o)
tim8_brk_isr                                      ../libopencm3/lib/libopencm3_stm32l4.a(vector.o)
tim8_cc_isr                                       ../libopencm3/lib/libopencm3_stm32l4.a(vector.o)
tim8_trg_com_isr                                  ../libopencm3/lib/libopencm3_stm32l4.a(vector.o)
tim8_up_isr                                       ../libopencm3/lib/libopencm3_stm32l4.a(vector.o)
timer_clear_flag                                  ../libopencm3/lib/libopencm3_stm32l4.a(timer_common_all.o)
timer_continuous_mode                             ../libopencm3/lib/libopencm3_stm32l4.a(timer_common_all.o)
timer_direction_down                              ../libopencm3/lib/libopencm3_stm32l4.a(timer_common_all.o)
timer_direction_up                                ../libopencm3/lib/libopencm3_stm32l4.a(timer_common_all.o)
timer_disable_break                               ../libopencm3/lib/libopencm3_stm32l4.a(timer_common_all.o)
timer_disable_break_automatic_output              ../libopencm3/lib/libopencm3_stm32l4.a(timer_common_all.o)
timer_disable_break_main_output                   ../libopencm3/lib/libopencm3_stm32l4.a(timer_common_all.o)
timer_disable_compare_control_update_on_trigger   ../libopencm3/lib/libopencm3_stm32l4.a(timer_common_all.o)
timer_disable_counter                             ../libopencm3/lib/libopencm3_stm32l4.a(timer_common_all.o)
timer_disable_irq                                 ../libopencm3/lib/libopencm3_stm32l4.a(timer_common_all.o)
timer_disable_oc_clear                            ../libopencm3/lib/libopencm3_stm32l4.a(timer_common_all.o)
timer_disable_oc_output                           ../libopencm3/lib/libopencm3_stm32l4.a(timer_common_all.o)
timer_disable_oc_preload                          ../libopencm3/lib/libopencm3_stm32l4.a(timer_common_all.o)
timer_disable_preload                             ../libopencm3/lib/libopencm3_stm32l4.a(timer_common_all.o)
timer_disable_preload_complementry_enable_bits    ../libopencm3/lib/libopencm3_stm32l4.a(timer_common_all.o)
timer_disable_update_event                        ../libopencm3/lib/libopencm3_stm32l4.a(timer_common_all.o)
timer_enable_break                                ../libopencm3/lib/libopencm3_stm32l4.a(timer_common_all.o)
timer_enable_break_automatic_output               ../libopencm3/lib/libopencm3_stm32l4.a(timer_common_all.o)
timer_enable_break_main_output                    ../libopencm3/lib/libopencm3_stm32l4.a(timer_common_all.o)
timer_enable_compare_control_update_on_trigger    ../libopencm3/lib/libopencm3_stm32l4.a(timer_common_all.o)
timer_enable_counter                              ../libopencm3/lib/libopencm3_stm32l4.a(timer_common_all.o)
                                                  src/core/timer.o
timer_enable_irq                                  ../libopencm3/lib/libopencm3_stm32l4.a(timer_common_all.o)
timer_enable_oc_clear                             ../libopencm3/lib/libopencm3_stm32l4.a(timer_common_all.o)
timer_enable_oc_output                            ../libopencm3/lib/libopencm3_stm32l4.a(timer_common_all.o)
                                                  src/core/timer.o
timer_enable_oc_preload                           ../libopencm3/lib/libopencm3_stm32l4.a(timer_common_all.o)
timer_enable_preload                              ../libopencm3/lib/libopencm3_stm32l4.a(timer_common_all.o)
timer_enable_preload_complementry_enable_bits     ../libopencm3/lib/libopencm3_stm32l4.a(timer_common_all.o)
timer_enable_update_event                         ../libopencm3/lib/libopencm3_stm32l4.a(timer_common_all.o)
timer_generate_event                              ../libopencm3/lib/libopencm3_stm32l4.a(timer_common_all.o)
timer_get_counter                                 ../libopencm3/lib/libopencm3_stm32l4.a(timer_common_all.o)
timer_get_flag                                    ../libopencm3/lib/libopencm3_stm32l4.a(timer_common_all.o)
timer_ic_disable                                  ../libopencm3/lib/libopencm3_stm32l4.a(timer_common_all.o)
timer_ic_enable                                   ../libopencm3/lib/libopencm3_stm32l4.a(timer_common_all.o)
timer_ic_set_filter                               ../libopencm3/lib/libopencm3_stm32l4.a(timer_common_all.o)
timer_ic_set_input                                ../libopencm3/lib/libopencm3_stm32l4.a(timer_common_all.o)
timer_ic_set_prescaler                            ../libopencm3/lib/libopencm3_stm32l4.a(timer_common_all.o)
timer_interrupt_source                            ../libopencm3/lib/libopencm3_stm32l4.a(timer_common_all.o)
timer_one_shot_mode                               ../libopencm3/lib/libopencm3_stm32l4.a(timer_common_all.o)
timer_pwm_set_duty_cycle                          src/core/timer.o
                                                  src/firmware.o
timer_reset_output_idle_state                     ../libopencm3/lib/libopencm3_stm32l4.a(timer_common_all.o)
timer_set_alignment                               ../libopencm3/lib/libopencm3_stm32l4.a(timer_common_all.o)
timer_set_break_lock                              ../libopencm3/lib/libopencm3_stm32l4.a(timer_common_all.o)
timer_set_break_polarity_high                     ../libopencm3/lib/libopencm3_stm32l4.a(timer_common_all.o)
timer_set_break_polarity_low                      ../libopencm3/lib/libopencm3_stm32l4.a(timer_common_all.o)
timer_set_clock_division                          ../libopencm3/lib/libopencm3_stm32l4.a(timer_common_all.o)
timer_set_counter                                 ../libopencm3/lib/libopencm3_stm32l4.a(timer_common_all.o)
timer_set_deadtime                                ../libopencm3/lib/libopencm3_stm32l4.a(timer_common_all.o)
timer_set_disabled_off_state_in_idle_mode         ../libopencm3/lib/libopencm3_stm32l4.a(timer_common_all.o)
timer_set_disabled_off_state_in_run_mode          ../libopencm3/lib/libopencm3_stm32l4.a(timer_common_all.o)
timer_set_dma_on_compare_event                    ../libopencm3/lib/libopencm3_stm32l4.a(timer_common_all.o)
timer_set_dma_on_update_event                     ../libopencm3/lib/libopencm3_stm32l4.a(timer_common_all.o)
timer_set_enabled_off_state_in_idle_mode          ../libopencm3/lib/libopencm3_stm32l4.a(timer_common_all.o)
timer_set_enabled_off_state_in_run_mode           ../libopencm3/lib/libopencm3_stm32l4.a(timer_common_all.o)
timer_set_master_mode                             ../libopencm3/lib/libopencm3_stm32l4.a(timer_common_all.o)
timer_set_mode                                    ../libopencm3/lib/libopencm3_stm32l4.a(timer_common_all.o)
                                                  src/core/timer.o
timer_set_oc_fast_mode                            ../libopencm3/lib/libopencm3_stm32l4.a(timer_common_all.o)
timer_set_oc_idle_state_set                       ../libopencm3/lib/libopencm3_stm32l4.a(timer_common_all.o)
timer_set_oc_idle_state_unset                     ../libopencm3/lib/libopencm3_stm32l4.a(timer_common_all.o)
timer_set_oc_mode                                 ../libopencm3/lib/libopencm3_stm32l4.a(timer_common_all.o)
                                                  src/core/timer.o
timer_set_oc_polarity_high                        ../libopencm3/lib/libopencm3_stm32l4.a(timer_common_all.o)
timer_set_oc_polarity_low                         ../libopencm3/lib/libopencm3_stm32l4.a(timer_common_all.o)
timer_set_oc_slow_mode                            ../libopencm3/lib/libopencm3_stm32l4.a(timer_common_all.o)
timer_set_oc_value                                ../libopencm3/lib/libopencm3_stm32l4.a(timer_common_all.o)
                                                  src/core/timer.o
timer_set_output_idle_state                       ../libopencm3/lib/libopencm3_stm32l4.a(timer_common_all.o)
timer_set_period                                  ../libopencm3/lib/libopencm3_stm32l4.a(timer_common_all.o)
                                                  src/core/timer.o
timer_set_prescaler                               ../libopencm3/lib/libopencm3_stm32l4.a(timer_common_all.o)
                                                  src/core/timer.o
timer_set_repetition_counter                      ../libopencm3/lib/libopencm3_stm32l4.a(timer_common_all.o)
timer_set_ti1_ch1                                 ../libopencm3/lib/libopencm3_stm32l4.a(timer_common_all.o)
timer_set_ti1_ch123_xor                           ../libopencm3/lib/libopencm3_stm32l4.a(timer_common_all.o)
timer_setup                                       src/core/timer.o
                                                  src/firmware.o
timer_slave_set_extclockmode2                     ../libopencm3/lib/libopencm3_stm32l4.a(timer_common_all.o)
timer_slave_set_filter                            ../libopencm3/lib/libopencm3_stm32l4.a(timer_common_all.o)
timer_slave_set_mode                              ../libopencm3/lib/libopencm3_stm32l4.a(timer_common_all.o)
timer_slave_set_polarity                          ../libopencm3/lib/libopencm3_stm32l4.a(timer_common_all.o)
timer_slave_set_prescaler                         ../libopencm3/lib/libopencm3_stm32l4.a(timer_common_all.o)
timer_slave_set_trigger                           ../libopencm3/lib/libopencm3_stm32l4.a(timer_common_all.o)
timer_update_on_any                               ../libopencm3/lib/libopencm3_stm32l4.a(timer_common_all.o)
timer_update_on_overflow                          ../libopencm3/lib/libopencm3_stm32l4.a(timer_common_all.o)
tsc_isr                                           ../libopencm3/lib/libopencm3_stm32l4.a(vector.o)
uart4_isr                                         ../libopencm3/lib/libopencm3_stm32l4.a(vector.o)
uart5_isr                                         ../libopencm3/lib/libopencm3_stm32l4.a(vector.o)
usage_fault_handler                               ../libopencm3/lib/libopencm3_stm32l4.a(vector.o)
usart1_isr                                        ../libopencm3/lib/libopencm3_stm32l4.a(vector.o)
usart2_isr                                        ../libopencm3/lib/libopencm3_stm32l4.a(vector.o)
usart3_isr                                        ../libopencm3/lib/libopencm3_stm32l4.a(vector.o)
vector_table                                      ../libopencm3/lib/libopencm3_stm32l4.a(vector.o)
wwdg_isr                                          ../libopencm3/lib/libopencm3_stm32l4.a(vector.o)
