Archive member included to satisfy reference by file (symbol)

../libopencm3/lib/libopencm3_stm32l4.a(gpio_common_all.o)
                              src/firmware.o (gpio_toggle)
../libopencm3/lib/libopencm3_stm32l4.a(gpio_common_f0234.o)
                              src/firmware.o (gpio_mode_setup)
../libopencm3/lib/libopencm3_stm32l4.a(rcc.o)
                              src/firmware.o (rcc_clock_setup_pll)
../libopencm3/lib/libopencm3_stm32l4.a(rcc_common_all.o)
                              src/firmware.o (rcc_periph_clock_enable)
../libopencm3/lib/libopencm3_stm32l4.a(vector.o)
                              (reset_handler)
../libopencm3/lib/libopencm3_stm32l4.a(systick.o)
                              src/firmware.o (systick_set_frequency)
../libopencm3/lib/libopencm3_stm32l4.a(flash_common_all.o)
                              ../libopencm3/lib/libopencm3_stm32l4.a(rcc.o) (flash_set_ws)
../libopencm3/lib/libopencm3_stm32l4.a(flash_common_idcache.o)
                              ../libopencm3/lib/libopencm3_stm32l4.a(rcc.o) (flash_dcache_enable)
../libopencm3/lib/libopencm3_stm32l4.a(pwr.o)
                              ../libopencm3/lib/libopencm3_stm32l4.a(rcc.o) (pwr_set_vos_scale)

Discarded input sections

 .group         0x0000000000000000        0xc src/firmware.o
 .group         0x0000000000000000        0xc src/firmware.o
 .group         0x0000000000000000        0xc src/firmware.o
 .group         0x0000000000000000        0xc src/firmware.o
 .group         0x0000000000000000        0xc src/firmware.o
 .group         0x0000000000000000        0xc src/firmware.o
 .group         0x0000000000000000        0xc src/firmware.o
 .group         0x0000000000000000        0xc src/firmware.o
 .group         0x0000000000000000        0xc src/firmware.o
 .group         0x0000000000000000        0xc src/firmware.o
 .group         0x0000000000000000        0xc src/firmware.o
 .group         0x0000000000000000        0xc src/firmware.o
 .group         0x0000000000000000        0xc src/firmware.o
 .group         0x0000000000000000        0xc src/firmware.o
 .group         0x0000000000000000        0xc src/firmware.o
 .group         0x0000000000000000        0xc src/firmware.o
 .text          0x0000000000000000        0x0 src/firmware.o
 .data          0x0000000000000000        0x0 src/firmware.o
 .bss           0x0000000000000000        0x0 src/firmware.o
 .group         0x0000000000000000        0xc ../libopencm3/lib/libopencm3_stm32l4.a(gpio_common_all.o)
 .group         0x0000000000000000        0xc ../libopencm3/lib/libopencm3_stm32l4.a(gpio_common_all.o)
 .group         0x0000000000000000        0xc ../libopencm3/lib/libopencm3_stm32l4.a(gpio_common_all.o)
 .group         0x0000000000000000        0xc ../libopencm3/lib/libopencm3_stm32l4.a(gpio_common_all.o)
 .group         0x0000000000000000        0xc ../libopencm3/lib/libopencm3_stm32l4.a(gpio_common_all.o)
 .group         0x0000000000000000        0xc ../libopencm3/lib/libopencm3_stm32l4.a(gpio_common_all.o)
 .group         0x0000000000000000        0xc ../libopencm3/lib/libopencm3_stm32l4.a(gpio_common_all.o)
 .group         0x0000000000000000        0xc ../libopencm3/lib/libopencm3_stm32l4.a(gpio_common_all.o)
 .group         0x0000000000000000        0xc ../libopencm3/lib/libopencm3_stm32l4.a(gpio_common_all.o)
 .group         0x0000000000000000        0xc ../libopencm3/lib/libopencm3_stm32l4.a(gpio_common_all.o)
 .group         0x0000000000000000        0xc ../libopencm3/lib/libopencm3_stm32l4.a(gpio_common_all.o)
 .text          0x0000000000000000        0x0 ../libopencm3/lib/libopencm3_stm32l4.a(gpio_common_all.o)
 .data          0x0000000000000000        0x0 ../libopencm3/lib/libopencm3_stm32l4.a(gpio_common_all.o)
 .bss           0x0000000000000000        0x0 ../libopencm3/lib/libopencm3_stm32l4.a(gpio_common_all.o)
 .text.gpio_set
                0x0000000000000000        0x4 ../libopencm3/lib/libopencm3_stm32l4.a(gpio_common_all.o)
 .text.gpio_clear
                0x0000000000000000        0x6 ../libopencm3/lib/libopencm3_stm32l4.a(gpio_common_all.o)
 .text.gpio_get
                0x0000000000000000        0x6 ../libopencm3/lib/libopencm3_stm32l4.a(gpio_common_all.o)
 .text.gpio_port_read
                0x0000000000000000        0x6 ../libopencm3/lib/libopencm3_stm32l4.a(gpio_common_all.o)
 .text.gpio_port_write
                0x0000000000000000        0x4 ../libopencm3/lib/libopencm3_stm32l4.a(gpio_common_all.o)
 .text.gpio_port_config_lock
                0x0000000000000000       0x10 ../libopencm3/lib/libopencm3_stm32l4.a(gpio_common_all.o)
 .debug_macro   0x0000000000000000      0xa6c ../libopencm3/lib/libopencm3_stm32l4.a(gpio_common_all.o)
 .debug_macro   0x0000000000000000       0x1c ../libopencm3/lib/libopencm3_stm32l4.a(gpio_common_all.o)
 .debug_macro   0x0000000000000000      0x34e ../libopencm3/lib/libopencm3_stm32l4.a(gpio_common_all.o)
 .debug_macro   0x0000000000000000       0x22 ../libopencm3/lib/libopencm3_stm32l4.a(gpio_common_all.o)
 .debug_macro   0x0000000000000000       0xe8 ../libopencm3/lib/libopencm3_stm32l4.a(gpio_common_all.o)
 .debug_macro   0x0000000000000000       0x76 ../libopencm3/lib/libopencm3_stm32l4.a(gpio_common_all.o)
 .debug_macro   0x0000000000000000      0x217 ../libopencm3/lib/libopencm3_stm32l4.a(gpio_common_all.o)
 .debug_macro   0x0000000000000000       0x76 ../libopencm3/lib/libopencm3_stm32l4.a(gpio_common_all.o)
 .debug_macro   0x0000000000000000      0x37e ../libopencm3/lib/libopencm3_stm32l4.a(gpio_common_all.o)
 .debug_macro   0x0000000000000000       0xca ../libopencm3/lib/libopencm3_stm32l4.a(gpio_common_all.o)
 .debug_macro   0x0000000000000000       0x88 ../libopencm3/lib/libopencm3_stm32l4.a(gpio_common_all.o)
 .group         0x0000000000000000        0xc ../libopencm3/lib/libopencm3_stm32l4.a(gpio_common_f0234.o)
 .group         0x0000000000000000        0xc ../libopencm3/lib/libopencm3_stm32l4.a(gpio_common_f0234.o)
 .group         0x0000000000000000        0xc ../libopencm3/lib/libopencm3_stm32l4.a(gpio_common_f0234.o)
 .group         0x0000000000000000        0xc ../libopencm3/lib/libopencm3_stm32l4.a(gpio_common_f0234.o)
 .group         0x0000000000000000        0xc ../libopencm3/lib/libopencm3_stm32l4.a(gpio_common_f0234.o)
 .group         0x0000000000000000        0xc ../libopencm3/lib/libopencm3_stm32l4.a(gpio_common_f0234.o)
 .group         0x0000000000000000        0xc ../libopencm3/lib/libopencm3_stm32l4.a(gpio_common_f0234.o)
 .group         0x0000000000000000        0xc ../libopencm3/lib/libopencm3_stm32l4.a(gpio_common_f0234.o)
 .group         0x0000000000000000        0xc ../libopencm3/lib/libopencm3_stm32l4.a(gpio_common_f0234.o)
 .group         0x0000000000000000        0xc ../libopencm3/lib/libopencm3_stm32l4.a(gpio_common_f0234.o)
 .group         0x0000000000000000        0xc ../libopencm3/lib/libopencm3_stm32l4.a(gpio_common_f0234.o)
 .text          0x0000000000000000        0x0 ../libopencm3/lib/libopencm3_stm32l4.a(gpio_common_f0234.o)
 .data          0x0000000000000000        0x0 ../libopencm3/lib/libopencm3_stm32l4.a(gpio_common_f0234.o)
 .bss           0x0000000000000000        0x0 ../libopencm3/lib/libopencm3_stm32l4.a(gpio_common_f0234.o)
 .text.gpio_set_output_options
                0x0000000000000000       0x36 ../libopencm3/lib/libopencm3_stm32l4.a(gpio_common_f0234.o)
 .text.gpio_set_af
                0x0000000000000000       0x58 ../libopencm3/lib/libopencm3_stm32l4.a(gpio_common_f0234.o)
 .debug_macro   0x0000000000000000      0xa6c ../libopencm3/lib/libopencm3_stm32l4.a(gpio_common_f0234.o)
 .debug_macro   0x0000000000000000       0x1c ../libopencm3/lib/libopencm3_stm32l4.a(gpio_common_f0234.o)
 .debug_macro   0x0000000000000000      0x34e ../libopencm3/lib/libopencm3_stm32l4.a(gpio_common_f0234.o)
 .debug_macro   0x0000000000000000       0x22 ../libopencm3/lib/libopencm3_stm32l4.a(gpio_common_f0234.o)
 .debug_macro   0x0000000000000000       0xe8 ../libopencm3/lib/libopencm3_stm32l4.a(gpio_common_f0234.o)
 .debug_macro   0x0000000000000000       0x76 ../libopencm3/lib/libopencm3_stm32l4.a(gpio_common_f0234.o)
 .debug_macro   0x0000000000000000      0x217 ../libopencm3/lib/libopencm3_stm32l4.a(gpio_common_f0234.o)
 .debug_macro   0x0000000000000000       0x76 ../libopencm3/lib/libopencm3_stm32l4.a(gpio_common_f0234.o)
 .debug_macro   0x0000000000000000      0x37e ../libopencm3/lib/libopencm3_stm32l4.a(gpio_common_f0234.o)
 .debug_macro   0x0000000000000000       0xca ../libopencm3/lib/libopencm3_stm32l4.a(gpio_common_f0234.o)
 .debug_macro   0x0000000000000000       0x88 ../libopencm3/lib/libopencm3_stm32l4.a(gpio_common_f0234.o)
 .group         0x0000000000000000        0xc ../libopencm3/lib/libopencm3_stm32l4.a(rcc.o)
 .group         0x0000000000000000        0xc ../libopencm3/lib/libopencm3_stm32l4.a(rcc.o)
 .group         0x0000000000000000        0xc ../libopencm3/lib/libopencm3_stm32l4.a(rcc.o)
 .group         0x0000000000000000        0xc ../libopencm3/lib/libopencm3_stm32l4.a(rcc.o)
 .group         0x0000000000000000        0xc ../libopencm3/lib/libopencm3_stm32l4.a(rcc.o)
 .group         0x0000000000000000        0xc ../libopencm3/lib/libopencm3_stm32l4.a(rcc.o)
 .group         0x0000000000000000        0xc ../libopencm3/lib/libopencm3_stm32l4.a(rcc.o)
 .group         0x0000000000000000        0xc ../libopencm3/lib/libopencm3_stm32l4.a(rcc.o)
 .group         0x0000000000000000        0xc ../libopencm3/lib/libopencm3_stm32l4.a(rcc.o)
 .group         0x0000000000000000        0xc ../libopencm3/lib/libopencm3_stm32l4.a(rcc.o)
 .group         0x0000000000000000        0xc ../libopencm3/lib/libopencm3_stm32l4.a(rcc.o)
 .group         0x0000000000000000        0xc ../libopencm3/lib/libopencm3_stm32l4.a(rcc.o)
 .text          0x0000000000000000        0x0 ../libopencm3/lib/libopencm3_stm32l4.a(rcc.o)
 .data          0x0000000000000000        0x0 ../libopencm3/lib/libopencm3_stm32l4.a(rcc.o)
 .bss           0x0000000000000000        0x0 ../libopencm3/lib/libopencm3_stm32l4.a(rcc.o)
 .text.rcc_uart_i2c_clksel_freq_hz
                0x0000000000000000       0x40 ../libopencm3/lib/libopencm3_stm32l4.a(rcc.o)
 .text.rcc_osc_ready_int_clear
                0x0000000000000000       0x5c ../libopencm3/lib/libopencm3_stm32l4.a(rcc.o)
 .text.rcc_osc_ready_int_enable
                0x0000000000000000       0x5c ../libopencm3/lib/libopencm3_stm32l4.a(rcc.o)
 .text.rcc_osc_ready_int_disable
                0x0000000000000000       0x5c ../libopencm3/lib/libopencm3_stm32l4.a(rcc.o)
 .text.rcc_osc_ready_int_flag
                0x0000000000000000       0x60 ../libopencm3/lib/libopencm3_stm32l4.a(rcc.o)
 .text.rcc_css_int_clear
                0x0000000000000000       0x10 ../libopencm3/lib/libopencm3_stm32l4.a(rcc.o)
 .text.rcc_css_int_flag
                0x0000000000000000       0x10 ../libopencm3/lib/libopencm3_stm32l4.a(rcc.o)
 .text.rcc_css_enable
                0x0000000000000000       0x10 ../libopencm3/lib/libopencm3_stm32l4.a(rcc.o)
 .text.rcc_css_disable
                0x0000000000000000       0x10 ../libopencm3/lib/libopencm3_stm32l4.a(rcc.o)
 .text.rcc_set_pll_source
                0x0000000000000000       0x14 ../libopencm3/lib/libopencm3_stm32l4.a(rcc.o)
 .text.rcc_system_clock_source
                0x0000000000000000       0x10 ../libopencm3/lib/libopencm3_stm32l4.a(rcc.o)
 .text.rcc_set_msi_range
                0x0000000000000000       0x18 ../libopencm3/lib/libopencm3_stm32l4.a(rcc.o)
 .text.rcc_set_msi_range_standby
                0x0000000000000000       0x18 ../libopencm3/lib/libopencm3_stm32l4.a(rcc.o)
 .text.rcc_pll_output_enable
                0x0000000000000000       0x10 ../libopencm3/lib/libopencm3_stm32l4.a(rcc.o)
 .text.rcc_set_clock48_source
                0x0000000000000000       0x20 ../libopencm3/lib/libopencm3_stm32l4.a(rcc.o)
 .text.rcc_enable_rtc_clock
                0x0000000000000000       0x14 ../libopencm3/lib/libopencm3_stm32l4.a(rcc.o)
 .text.rcc_disable_rtc_clock
                0x0000000000000000       0x14 ../libopencm3/lib/libopencm3_stm32l4.a(rcc.o)
 .text.rcc_set_rtc_clock_source
                0x0000000000000000       0x40 ../libopencm3/lib/libopencm3_stm32l4.a(rcc.o)
 .text.rcc_get_usart_clk_freq
                0x0000000000000000       0x78 ../libopencm3/lib/libopencm3_stm32l4.a(rcc.o)
 .text.rcc_get_timer_clk_freq
                0x0000000000000000       0x6c ../libopencm3/lib/libopencm3_stm32l4.a(rcc.o)
 .text.rcc_get_i2c_clk_freq
                0x0000000000000000       0x4c ../libopencm3/lib/libopencm3_stm32l4.a(rcc.o)
 .text.rcc_get_spi_clk_freq
                0x0000000000000000       0x1c ../libopencm3/lib/libopencm3_stm32l4.a(rcc.o)
 .rodata.CSWTCH.47
                0x0000000000000000        0xc ../libopencm3/lib/libopencm3_stm32l4.a(rcc.o)
 .debug_macro   0x0000000000000000      0xa6c ../libopencm3/lib/libopencm3_stm32l4.a(rcc.o)
 .debug_macro   0x0000000000000000       0x1c ../libopencm3/lib/libopencm3_stm32l4.a(rcc.o)
 .debug_macro   0x0000000000000000      0x34e ../libopencm3/lib/libopencm3_stm32l4.a(rcc.o)
 .debug_macro   0x0000000000000000       0x22 ../libopencm3/lib/libopencm3_stm32l4.a(rcc.o)
 .debug_macro   0x0000000000000000       0xe8 ../libopencm3/lib/libopencm3_stm32l4.a(rcc.o)
 .debug_macro   0x0000000000000000       0x76 ../libopencm3/lib/libopencm3_stm32l4.a(rcc.o)
 .debug_macro   0x0000000000000000      0x217 ../libopencm3/lib/libopencm3_stm32l4.a(rcc.o)
 .debug_macro   0x0000000000000000      0x215 ../libopencm3/lib/libopencm3_stm32l4.a(rcc.o)
 .debug_macro   0x0000000000000000      0xcc1 ../libopencm3/lib/libopencm3_stm32l4.a(rcc.o)
 .group         0x0000000000000000        0xc ../libopencm3/lib/libopencm3_stm32l4.a(rcc_common_all.o)
 .group         0x0000000000000000        0xc ../libopencm3/lib/libopencm3_stm32l4.a(rcc_common_all.o)
 .group         0x0000000000000000        0xc ../libopencm3/lib/libopencm3_stm32l4.a(rcc_common_all.o)
 .group         0x0000000000000000        0xc ../libopencm3/lib/libopencm3_stm32l4.a(rcc_common_all.o)
 .group         0x0000000000000000        0xc ../libopencm3/lib/libopencm3_stm32l4.a(rcc_common_all.o)
 .group         0x0000000000000000        0xc ../libopencm3/lib/libopencm3_stm32l4.a(rcc_common_all.o)
 .group         0x0000000000000000        0xc ../libopencm3/lib/libopencm3_stm32l4.a(rcc_common_all.o)
 .group         0x0000000000000000        0xc ../libopencm3/lib/libopencm3_stm32l4.a(rcc_common_all.o)
 .group         0x0000000000000000        0xc ../libopencm3/lib/libopencm3_stm32l4.a(rcc_common_all.o)
 .text          0x0000000000000000        0x0 ../libopencm3/lib/libopencm3_stm32l4.a(rcc_common_all.o)
 .data          0x0000000000000000        0x0 ../libopencm3/lib/libopencm3_stm32l4.a(rcc_common_all.o)
 .bss           0x0000000000000000        0x0 ../libopencm3/lib/libopencm3_stm32l4.a(rcc_common_all.o)
 .text.rcc_peripheral_enable_clock
                0x0000000000000000        0x8 ../libopencm3/lib/libopencm3_stm32l4.a(rcc_common_all.o)
 .text.rcc_peripheral_disable_clock
                0x0000000000000000        0xa ../libopencm3/lib/libopencm3_stm32l4.a(rcc_common_all.o)
 .text.rcc_peripheral_reset
                0x0000000000000000        0x8 ../libopencm3/lib/libopencm3_stm32l4.a(rcc_common_all.o)
 .text.rcc_peripheral_clear_reset
                0x0000000000000000        0xa ../libopencm3/lib/libopencm3_stm32l4.a(rcc_common_all.o)
 .text.rcc_periph_clock_disable
                0x0000000000000000       0x1e ../libopencm3/lib/libopencm3_stm32l4.a(rcc_common_all.o)
 .text.rcc_periph_reset_pulse
                0x0000000000000000       0x24 ../libopencm3/lib/libopencm3_stm32l4.a(rcc_common_all.o)
 .text.rcc_periph_reset_hold
                0x0000000000000000        0x4 ../libopencm3/lib/libopencm3_stm32l4.a(rcc_common_all.o)
 .text.rcc_periph_reset_release
                0x0000000000000000        0x4 ../libopencm3/lib/libopencm3_stm32l4.a(rcc_common_all.o)
 .text.rcc_set_mco
                0x0000000000000000       0x14 ../libopencm3/lib/libopencm3_stm32l4.a(rcc_common_all.o)
 .text.rcc_osc_bypass_enable
                0x0000000000000000       0x2c ../libopencm3/lib/libopencm3_stm32l4.a(rcc_common_all.o)
 .text.rcc_osc_bypass_disable
                0x0000000000000000       0x2c ../libopencm3/lib/libopencm3_stm32l4.a(rcc_common_all.o)
 .text.rcc_get_div_from_hpre
                0x0000000000000000       0x1c ../libopencm3/lib/libopencm3_stm32l4.a(rcc_common_all.o)
 .debug_macro   0x0000000000000000      0xa6c ../libopencm3/lib/libopencm3_stm32l4.a(rcc_common_all.o)
 .debug_macro   0x0000000000000000       0x1c ../libopencm3/lib/libopencm3_stm32l4.a(rcc_common_all.o)
 .debug_macro   0x0000000000000000      0x34e ../libopencm3/lib/libopencm3_stm32l4.a(rcc_common_all.o)
 .debug_macro   0x0000000000000000       0x22 ../libopencm3/lib/libopencm3_stm32l4.a(rcc_common_all.o)
 .debug_macro   0x0000000000000000       0xe8 ../libopencm3/lib/libopencm3_stm32l4.a(rcc_common_all.o)
 .debug_macro   0x0000000000000000       0x76 ../libopencm3/lib/libopencm3_stm32l4.a(rcc_common_all.o)
 .debug_macro   0x0000000000000000      0x217 ../libopencm3/lib/libopencm3_stm32l4.a(rcc_common_all.o)
 .debug_macro   0x0000000000000000      0x215 ../libopencm3/lib/libopencm3_stm32l4.a(rcc_common_all.o)
 .debug_macro   0x0000000000000000      0xcc1 ../libopencm3/lib/libopencm3_stm32l4.a(rcc_common_all.o)
 .group         0x0000000000000000        0xc ../libopencm3/lib/libopencm3_stm32l4.a(vector.o)
 .group         0x0000000000000000        0xc ../libopencm3/lib/libopencm3_stm32l4.a(vector.o)
 .group         0x0000000000000000        0xc ../libopencm3/lib/libopencm3_stm32l4.a(vector.o)
 .group         0x0000000000000000        0xc ../libopencm3/lib/libopencm3_stm32l4.a(vector.o)
 .group         0x0000000000000000        0xc ../libopencm3/lib/libopencm3_stm32l4.a(vector.o)
 .group         0x0000000000000000        0xc ../libopencm3/lib/libopencm3_stm32l4.a(vector.o)
 .group         0x0000000000000000        0xc ../libopencm3/lib/libopencm3_stm32l4.a(vector.o)
 .group         0x0000000000000000        0xc ../libopencm3/lib/libopencm3_stm32l4.a(vector.o)
 .group         0x0000000000000000        0xc ../libopencm3/lib/libopencm3_stm32l4.a(vector.o)
 .text          0x0000000000000000        0x0 ../libopencm3/lib/libopencm3_stm32l4.a(vector.o)
 .data          0x0000000000000000        0x0 ../libopencm3/lib/libopencm3_stm32l4.a(vector.o)
 .bss           0x0000000000000000        0x0 ../libopencm3/lib/libopencm3_stm32l4.a(vector.o)
 .debug_macro   0x0000000000000000      0xa6c ../libopencm3/lib/libopencm3_stm32l4.a(vector.o)
 .debug_macro   0x0000000000000000       0x76 ../libopencm3/lib/libopencm3_stm32l4.a(vector.o)
 .debug_macro   0x0000000000000000       0x1c ../libopencm3/lib/libopencm3_stm32l4.a(vector.o)
 .debug_macro   0x0000000000000000      0x34e ../libopencm3/lib/libopencm3_stm32l4.a(vector.o)
 .debug_macro   0x0000000000000000       0x22 ../libopencm3/lib/libopencm3_stm32l4.a(vector.o)
 .debug_macro   0x0000000000000000       0xe8 ../libopencm3/lib/libopencm3_stm32l4.a(vector.o)
 .debug_macro   0x0000000000000000       0x6e ../libopencm3/lib/libopencm3_stm32l4.a(vector.o)
 .debug_macro   0x0000000000000000      0x22c ../libopencm3/lib/libopencm3_stm32l4.a(vector.o)
 .group         0x0000000000000000        0xc ../libopencm3/lib/libopencm3_stm32l4.a(systick.o)
 .group         0x0000000000000000        0xc ../libopencm3/lib/libopencm3_stm32l4.a(systick.o)
 .group         0x0000000000000000        0xc ../libopencm3/lib/libopencm3_stm32l4.a(systick.o)
 .group         0x0000000000000000        0xc ../libopencm3/lib/libopencm3_stm32l4.a(systick.o)
 .group         0x0000000000000000        0xc ../libopencm3/lib/libopencm3_stm32l4.a(systick.o)
 .group         0x0000000000000000        0xc ../libopencm3/lib/libopencm3_stm32l4.a(systick.o)
 .group         0x0000000000000000        0xc ../libopencm3/lib/libopencm3_stm32l4.a(systick.o)
 .text          0x0000000000000000        0x0 ../libopencm3/lib/libopencm3_stm32l4.a(systick.o)
 .data          0x0000000000000000        0x0 ../libopencm3/lib/libopencm3_stm32l4.a(systick.o)
 .bss           0x0000000000000000        0x0 ../libopencm3/lib/libopencm3_stm32l4.a(systick.o)
 .text.systick_set_reload
                0x0000000000000000        0xc ../libopencm3/lib/libopencm3_stm32l4.a(systick.o)
 .text.systick_get_reload
                0x0000000000000000        0xc ../libopencm3/lib/libopencm3_stm32l4.a(systick.o)
 .text.systick_get_value
                0x0000000000000000        0xc ../libopencm3/lib/libopencm3_stm32l4.a(systick.o)
 .text.systick_interrupt_disable
                0x0000000000000000        0xe ../libopencm3/lib/libopencm3_stm32l4.a(systick.o)
 .text.systick_counter_disable
                0x0000000000000000        0xe ../libopencm3/lib/libopencm3_stm32l4.a(systick.o)
 .text.systick_get_countflag
                0x0000000000000000        0xc ../libopencm3/lib/libopencm3_stm32l4.a(systick.o)
 .text.systick_clear
                0x0000000000000000        0xa ../libopencm3/lib/libopencm3_stm32l4.a(systick.o)
 .text.systick_get_calib
                0x0000000000000000        0xc ../libopencm3/lib/libopencm3_stm32l4.a(systick.o)
 .debug_macro   0x0000000000000000      0xa6c ../libopencm3/lib/libopencm3_stm32l4.a(systick.o)
 .debug_macro   0x0000000000000000       0x76 ../libopencm3/lib/libopencm3_stm32l4.a(systick.o)
 .debug_macro   0x0000000000000000       0x1c ../libopencm3/lib/libopencm3_stm32l4.a(systick.o)
 .debug_macro   0x0000000000000000      0x34e ../libopencm3/lib/libopencm3_stm32l4.a(systick.o)
 .debug_macro   0x0000000000000000       0x22 ../libopencm3/lib/libopencm3_stm32l4.a(systick.o)
 .debug_macro   0x0000000000000000       0xe8 ../libopencm3/lib/libopencm3_stm32l4.a(systick.o)
 .group         0x0000000000000000        0xc ../libopencm3/lib/libopencm3_stm32l4.a(flash_common_all.o)
 .group         0x0000000000000000        0xc ../libopencm3/lib/libopencm3_stm32l4.a(flash_common_all.o)
 .group         0x0000000000000000        0xc ../libopencm3/lib/libopencm3_stm32l4.a(flash_common_all.o)
 .group         0x0000000000000000        0xc ../libopencm3/lib/libopencm3_stm32l4.a(flash_common_all.o)
 .group         0x0000000000000000        0xc ../libopencm3/lib/libopencm3_stm32l4.a(flash_common_all.o)
 .group         0x0000000000000000        0xc ../libopencm3/lib/libopencm3_stm32l4.a(flash_common_all.o)
 .group         0x0000000000000000        0xc ../libopencm3/lib/libopencm3_stm32l4.a(flash_common_all.o)
 .group         0x0000000000000000        0xc ../libopencm3/lib/libopencm3_stm32l4.a(flash_common_all.o)
 .group         0x0000000000000000        0xc ../libopencm3/lib/libopencm3_stm32l4.a(flash_common_all.o)
 .text          0x0000000000000000        0x0 ../libopencm3/lib/libopencm3_stm32l4.a(flash_common_all.o)
 .data          0x0000000000000000        0x0 ../libopencm3/lib/libopencm3_stm32l4.a(flash_common_all.o)
 .bss           0x0000000000000000        0x0 ../libopencm3/lib/libopencm3_stm32l4.a(flash_common_all.o)
 .text.flash_prefetch_enable
                0x0000000000000000       0x10 ../libopencm3/lib/libopencm3_stm32l4.a(flash_common_all.o)
 .text.flash_prefetch_disable
                0x0000000000000000       0x10 ../libopencm3/lib/libopencm3_stm32l4.a(flash_common_all.o)
 .text.flash_unlock_option_bytes
                0x0000000000000000       0x18 ../libopencm3/lib/libopencm3_stm32l4.a(flash_common_all.o)
 .debug_macro   0x0000000000000000      0xa6c ../libopencm3/lib/libopencm3_stm32l4.a(flash_common_all.o)
 .debug_macro   0x0000000000000000       0x1c ../libopencm3/lib/libopencm3_stm32l4.a(flash_common_all.o)
 .debug_macro   0x0000000000000000      0x34e ../libopencm3/lib/libopencm3_stm32l4.a(flash_common_all.o)
 .debug_macro   0x0000000000000000       0x22 ../libopencm3/lib/libopencm3_stm32l4.a(flash_common_all.o)
 .debug_macro   0x0000000000000000       0xe8 ../libopencm3/lib/libopencm3_stm32l4.a(flash_common_all.o)
 .debug_macro   0x0000000000000000       0x76 ../libopencm3/lib/libopencm3_stm32l4.a(flash_common_all.o)
 .debug_macro   0x0000000000000000      0x217 ../libopencm3/lib/libopencm3_stm32l4.a(flash_common_all.o)
 .debug_macro   0x0000000000000000       0x1c ../libopencm3/lib/libopencm3_stm32l4.a(flash_common_all.o)
 .debug_macro   0x0000000000000000      0x2f3 ../libopencm3/lib/libopencm3_stm32l4.a(flash_common_all.o)
 .group         0x0000000000000000        0xc ../libopencm3/lib/libopencm3_stm32l4.a(flash_common_idcache.o)
 .group         0x0000000000000000        0xc ../libopencm3/lib/libopencm3_stm32l4.a(flash_common_idcache.o)
 .group         0x0000000000000000        0xc ../libopencm3/lib/libopencm3_stm32l4.a(flash_common_idcache.o)
 .group         0x0000000000000000        0xc ../libopencm3/lib/libopencm3_stm32l4.a(flash_common_idcache.o)
 .group         0x0000000000000000        0xc ../libopencm3/lib/libopencm3_stm32l4.a(flash_common_idcache.o)
 .group         0x0000000000000000        0xc ../libopencm3/lib/libopencm3_stm32l4.a(flash_common_idcache.o)
 .group         0x0000000000000000        0xc ../libopencm3/lib/libopencm3_stm32l4.a(flash_common_idcache.o)
 .group         0x0000000000000000        0xc ../libopencm3/lib/libopencm3_stm32l4.a(flash_common_idcache.o)
 .group         0x0000000000000000        0xc ../libopencm3/lib/libopencm3_stm32l4.a(flash_common_idcache.o)
 .text          0x0000000000000000        0x0 ../libopencm3/lib/libopencm3_stm32l4.a(flash_common_idcache.o)
 .data          0x0000000000000000        0x0 ../libopencm3/lib/libopencm3_stm32l4.a(flash_common_idcache.o)
 .bss           0x0000000000000000        0x0 ../libopencm3/lib/libopencm3_stm32l4.a(flash_common_idcache.o)
 .text.flash_dcache_reset
                0x0000000000000000       0x10 ../libopencm3/lib/libopencm3_stm32l4.a(flash_common_idcache.o)
 .text.flash_icache_reset
                0x0000000000000000       0x10 ../libopencm3/lib/libopencm3_stm32l4.a(flash_common_idcache.o)
 .debug_macro   0x0000000000000000      0xa6c ../libopencm3/lib/libopencm3_stm32l4.a(flash_common_idcache.o)
 .debug_macro   0x0000000000000000       0x1c ../libopencm3/lib/libopencm3_stm32l4.a(flash_common_idcache.o)
 .debug_macro   0x0000000000000000      0x34e ../libopencm3/lib/libopencm3_stm32l4.a(flash_common_idcache.o)
 .debug_macro   0x0000000000000000       0x22 ../libopencm3/lib/libopencm3_stm32l4.a(flash_common_idcache.o)
 .debug_macro   0x0000000000000000       0xe8 ../libopencm3/lib/libopencm3_stm32l4.a(flash_common_idcache.o)
 .debug_macro   0x0000000000000000       0x76 ../libopencm3/lib/libopencm3_stm32l4.a(flash_common_idcache.o)
 .debug_macro   0x0000000000000000      0x217 ../libopencm3/lib/libopencm3_stm32l4.a(flash_common_idcache.o)
 .debug_macro   0x0000000000000000       0x1c ../libopencm3/lib/libopencm3_stm32l4.a(flash_common_idcache.o)
 .debug_macro   0x0000000000000000      0x2f3 ../libopencm3/lib/libopencm3_stm32l4.a(flash_common_idcache.o)
 .group         0x0000000000000000        0xc ../libopencm3/lib/libopencm3_stm32l4.a(pwr.o)
 .group         0x0000000000000000        0xc ../libopencm3/lib/libopencm3_stm32l4.a(pwr.o)
 .group         0x0000000000000000        0xc ../libopencm3/lib/libopencm3_stm32l4.a(pwr.o)
 .group         0x0000000000000000        0xc ../libopencm3/lib/libopencm3_stm32l4.a(pwr.o)
 .group         0x0000000000000000        0xc ../libopencm3/lib/libopencm3_stm32l4.a(pwr.o)
 .group         0x0000000000000000        0xc ../libopencm3/lib/libopencm3_stm32l4.a(pwr.o)
 .group         0x0000000000000000        0xc ../libopencm3/lib/libopencm3_stm32l4.a(pwr.o)
 .group         0x0000000000000000        0xc ../libopencm3/lib/libopencm3_stm32l4.a(pwr.o)
 .text          0x0000000000000000        0x0 ../libopencm3/lib/libopencm3_stm32l4.a(pwr.o)
 .data          0x0000000000000000        0x0 ../libopencm3/lib/libopencm3_stm32l4.a(pwr.o)
 .bss           0x0000000000000000        0x0 ../libopencm3/lib/libopencm3_stm32l4.a(pwr.o)
 .text.pwr_disable_backup_domain_write_protect
                0x0000000000000000       0x10 ../libopencm3/lib/libopencm3_stm32l4.a(pwr.o)
 .text.pwr_enable_backup_domain_write_protect
                0x0000000000000000       0x10 ../libopencm3/lib/libopencm3_stm32l4.a(pwr.o)
 .debug_macro   0x0000000000000000      0xa6c ../libopencm3/lib/libopencm3_stm32l4.a(pwr.o)
 .debug_macro   0x0000000000000000       0x1c ../libopencm3/lib/libopencm3_stm32l4.a(pwr.o)
 .debug_macro   0x0000000000000000      0x34e ../libopencm3/lib/libopencm3_stm32l4.a(pwr.o)
 .debug_macro   0x0000000000000000       0x22 ../libopencm3/lib/libopencm3_stm32l4.a(pwr.o)
 .debug_macro   0x0000000000000000       0xe8 ../libopencm3/lib/libopencm3_stm32l4.a(pwr.o)
 .debug_macro   0x0000000000000000       0x76 ../libopencm3/lib/libopencm3_stm32l4.a(pwr.o)
 .debug_macro   0x0000000000000000      0x217 ../libopencm3/lib/libopencm3_stm32l4.a(pwr.o)
 .debug_macro   0x0000000000000000      0x215 ../libopencm3/lib/libopencm3_stm32l4.a(pwr.o)

Memory Configuration

Name             Origin             Length             Attributes
rom              0x0000000008000000 0x0000000000080000 xr
ram              0x0000000020000000 0x0000000000018000 xrw
*default*        0x0000000000000000 0xffffffffffffffff

Linker script and memory map

LOAD src/firmware.o
LOAD ../libopencm3/lib/libopencm3_stm32l4.a
START GROUP
LOAD /usr/lib/gcc/arm-none-eabi/10.3.1/../../../arm-none-eabi/lib/thumb/v7e-m+fp/hard/libc.a
LOAD /usr/lib/gcc/arm-none-eabi/10.3.1/thumb/v7e-m+fp/hard/libgcc.a
LOAD /usr/lib/gcc/arm-none-eabi/10.3.1/../../../arm-none-eabi/lib/thumb/v7e-m+fp/hard/libnosys.a
END GROUP
START GROUP
LOAD /usr/lib/gcc/arm-none-eabi/10.3.1/thumb/v7e-m+fp/hard/libgcc.a
LOAD /usr/lib/gcc/arm-none-eabi/10.3.1/../../../arm-none-eabi/lib/thumb/v7e-m+fp/hard/libg.a
LOAD /usr/lib/gcc/arm-none-eabi/10.3.1/../../../arm-none-eabi/lib/thumb/v7e-m+fp/hard/libc.a
END GROUP

.text           0x0000000008000000      0x718
 *(.bootloader_section)
 *(.vectors)
 .vectors       0x0000000008000000      0x1ac ../libopencm3/lib/libopencm3_stm32l4.a(vector.o)
                0x0000000008000000                vector_table
                0x00000000080001b0                . = ALIGN (0x10)
 *fill*         0x00000000080001ac        0x4 
 *(.firmware_info)
 *(.firmware_signature)
 *(.text*)
 .text.sys_tick_handler
                0x00000000080001b0       0x18 src/firmware.o
                0x00000000080001b0                sys_tick_handler
 .text.startup.main
                0x00000000080001c8       0x68 src/firmware.o
                0x00000000080001c8                main
 .text.gpio_toggle
                0x0000000008000230       0x12 ../libopencm3/lib/libopencm3_stm32l4.a(gpio_common_all.o)
                0x0000000008000230                gpio_toggle
 .text.gpio_mode_setup
                0x0000000008000242       0x40 ../libopencm3/lib/libopencm3_stm32l4.a(gpio_common_f0234.o)
                0x0000000008000242                gpio_mode_setup
 *fill*         0x0000000008000282        0x2 
 .text.rcc_is_osc_ready
                0x0000000008000284       0x58 ../libopencm3/lib/libopencm3_stm32l4.a(rcc.o)
                0x0000000008000284                rcc_is_osc_ready
 .text.rcc_wait_for_osc_ready
                0x00000000080002dc       0x10 ../libopencm3/lib/libopencm3_stm32l4.a(rcc.o)
                0x00000000080002dc                rcc_wait_for_osc_ready
 .text.rcc_wait_for_sysclk_status
                0x00000000080002ec       0x48 ../libopencm3/lib/libopencm3_stm32l4.a(rcc.o)
                0x00000000080002ec                rcc_wait_for_sysclk_status
 .text.rcc_osc_on
                0x0000000008000334       0x70 ../libopencm3/lib/libopencm3_stm32l4.a(rcc.o)
                0x0000000008000334                rcc_osc_on
 .text.rcc_osc_off
                0x00000000080003a4       0x70 ../libopencm3/lib/libopencm3_stm32l4.a(rcc.o)
                0x00000000080003a4                rcc_osc_off
 .text.rcc_set_sysclk_source
                0x0000000008000414       0x14 ../libopencm3/lib/libopencm3_stm32l4.a(rcc.o)
                0x0000000008000414                rcc_set_sysclk_source
 .text.rcc_set_ppre2
                0x0000000008000428       0x14 ../libopencm3/lib/libopencm3_stm32l4.a(rcc.o)
                0x0000000008000428                rcc_set_ppre2
 .text.rcc_set_ppre1
                0x000000000800043c       0x14 ../libopencm3/lib/libopencm3_stm32l4.a(rcc.o)
                0x000000000800043c                rcc_set_ppre1
 .text.rcc_set_hpre
                0x0000000008000450       0x14 ../libopencm3/lib/libopencm3_stm32l4.a(rcc.o)
                0x0000000008000450                rcc_set_hpre
 .text.rcc_set_main_pll
                0x0000000008000464       0x28 ../libopencm3/lib/libopencm3_stm32l4.a(rcc.o)
                0x0000000008000464                rcc_set_main_pll
 .text.rcc_clock_setup_pll
                0x000000000800048c       0xd0 ../libopencm3/lib/libopencm3_stm32l4.a(rcc.o)
                0x000000000800048c                rcc_clock_setup_pll
 .text.rcc_periph_clock_enable
                0x000000000800055c       0x1c ../libopencm3/lib/libopencm3_stm32l4.a(rcc_common_all.o)
                0x000000000800055c                rcc_periph_clock_enable
 .text.blocking_handler
                0x0000000008000578        0x2 ../libopencm3/lib/libopencm3_stm32l4.a(vector.o)
                0x0000000008000578                i2c4_ev_isr
                0x0000000008000578                usart3_isr
                0x0000000008000578                swpmi1_isr
                0x0000000008000578                tim7_isr
                0x0000000008000578                dma2d_isr
                0x0000000008000578                rng_isr
                0x0000000008000578                adc1_2_isr
                0x0000000008000578                i2c4_er_isr
                0x0000000008000578                blocking_handler
                0x0000000008000578                tsc_isr
                0x0000000008000578                tim5_isr
                0x0000000008000578                rtc_wkup_isr
                0x0000000008000578                otg_fs_isr
                0x0000000008000578                tim1_up_tim16_isr
                0x0000000008000578                spi1_isr
                0x0000000008000578                i2c3_er_isr
                0x0000000008000578                dma2_channel7_isr
                0x0000000008000578                exti2_isr
                0x0000000008000578                dma1_channel6_isr
                0x0000000008000578                dma1_channel5_isr
                0x0000000008000578                dma2_channel5_isr
                0x0000000008000578                tamp_stamp_isr
                0x0000000008000578                fmc_isr
                0x0000000008000578                can1_rx1_isr
                0x0000000008000578                usart1_isr
                0x0000000008000578                i2c3_ev_isr
                0x0000000008000578                usage_fault_handler
                0x0000000008000578                tim8_trg_com_isr
                0x0000000008000578                can2_rx0_isr
                0x0000000008000578                tim1_trg_com_tim17_isr
                0x0000000008000578                can2_rx1_isr
                0x0000000008000578                can1_sce_isr
                0x0000000008000578                tim1_cc_isr
                0x0000000008000578                can1_tx_isr
                0x0000000008000578                dma1_channel4_isr
                0x0000000008000578                tim8_brk_isr
                0x0000000008000578                dma2_channel4_isr
                0x0000000008000578                lptim1_isr
                0x0000000008000578                lpuart1_isr
                0x0000000008000578                can1_rx0_isr
                0x0000000008000578                rcc_isr
                0x0000000008000578                flash_isr
                0x0000000008000578                uart4_isr
                0x0000000008000578                rtc_alarm_isr
                0x0000000008000578                exti15_10_isr
                0x0000000008000578                hard_fault_handler
                0x0000000008000578                exti1_isr
                0x0000000008000578                i2c1_ev_isr
                0x0000000008000578                dma2_channel1_isr
                0x0000000008000578                dfsdm2_isr
                0x0000000008000578                spi2_isr
                0x0000000008000578                aes_isr
                0x0000000008000578                tim8_up_isr
                0x0000000008000578                tim6_dacunder_isr
                0x0000000008000578                dma2_channel6_isr
                0x0000000008000578                dma2_channel2_isr
                0x0000000008000578                exti3_isr
                0x0000000008000578                adc3_isr
                0x0000000008000578                tim3_isr
                0x0000000008000578                usart2_isr
                0x0000000008000578                sai1_isr
                0x0000000008000578                fpu_isr
                0x0000000008000578                i2c2_er_isr
                0x0000000008000578                i2c2_ev_isr
                0x0000000008000578                uart5_isr
                0x0000000008000578                dma1_channel1_isr
                0x0000000008000578                exti4_isr
                0x0000000008000578                dfsdm3_isr
                0x0000000008000578                comp_isr
                0x0000000008000578                mem_manage_handler
                0x0000000008000578                can2_tx_isr
                0x0000000008000578                lptim2_isr
                0x0000000008000578                lcd_isr
                0x0000000008000578                exti9_5_isr
                0x0000000008000578                dma2_channel3_isr
                0x0000000008000578                dfsdm1_isr
                0x0000000008000578                dma1_channel7_isr
                0x0000000008000578                pvd_pvm_isr
                0x0000000008000578                can2_sce_isr
                0x0000000008000578                tim4_isr
                0x0000000008000578                sai2_isr
                0x0000000008000578                dma1_channel2_isr
                0x0000000008000578                i2c1_er_isr
                0x0000000008000578                tim8_cc_isr
                0x0000000008000578                dcmi_isr
                0x0000000008000578                hash_crs_isr
                0x0000000008000578                bus_fault_handler
                0x0000000008000578                wwdg_isr
                0x0000000008000578                tim1_brk_tim15_isr
                0x0000000008000578                dma1_channel3_isr
                0x0000000008000578                sdmmc1_isr
                0x0000000008000578                spi3_isr
                0x0000000008000578                quadspi_isr
                0x0000000008000578                dfsdm0_isr
                0x0000000008000578                tim2_isr
                0x0000000008000578                exti0_isr
 .text.null_handler
                0x000000000800057a        0x2 ../libopencm3/lib/libopencm3_stm32l4.a(vector.o)
                0x000000000800057a                null_handler
                0x000000000800057a                sv_call_handler
                0x000000000800057a                pend_sv_handler
                0x000000000800057a                debug_monitor_handler
                0x000000000800057a                nmi_handler
 .text.reset_handler
                0x000000000800057c       0xa0 ../libopencm3/lib/libopencm3_stm32l4.a(vector.o)
                0x000000000800057c                reset_handler
 .text.systick_set_clocksource
                0x000000000800061c       0x14 ../libopencm3/lib/libopencm3_stm32l4.a(systick.o)
                0x000000000800061c                systick_set_clocksource
 .text.systick_set_frequency
                0x0000000008000630       0x38 ../libopencm3/lib/libopencm3_stm32l4.a(systick.o)
                0x0000000008000630                systick_set_frequency
 .text.systick_interrupt_enable
                0x0000000008000668        0xe ../libopencm3/lib/libopencm3_stm32l4.a(systick.o)
                0x0000000008000668                systick_interrupt_enable
 .text.systick_counter_enable
                0x0000000008000676        0xe ../libopencm3/lib/libopencm3_stm32l4.a(systick.o)
                0x0000000008000676                systick_counter_enable
 .text.flash_set_ws
                0x0000000008000684       0x14 ../libopencm3/lib/libopencm3_stm32l4.a(flash_common_all.o)
                0x0000000008000684                flash_set_ws
 .text.flash_dcache_enable
                0x0000000008000698       0x10 ../libopencm3/lib/libopencm3_stm32l4.a(flash_common_idcache.o)
                0x0000000008000698                flash_dcache_enable
 .text.flash_dcache_disable
                0x00000000080006a8       0x10 ../libopencm3/lib/libopencm3_stm32l4.a(flash_common_idcache.o)
                0x00000000080006a8                flash_dcache_disable
 .text.flash_icache_enable
                0x00000000080006b8       0x10 ../libopencm3/lib/libopencm3_stm32l4.a(flash_common_idcache.o)
                0x00000000080006b8                flash_icache_enable
 .text.flash_icache_disable
                0x00000000080006c8       0x10 ../libopencm3/lib/libopencm3_stm32l4.a(flash_common_idcache.o)
                0x00000000080006c8                flash_icache_disable
 .text.pwr_set_vos_scale
                0x00000000080006d8       0x24 ../libopencm3/lib/libopencm3_stm32l4.a(pwr.o)
                0x00000000080006d8                pwr_set_vos_scale
                0x00000000080006fc                . = ALIGN (0x4)
 *(.rodata*)
 .rodata.rcc_hsi16_configs
                0x00000000080006fc       0x1c ../libopencm3/lib/libopencm3_stm32l4.a(rcc.o)
                0x00000000080006fc                rcc_hsi16_configs
                0x0000000008000718                . = ALIGN (0x4)

.glue_7         0x0000000008000718        0x0
 .glue_7        0x0000000008000718        0x0 linker stubs

.glue_7t        0x0000000008000718        0x0
 .glue_7t       0x0000000008000718        0x0 linker stubs

.vfp11_veneer   0x0000000008000718        0x0
 .vfp11_veneer  0x0000000008000718        0x0 linker stubs

.v4_bx          0x0000000008000718        0x0
 .v4_bx         0x0000000008000718        0x0 linker stubs

.iplt           0x0000000008000718        0x0
 .iplt          0x0000000008000718        0x0 src/firmware.o

.rel.dyn        0x0000000008000718        0x0
 .rel.iplt      0x0000000008000718        0x0 src/firmware.o

.preinit_array  0x0000000008000718        0x0
                0x0000000008000718                . = ALIGN (0x4)
                0x0000000008000718                __preinit_array_start = .
 *(.preinit_array)
                0x0000000008000718                __preinit_array_end = .

.init_array     0x0000000008000718        0x0
                0x0000000008000718                . = ALIGN (0x4)
                0x0000000008000718                __init_array_start = .
 *(SORT_BY_NAME(.init_array.*))
 *(.init_array)
                0x0000000008000718                __init_array_end = .

.fini_array     0x0000000008000718        0x0
                0x0000000008000718                . = ALIGN (0x4)
                0x0000000008000718                __fini_array_start = .
 *(.fini_array)
 *(SORT_BY_NAME(.fini_array.*))
                0x0000000008000718                __fini_array_end = .

.ARM.extab
 *(.ARM.extab*)

.ARM.exidx      0x0000000008000718        0x0
                0x0000000008000718                __exidx_start = .
 *(.ARM.exidx*)
                0x0000000008000718                __exidx_end = .
                0x0000000008000718                . = ALIGN (0x4)
                0x0000000008000718                _etext = .

.noinit
 *(.noinit*)
                0x0000000008000718                . = ALIGN (0x4)

.data           0x0000000020000000        0xc load address 0x0000000008000718
                0x0000000020000000                _data = .
 *(.data*)
 .data.rcc_ahb_frequency
                0x0000000020000000        0x4 ../libopencm3/lib/libopencm3_stm32l4.a(rcc.o)
                0x0000000020000000                rcc_ahb_frequency
 .data.rcc_apb1_frequency
                0x0000000020000004        0x4 ../libopencm3/lib/libopencm3_stm32l4.a(rcc.o)
                0x0000000020000004                rcc_apb1_frequency
 .data.rcc_apb2_frequency
                0x0000000020000008        0x4 ../libopencm3/lib/libopencm3_stm32l4.a(rcc.o)
                0x0000000020000008                rcc_apb2_frequency
 *(.ramtext*)
                0x000000002000000c                . = ALIGN (0x4)
                0x000000002000000c                _edata = .
                0x0000000008000718                _data_loadaddr = LOADADDR (.data)

.igot.plt       0x000000002000000c        0x0 load address 0x0000000008000724
 .igot.plt      0x000000002000000c        0x0 src/firmware.o

.bss            0x0000000020000010        0x8 load address 0x0000000008000724
 *(.bss*)
 .bss.ticks     0x0000000020000010        0x8 src/firmware.o
                0x0000000020000010                ticks
 *(COMMON)
                0x0000000020000018                . = ALIGN (0x4)
                0x0000000020000018                _ebss = .

/DISCARD/
 *(.eh_frame)
                0x0000000020000018                . = ALIGN (0x4)
                0x0000000020000018                end = .
                0x0000000020018000                PROVIDE (_stack = (ORIGIN (ram) + LENGTH (ram)))
OUTPUT(firmware.elf elf32-littlearm)
LOAD linker stubs

.debug_info     0x0000000000000000     0x2a15
 .debug_info    0x0000000000000000      0x716 src/firmware.o
 .debug_info    0x0000000000000716      0x24e ../libopencm3/lib/libopencm3_stm32l4.a(gpio_common_all.o)
 .debug_info    0x0000000000000964      0x20f ../libopencm3/lib/libopencm3_stm32l4.a(gpio_common_f0234.o)
 .debug_info    0x0000000000000b73      0xe65 ../libopencm3/lib/libopencm3_stm32l4.a(rcc.o)
 .debug_info    0x00000000000019d8      0x823 ../libopencm3/lib/libopencm3_stm32l4.a(rcc_common_all.o)
 .debug_info    0x00000000000021fb      0x2e6 ../libopencm3/lib/libopencm3_stm32l4.a(vector.o)
 .debug_info    0x00000000000024e1      0x268 ../libopencm3/lib/libopencm3_stm32l4.a(systick.o)
 .debug_info    0x0000000000002749       0xf0 ../libopencm3/lib/libopencm3_stm32l4.a(flash_common_all.o)
 .debug_info    0x0000000000002839       0xe8 ../libopencm3/lib/libopencm3_stm32l4.a(flash_common_idcache.o)
 .debug_info    0x0000000000002921       0xf4 ../libopencm3/lib/libopencm3_stm32l4.a(pwr.o)

.debug_abbrev   0x0000000000000000      0xc77
 .debug_abbrev  0x0000000000000000      0x1fd src/firmware.o
 .debug_abbrev  0x00000000000001fd      0x116 ../libopencm3/lib/libopencm3_stm32l4.a(gpio_common_all.o)
 .debug_abbrev  0x0000000000000313       0xbf ../libopencm3/lib/libopencm3_stm32l4.a(gpio_common_f0234.o)
 .debug_abbrev  0x00000000000003d2      0x2db ../libopencm3/lib/libopencm3_stm32l4.a(rcc.o)
 .debug_abbrev  0x00000000000006ad      0x177 ../libopencm3/lib/libopencm3_stm32l4.a(rcc_common_all.o)
 .debug_abbrev  0x0000000000000824      0x15b ../libopencm3/lib/libopencm3_stm32l4.a(vector.o)
 .debug_abbrev  0x000000000000097f      0x155 ../libopencm3/lib/libopencm3_stm32l4.a(systick.o)
 .debug_abbrev  0x0000000000000ad4       0x9a ../libopencm3/lib/libopencm3_stm32l4.a(flash_common_all.o)
 .debug_abbrev  0x0000000000000b6e       0x56 ../libopencm3/lib/libopencm3_stm32l4.a(flash_common_idcache.o)
 .debug_abbrev  0x0000000000000bc4       0xb3 ../libopencm3/lib/libopencm3_stm32l4.a(pwr.o)

.debug_loc      0x0000000000000000      0xe96
 .debug_loc     0x0000000000000000       0x1a src/firmware.o
 .debug_loc     0x000000000000001a       0xbe ../libopencm3/lib/libopencm3_stm32l4.a(gpio_common_all.o)
 .debug_loc     0x00000000000000d8      0x14f ../libopencm3/lib/libopencm3_stm32l4.a(gpio_common_f0234.o)
 .debug_loc     0x0000000000000227      0x839 ../libopencm3/lib/libopencm3_stm32l4.a(rcc.o)
 .debug_loc     0x0000000000000a60      0x120 ../libopencm3/lib/libopencm3_stm32l4.a(rcc_common_all.o)
 .debug_loc     0x0000000000000b80      0x128 ../libopencm3/lib/libopencm3_stm32l4.a(vector.o)
 .debug_loc     0x0000000000000ca8      0x192 ../libopencm3/lib/libopencm3_stm32l4.a(systick.o)
 .debug_loc     0x0000000000000e3a       0x47 ../libopencm3/lib/libopencm3_stm32l4.a(flash_common_all.o)
 .debug_loc     0x0000000000000e81       0x15 ../libopencm3/lib/libopencm3_stm32l4.a(pwr.o)

.debug_aranges  0x0000000000000000      0x380
 .debug_aranges
                0x0000000000000000       0x28 src/firmware.o
 .debug_aranges
                0x0000000000000028       0x50 ../libopencm3/lib/libopencm3_stm32l4.a(gpio_common_all.o)
 .debug_aranges
                0x0000000000000078       0x30 ../libopencm3/lib/libopencm3_stm32l4.a(gpio_common_f0234.o)
 .debug_aranges
                0x00000000000000a8      0x120 ../libopencm3/lib/libopencm3_stm32l4.a(rcc.o)
 .debug_aranges
                0x00000000000001c8       0x60 ../libopencm3/lib/libopencm3_stm32l4.a(rcc_common_all.o)
 .debug_aranges
                0x0000000000000228       0x30 ../libopencm3/lib/libopencm3_stm32l4.a(vector.o)
 .debug_aranges
                0x0000000000000258       0x78 ../libopencm3/lib/libopencm3_stm32l4.a(systick.o)
 .debug_aranges
                0x00000000000002d0       0x38 ../libopencm3/lib/libopencm3_stm32l4.a(flash_common_all.o)
 .debug_aranges
                0x0000000000000308       0x48 ../libopencm3/lib/libopencm3_stm32l4.a(flash_common_idcache.o)
 .debug_aranges
                0x0000000000000350       0x30 ../libopencm3/lib/libopencm3_stm32l4.a(pwr.o)

.debug_ranges   0x0000000000000000      0x360
 .debug_ranges  0x0000000000000000       0x50 src/firmware.o
 .debug_ranges  0x0000000000000050       0x40 ../libopencm3/lib/libopencm3_stm32l4.a(gpio_common_all.o)
 .debug_ranges  0x0000000000000090       0x20 ../libopencm3/lib/libopencm3_stm32l4.a(gpio_common_f0234.o)
 .debug_ranges  0x00000000000000b0      0x140 ../libopencm3/lib/libopencm3_stm32l4.a(rcc.o)
 .debug_ranges  0x00000000000001f0       0x50 ../libopencm3/lib/libopencm3_stm32l4.a(rcc_common_all.o)
 .debug_ranges  0x0000000000000240       0x20 ../libopencm3/lib/libopencm3_stm32l4.a(vector.o)
 .debug_ranges  0x0000000000000260       0x80 ../libopencm3/lib/libopencm3_stm32l4.a(systick.o)
 .debug_ranges  0x00000000000002e0       0x28 ../libopencm3/lib/libopencm3_stm32l4.a(flash_common_all.o)
 .debug_ranges  0x0000000000000308       0x38 ../libopencm3/lib/libopencm3_stm32l4.a(flash_common_idcache.o)
 .debug_ranges  0x0000000000000340       0x20 ../libopencm3/lib/libopencm3_stm32l4.a(pwr.o)

.debug_macro    0x0000000000000000     0x3616
 .debug_macro   0x0000000000000000      0x104 src/firmware.o
 .debug_macro   0x0000000000000104      0xa6c src/firmware.o
 .debug_macro   0x0000000000000b70       0x1c src/firmware.o
 .debug_macro   0x0000000000000b8c      0x34e src/firmware.o
 .debug_macro   0x0000000000000eda       0x22 src/firmware.o
 .debug_macro   0x0000000000000efc       0xe8 src/firmware.o
 .debug_macro   0x0000000000000fe4       0x76 src/firmware.o
 .debug_macro   0x000000000000105a      0x217 src/firmware.o
 .debug_macro   0x0000000000001271      0x215 src/firmware.o
 .debug_macro   0x0000000000001486      0xcc1 src/firmware.o
 .debug_macro   0x0000000000002147       0x76 src/firmware.o
 .debug_macro   0x00000000000021bd      0x37e src/firmware.o
 .debug_macro   0x000000000000253b       0xca src/firmware.o
 .debug_macro   0x0000000000002605       0x88 src/firmware.o
 .debug_macro   0x000000000000268d       0x6f src/firmware.o
 .debug_macro   0x00000000000026fc       0x6e src/firmware.o
 .debug_macro   0x000000000000276a      0x22c src/firmware.o
 .debug_macro   0x0000000000002996       0x8d ../libopencm3/lib/libopencm3_stm32l4.a(gpio_common_all.o)
 .debug_macro   0x0000000000002a23       0x8d ../libopencm3/lib/libopencm3_stm32l4.a(gpio_common_f0234.o)
 .debug_macro   0x0000000000002ab0       0xbd ../libopencm3/lib/libopencm3_stm32l4.a(rcc.o)
 .debug_macro   0x0000000000002b6d       0x16 ../libopencm3/lib/libopencm3_stm32l4.a(rcc.o)
 .debug_macro   0x0000000000002b83       0x1c ../libopencm3/lib/libopencm3_stm32l4.a(rcc.o)
 .debug_macro   0x0000000000002b9f      0x2f3 ../libopencm3/lib/libopencm3_stm32l4.a(rcc.o)
 .debug_macro   0x0000000000002e92       0x98 ../libopencm3/lib/libopencm3_stm32l4.a(rcc_common_all.o)
 .debug_macro   0x0000000000002f2a       0x8a ../libopencm3/lib/libopencm3_stm32l4.a(vector.o)
 .debug_macro   0x0000000000002fb4      0x452 ../libopencm3/lib/libopencm3_stm32l4.a(vector.o)
 .debug_macro   0x0000000000003406       0x49 ../libopencm3/lib/libopencm3_stm32l4.a(systick.o)
 .debug_macro   0x000000000000344f       0x69 ../libopencm3/lib/libopencm3_stm32l4.a(systick.o)
 .debug_macro   0x00000000000034b8       0x7f ../libopencm3/lib/libopencm3_stm32l4.a(flash_common_all.o)
 .debug_macro   0x0000000000003537       0x7f ../libopencm3/lib/libopencm3_stm32l4.a(flash_common_idcache.o)
 .debug_macro   0x00000000000035b6       0x60 ../libopencm3/lib/libopencm3_stm32l4.a(pwr.o)

.debug_line     0x0000000000000000     0x220d
 .debug_line    0x0000000000000000      0x2db src/firmware.o
 .debug_line    0x00000000000002db      0x2a6 ../libopencm3/lib/libopencm3_stm32l4.a(gpio_common_all.o)
 .debug_line    0x0000000000000581      0x38e ../libopencm3/lib/libopencm3_stm32l4.a(gpio_common_f0234.o)
 .debug_line    0x000000000000090f      0xa6d ../libopencm3/lib/libopencm3_stm32l4.a(rcc.o)
 .debug_line    0x000000000000137c      0x2f2 ../libopencm3/lib/libopencm3_stm32l4.a(rcc_common_all.o)
 .debug_line    0x000000000000166e      0x322 ../libopencm3/lib/libopencm3_stm32l4.a(vector.o)
 .debug_line    0x0000000000001990      0x26e ../libopencm3/lib/libopencm3_stm32l4.a(systick.o)
 .debug_line    0x0000000000001bfe      0x230 ../libopencm3/lib/libopencm3_stm32l4.a(flash_common_all.o)
 .debug_line    0x0000000000001e2e      0x249 ../libopencm3/lib/libopencm3_stm32l4.a(flash_common_idcache.o)
 .debug_line    0x0000000000002077      0x196 ../libopencm3/lib/libopencm3_stm32l4.a(pwr.o)

.debug_str      0x0000000000000000     0xefaf
 .debug_str     0x0000000000000000     0xb19f src/firmware.o
                                       0xb355 (size before relaxing)
 .debug_str     0x000000000000b19f      0x166 ../libopencm3/lib/libopencm3_stm32l4.a(gpio_common_all.o)
                                       0x614d (size before relaxing)
 .debug_str     0x000000000000b305       0x8a ../libopencm3/lib/libopencm3_stm32l4.a(gpio_common_f0234.o)
                                       0x6165 (size before relaxing)
 .debug_str     0x000000000000b38f     0x13d4 ../libopencm3/lib/libopencm3_stm32l4.a(rcc.o)
                                       0xa45f (size before relaxing)
 .debug_str     0x000000000000c763      0x3c3 ../libopencm3/lib/libopencm3_stm32l4.a(rcc_common_all.o)
                                       0x9383 (size before relaxing)
 .debug_str     0x000000000000cb26     0x22b7 ../libopencm3/lib/libopencm3_stm32l4.a(vector.o)
                                       0x69ba (size before relaxing)
 .debug_str     0x000000000000eddd       0xd2 ../libopencm3/lib/libopencm3_stm32l4.a(systick.o)
                                       0x408e (size before relaxing)
 .debug_str     0x000000000000eeaf       0x64 ../libopencm3/lib/libopencm3_stm32l4.a(flash_common_all.o)
                                       0x5a69 (size before relaxing)
 .debug_str     0x000000000000ef13       0x47 ../libopencm3/lib/libopencm3_stm32l4.a(flash_common_idcache.o)
                                       0x5a8b (size before relaxing)
 .debug_str     0x000000000000ef5a       0x55 ../libopencm3/lib/libopencm3_stm32l4.a(pwr.o)
                                       0x5410 (size before relaxing)

.comment        0x0000000000000000       0x33
 .comment       0x0000000000000000       0x33 src/firmware.o
                                         0x34 (size before relaxing)
 .comment       0x0000000000000033       0x34 ../libopencm3/lib/libopencm3_stm32l4.a(gpio_common_all.o)
 .comment       0x0000000000000033       0x34 ../libopencm3/lib/libopencm3_stm32l4.a(gpio_common_f0234.o)
 .comment       0x0000000000000033       0x34 ../libopencm3/lib/libopencm3_stm32l4.a(rcc.o)
 .comment       0x0000000000000033       0x34 ../libopencm3/lib/libopencm3_stm32l4.a(rcc_common_all.o)
 .comment       0x0000000000000033       0x34 ../libopencm3/lib/libopencm3_stm32l4.a(vector.o)
 .comment       0x0000000000000033       0x34 ../libopencm3/lib/libopencm3_stm32l4.a(systick.o)
 .comment       0x0000000000000033       0x34 ../libopencm3/lib/libopencm3_stm32l4.a(flash_common_all.o)
 .comment       0x0000000000000033       0x34 ../libopencm3/lib/libopencm3_stm32l4.a(flash_common_idcache.o)
 .comment       0x0000000000000033       0x34 ../libopencm3/lib/libopencm3_stm32l4.a(pwr.o)

.ARM.attributes
                0x0000000000000000       0x34
 .ARM.attributes
                0x0000000000000000       0x34 src/firmware.o
 .ARM.attributes
                0x0000000000000034       0x34 ../libopencm3/lib/libopencm3_stm32l4.a(gpio_common_all.o)
 .ARM.attributes
                0x0000000000000068       0x34 ../libopencm3/lib/libopencm3_stm32l4.a(gpio_common_f0234.o)
 .ARM.attributes
                0x000000000000009c       0x34 ../libopencm3/lib/libopencm3_stm32l4.a(rcc.o)
 .ARM.attributes
                0x00000000000000d0       0x34 ../libopencm3/lib/libopencm3_stm32l4.a(rcc_common_all.o)
 .ARM.attributes
                0x0000000000000104       0x34 ../libopencm3/lib/libopencm3_stm32l4.a(vector.o)
 .ARM.attributes
                0x0000000000000138       0x34 ../libopencm3/lib/libopencm3_stm32l4.a(systick.o)
 .ARM.attributes
                0x000000000000016c       0x34 ../libopencm3/lib/libopencm3_stm32l4.a(flash_common_all.o)
 .ARM.attributes
                0x00000000000001a0       0x34 ../libopencm3/lib/libopencm3_stm32l4.a(flash_common_idcache.o)
 .ARM.attributes
                0x00000000000001d4       0x34 ../libopencm3/lib/libopencm3_stm32l4.a(pwr.o)

.debug_frame    0x0000000000000000      0x688
 .debug_frame   0x0000000000000000       0x44 src/firmware.o
 .debug_frame   0x0000000000000044       0x80 ../libopencm3/lib/libopencm3_stm32l4.a(gpio_common_all.o)
 .debug_frame   0x00000000000000c4       0x70 ../libopencm3/lib/libopencm3_stm32l4.a(gpio_common_f0234.o)
 .debug_frame   0x0000000000000134      0x250 ../libopencm3/lib/libopencm3_stm32l4.a(rcc.o)
 .debug_frame   0x0000000000000384       0xe0 ../libopencm3/lib/libopencm3_stm32l4.a(rcc_common_all.o)
 .debug_frame   0x0000000000000464       0x4c ../libopencm3/lib/libopencm3_stm32l4.a(vector.o)
 .debug_frame   0x00000000000004b0       0xd8 ../libopencm3/lib/libopencm3_stm32l4.a(systick.o)
 .debug_frame   0x0000000000000588       0x50 ../libopencm3/lib/libopencm3_stm32l4.a(flash_common_all.o)
 .debug_frame   0x00000000000005d8       0x70 ../libopencm3/lib/libopencm3_stm32l4.a(flash_common_idcache.o)
 .debug_frame   0x0000000000000648       0x40 ../libopencm3/lib/libopencm3_stm32l4.a(pwr.o)

Cross Reference Table

Symbol                                            File
__fini_array_end                                  ../libopencm3/lib/libopencm3_stm32l4.a(vector.o)
__fini_array_start                                ../libopencm3/lib/libopencm3_stm32l4.a(vector.o)
__init_array_end                                  ../libopencm3/lib/libopencm3_stm32l4.a(vector.o)
__init_array_start                                ../libopencm3/lib/libopencm3_stm32l4.a(vector.o)
__preinit_array_end                               ../libopencm3/lib/libopencm3_stm32l4.a(vector.o)
__preinit_array_start                             ../libopencm3/lib/libopencm3_stm32l4.a(vector.o)
_data                                             ../libopencm3/lib/libopencm3_stm32l4.a(vector.o)
_data_loadaddr                                    ../libopencm3/lib/libopencm3_stm32l4.a(vector.o)
_ebss                                             ../libopencm3/lib/libopencm3_stm32l4.a(vector.o)
_edata                                            ../libopencm3/lib/libopencm3_stm32l4.a(vector.o)
_stack                                            ../libopencm3/lib/libopencm3_stm32l4.a(vector.o)
adc1_2_isr                                        ../libopencm3/lib/libopencm3_stm32l4.a(vector.o)
adc3_isr                                          ../libopencm3/lib/libopencm3_stm32l4.a(vector.o)
aes_isr                                           ../libopencm3/lib/libopencm3_stm32l4.a(vector.o)
blocking_handler                                  ../libopencm3/lib/libopencm3_stm32l4.a(vector.o)
bus_fault_handler                                 ../libopencm3/lib/libopencm3_stm32l4.a(vector.o)
can1_rx0_isr                                      ../libopencm3/lib/libopencm3_stm32l4.a(vector.o)
can1_rx1_isr                                      ../libopencm3/lib/libopencm3_stm32l4.a(vector.o)
can1_sce_isr                                      ../libopencm3/lib/libopencm3_stm32l4.a(vector.o)
can1_tx_isr                                       ../libopencm3/lib/libopencm3_stm32l4.a(vector.o)
can2_rx0_isr                                      ../libopencm3/lib/libopencm3_stm32l4.a(vector.o)
can2_rx1_isr                                      ../libopencm3/lib/libopencm3_stm32l4.a(vector.o)
can2_sce_isr                                      ../libopencm3/lib/libopencm3_stm32l4.a(vector.o)
can2_tx_isr                                       ../libopencm3/lib/libopencm3_stm32l4.a(vector.o)
comp_isr                                          ../libopencm3/lib/libopencm3_stm32l4.a(vector.o)
dcmi_isr                                          ../libopencm3/lib/libopencm3_stm32l4.a(vector.o)
debug_monitor_handler                             ../libopencm3/lib/libopencm3_stm32l4.a(vector.o)
dfsdm0_isr                                        ../libopencm3/lib/libopencm3_stm32l4.a(vector.o)
dfsdm1_isr                                        ../libopencm3/lib/libopencm3_stm32l4.a(vector.o)
dfsdm2_isr                                        ../libopencm3/lib/libopencm3_stm32l4.a(vector.o)
dfsdm3_isr                                        ../libopencm3/lib/libopencm3_stm32l4.a(vector.o)
dma1_channel1_isr                                 ../libopencm3/lib/libopencm3_stm32l4.a(vector.o)
dma1_channel2_isr                                 ../libopencm3/lib/libopencm3_stm32l4.a(vector.o)
dma1_channel3_isr                                 ../libopencm3/lib/libopencm3_stm32l4.a(vector.o)
dma1_channel4_isr                                 ../libopencm3/lib/libopencm3_stm32l4.a(vector.o)
dma1_channel5_isr                                 ../libopencm3/lib/libopencm3_stm32l4.a(vector.o)
dma1_channel6_isr                                 ../libopencm3/lib/libopencm3_stm32l4.a(vector.o)
dma1_channel7_isr                                 ../libopencm3/lib/libopencm3_stm32l4.a(vector.o)
dma2_channel1_isr                                 ../libopencm3/lib/libopencm3_stm32l4.a(vector.o)
dma2_channel2_isr                                 ../libopencm3/lib/libopencm3_stm32l4.a(vector.o)
dma2_channel3_isr                                 ../libopencm3/lib/libopencm3_stm32l4.a(vector.o)
dma2_channel4_isr                                 ../libopencm3/lib/libopencm3_stm32l4.a(vector.o)
dma2_channel5_isr                                 ../libopencm3/lib/libopencm3_stm32l4.a(vector.o)
dma2_channel6_isr                                 ../libopencm3/lib/libopencm3_stm32l4.a(vector.o)
dma2_channel7_isr                                 ../libopencm3/lib/libopencm3_stm32l4.a(vector.o)
dma2d_isr                                         ../libopencm3/lib/libopencm3_stm32l4.a(vector.o)
exti0_isr                                         ../libopencm3/lib/libopencm3_stm32l4.a(vector.o)
exti15_10_isr                                     ../libopencm3/lib/libopencm3_stm32l4.a(vector.o)
exti1_isr                                         ../libopencm3/lib/libopencm3_stm32l4.a(vector.o)
exti2_isr                                         ../libopencm3/lib/libopencm3_stm32l4.a(vector.o)
exti3_isr                                         ../libopencm3/lib/libopencm3_stm32l4.a(vector.o)
exti4_isr                                         ../libopencm3/lib/libopencm3_stm32l4.a(vector.o)
exti9_5_isr                                       ../libopencm3/lib/libopencm3_stm32l4.a(vector.o)
flash_dcache_disable                              ../libopencm3/lib/libopencm3_stm32l4.a(flash_common_idcache.o)
                                                  ../libopencm3/lib/libopencm3_stm32l4.a(rcc.o)
flash_dcache_enable                               ../libopencm3/lib/libopencm3_stm32l4.a(flash_common_idcache.o)
                                                  ../libopencm3/lib/libopencm3_stm32l4.a(rcc.o)
flash_dcache_reset                                ../libopencm3/lib/libopencm3_stm32l4.a(flash_common_idcache.o)
flash_icache_disable                              ../libopencm3/lib/libopencm3_stm32l4.a(flash_common_idcache.o)
                                                  ../libopencm3/lib/libopencm3_stm32l4.a(rcc.o)
flash_icache_enable                               ../libopencm3/lib/libopencm3_stm32l4.a(flash_common_idcache.o)
                                                  ../libopencm3/lib/libopencm3_stm32l4.a(rcc.o)
flash_icache_reset                                ../libopencm3/lib/libopencm3_stm32l4.a(flash_common_idcache.o)
flash_isr                                         ../libopencm3/lib/libopencm3_stm32l4.a(vector.o)
flash_prefetch_disable                            ../libopencm3/lib/libopencm3_stm32l4.a(flash_common_all.o)
flash_prefetch_enable                             ../libopencm3/lib/libopencm3_stm32l4.a(flash_common_all.o)
flash_set_ws                                      ../libopencm3/lib/libopencm3_stm32l4.a(flash_common_all.o)
                                                  ../libopencm3/lib/libopencm3_stm32l4.a(rcc.o)
flash_unlock_option_bytes                         ../libopencm3/lib/libopencm3_stm32l4.a(flash_common_all.o)
fmc_isr                                           ../libopencm3/lib/libopencm3_stm32l4.a(vector.o)
fpu_isr                                           ../libopencm3/lib/libopencm3_stm32l4.a(vector.o)
gpio_clear                                        ../libopencm3/lib/libopencm3_stm32l4.a(gpio_common_all.o)
gpio_get                                          ../libopencm3/lib/libopencm3_stm32l4.a(gpio_common_all.o)
gpio_mode_setup                                   ../libopencm3/lib/libopencm3_stm32l4.a(gpio_common_f0234.o)
                                                  src/firmware.o
gpio_port_config_lock                             ../libopencm3/lib/libopencm3_stm32l4.a(gpio_common_all.o)
gpio_port_read                                    ../libopencm3/lib/libopencm3_stm32l4.a(gpio_common_all.o)
gpio_port_write                                   ../libopencm3/lib/libopencm3_stm32l4.a(gpio_common_all.o)
gpio_set                                          ../libopencm3/lib/libopencm3_stm32l4.a(gpio_common_all.o)
gpio_set_af                                       ../libopencm3/lib/libopencm3_stm32l4.a(gpio_common_f0234.o)
gpio_set_output_options                           ../libopencm3/lib/libopencm3_stm32l4.a(gpio_common_f0234.o)
gpio_toggle                                       ../libopencm3/lib/libopencm3_stm32l4.a(gpio_common_all.o)
                                                  src/firmware.o
hard_fault_handler                                ../libopencm3/lib/libopencm3_stm32l4.a(vector.o)
hash_crs_isr                                      ../libopencm3/lib/libopencm3_stm32l4.a(vector.o)
i2c1_er_isr                                       ../libopencm3/lib/libopencm3_stm32l4.a(vector.o)
i2c1_ev_isr                                       ../libopencm3/lib/libopencm3_stm32l4.a(vector.o)
i2c2_er_isr                                       ../libopencm3/lib/libopencm3_stm32l4.a(vector.o)
i2c2_ev_isr                                       ../libopencm3/lib/libopencm3_stm32l4.a(vector.o)
i2c3_er_isr                                       ../libopencm3/lib/libopencm3_stm32l4.a(vector.o)
i2c3_ev_isr                                       ../libopencm3/lib/libopencm3_stm32l4.a(vector.o)
i2c4_er_isr                                       ../libopencm3/lib/libopencm3_stm32l4.a(vector.o)
i2c4_ev_isr                                       ../libopencm3/lib/libopencm3_stm32l4.a(vector.o)
lcd_isr                                           ../libopencm3/lib/libopencm3_stm32l4.a(vector.o)
lptim1_isr                                        ../libopencm3/lib/libopencm3_stm32l4.a(vector.o)
lptim2_isr                                        ../libopencm3/lib/libopencm3_stm32l4.a(vector.o)
lpuart1_isr                                       ../libopencm3/lib/libopencm3_stm32l4.a(vector.o)
main                                              src/firmware.o
                                                  ../libopencm3/lib/libopencm3_stm32l4.a(vector.o)
mem_manage_handler                                ../libopencm3/lib/libopencm3_stm32l4.a(vector.o)
nmi_handler                                       ../libopencm3/lib/libopencm3_stm32l4.a(vector.o)
null_handler                                      ../libopencm3/lib/libopencm3_stm32l4.a(vector.o)
otg_fs_isr                                        ../libopencm3/lib/libopencm3_stm32l4.a(vector.o)
pend_sv_handler                                   ../libopencm3/lib/libopencm3_stm32l4.a(vector.o)
pvd_pvm_isr                                       ../libopencm3/lib/libopencm3_stm32l4.a(vector.o)
pwr_disable_backup_domain_write_protect           ../libopencm3/lib/libopencm3_stm32l4.a(pwr.o)
pwr_enable_backup_domain_write_protect            ../libopencm3/lib/libopencm3_stm32l4.a(pwr.o)
pwr_set_vos_scale                                 ../libopencm3/lib/libopencm3_stm32l4.a(pwr.o)
                                                  ../libopencm3/lib/libopencm3_stm32l4.a(rcc.o)
quadspi_isr                                       ../libopencm3/lib/libopencm3_stm32l4.a(vector.o)
rcc_ahb_frequency                                 ../libopencm3/lib/libopencm3_stm32l4.a(rcc.o)
rcc_apb1_frequency                                ../libopencm3/lib/libopencm3_stm32l4.a(rcc.o)
rcc_apb2_frequency                                ../libopencm3/lib/libopencm3_stm32l4.a(rcc.o)
rcc_clock_setup_pll                               ../libopencm3/lib/libopencm3_stm32l4.a(rcc.o)
                                                  src/firmware.o
rcc_css_disable                                   ../libopencm3/lib/libopencm3_stm32l4.a(rcc.o)
rcc_css_enable                                    ../libopencm3/lib/libopencm3_stm32l4.a(rcc.o)
rcc_css_int_clear                                 ../libopencm3/lib/libopencm3_stm32l4.a(rcc.o)
rcc_css_int_flag                                  ../libopencm3/lib/libopencm3_stm32l4.a(rcc.o)
rcc_disable_rtc_clock                             ../libopencm3/lib/libopencm3_stm32l4.a(rcc.o)
rcc_enable_rtc_clock                              ../libopencm3/lib/libopencm3_stm32l4.a(rcc.o)
rcc_get_div_from_hpre                             ../libopencm3/lib/libopencm3_stm32l4.a(rcc_common_all.o)
                                                  ../libopencm3/lib/libopencm3_stm32l4.a(rcc.o)
rcc_get_i2c_clk_freq                              ../libopencm3/lib/libopencm3_stm32l4.a(rcc.o)
rcc_get_spi_clk_freq                              ../libopencm3/lib/libopencm3_stm32l4.a(rcc.o)
rcc_get_timer_clk_freq                            ../libopencm3/lib/libopencm3_stm32l4.a(rcc.o)
rcc_get_usart_clk_freq                            ../libopencm3/lib/libopencm3_stm32l4.a(rcc.o)
rcc_hsi16_configs                                 ../libopencm3/lib/libopencm3_stm32l4.a(rcc.o)
                                                  src/firmware.o
rcc_is_osc_ready                                  ../libopencm3/lib/libopencm3_stm32l4.a(rcc.o)
rcc_isr                                           ../libopencm3/lib/libopencm3_stm32l4.a(vector.o)
rcc_osc_bypass_disable                            ../libopencm3/lib/libopencm3_stm32l4.a(rcc_common_all.o)
rcc_osc_bypass_enable                             ../libopencm3/lib/libopencm3_stm32l4.a(rcc_common_all.o)
rcc_osc_off                                       ../libopencm3/lib/libopencm3_stm32l4.a(rcc.o)
rcc_osc_on                                        ../libopencm3/lib/libopencm3_stm32l4.a(rcc.o)
rcc_osc_ready_int_clear                           ../libopencm3/lib/libopencm3_stm32l4.a(rcc.o)
rcc_osc_ready_int_disable                         ../libopencm3/lib/libopencm3_stm32l4.a(rcc.o)
rcc_osc_ready_int_enable                          ../libopencm3/lib/libopencm3_stm32l4.a(rcc.o)
rcc_osc_ready_int_flag                            ../libopencm3/lib/libopencm3_stm32l4.a(rcc.o)
rcc_periph_clock_disable                          ../libopencm3/lib/libopencm3_stm32l4.a(rcc_common_all.o)
rcc_periph_clock_enable                           ../libopencm3/lib/libopencm3_stm32l4.a(rcc_common_all.o)
                                                  ../libopencm3/lib/libopencm3_stm32l4.a(rcc.o)
                                                  src/firmware.o
rcc_periph_reset_hold                             ../libopencm3/lib/libopencm3_stm32l4.a(rcc_common_all.o)
rcc_periph_reset_pulse                            ../libopencm3/lib/libopencm3_stm32l4.a(rcc_common_all.o)
rcc_periph_reset_release                          ../libopencm3/lib/libopencm3_stm32l4.a(rcc_common_all.o)
rcc_peripheral_clear_reset                        ../libopencm3/lib/libopencm3_stm32l4.a(rcc_common_all.o)
rcc_peripheral_disable_clock                      ../libopencm3/lib/libopencm3_stm32l4.a(rcc_common_all.o)
rcc_peripheral_enable_clock                       ../libopencm3/lib/libopencm3_stm32l4.a(rcc_common_all.o)
rcc_peripheral_reset                              ../libopencm3/lib/libopencm3_stm32l4.a(rcc_common_all.o)
rcc_pll_output_enable                             ../libopencm3/lib/libopencm3_stm32l4.a(rcc.o)
rcc_set_clock48_source                            ../libopencm3/lib/libopencm3_stm32l4.a(rcc.o)
rcc_set_hpre                                      ../libopencm3/lib/libopencm3_stm32l4.a(rcc.o)
rcc_set_main_pll                                  ../libopencm3/lib/libopencm3_stm32l4.a(rcc.o)
rcc_set_mco                                       ../libopencm3/lib/libopencm3_stm32l4.a(rcc_common_all.o)
rcc_set_msi_range                                 ../libopencm3/lib/libopencm3_stm32l4.a(rcc.o)
rcc_set_msi_range_standby                         ../libopencm3/lib/libopencm3_stm32l4.a(rcc.o)
rcc_set_pll_source                                ../libopencm3/lib/libopencm3_stm32l4.a(rcc.o)
rcc_set_ppre1                                     ../libopencm3/lib/libopencm3_stm32l4.a(rcc.o)
rcc_set_ppre2                                     ../libopencm3/lib/libopencm3_stm32l4.a(rcc.o)
rcc_set_rtc_clock_source                          ../libopencm3/lib/libopencm3_stm32l4.a(rcc.o)
rcc_set_sysclk_source                             ../libopencm3/lib/libopencm3_stm32l4.a(rcc.o)
rcc_system_clock_source                           ../libopencm3/lib/libopencm3_stm32l4.a(rcc.o)
rcc_wait_for_osc_ready                            ../libopencm3/lib/libopencm3_stm32l4.a(rcc.o)
rcc_wait_for_sysclk_status                        ../libopencm3/lib/libopencm3_stm32l4.a(rcc.o)
reset_handler                                     ../libopencm3/lib/libopencm3_stm32l4.a(vector.o)
rng_isr                                           ../libopencm3/lib/libopencm3_stm32l4.a(vector.o)
rtc_alarm_isr                                     ../libopencm3/lib/libopencm3_stm32l4.a(vector.o)
rtc_wkup_isr                                      ../libopencm3/lib/libopencm3_stm32l4.a(vector.o)
sai1_isr                                          ../libopencm3/lib/libopencm3_stm32l4.a(vector.o)
sai2_isr                                          ../libopencm3/lib/libopencm3_stm32l4.a(vector.o)
sdmmc1_isr                                        ../libopencm3/lib/libopencm3_stm32l4.a(vector.o)
spi1_isr                                          ../libopencm3/lib/libopencm3_stm32l4.a(vector.o)
spi2_isr                                          ../libopencm3/lib/libopencm3_stm32l4.a(vector.o)
spi3_isr                                          ../libopencm3/lib/libopencm3_stm32l4.a(vector.o)
sv_call_handler                                   ../libopencm3/lib/libopencm3_stm32l4.a(vector.o)
swpmi1_isr                                        ../libopencm3/lib/libopencm3_stm32l4.a(vector.o)
sys_tick_handler                                  src/firmware.o
systick_clear                                     ../libopencm3/lib/libopencm3_stm32l4.a(systick.o)
systick_counter_disable                           ../libopencm3/lib/libopencm3_stm32l4.a(systick.o)
systick_counter_enable                            ../libopencm3/lib/libopencm3_stm32l4.a(systick.o)
                                                  src/firmware.o
systick_get_calib                                 ../libopencm3/lib/libopencm3_stm32l4.a(systick.o)
systick_get_countflag                             ../libopencm3/lib/libopencm3_stm32l4.a(systick.o)
systick_get_reload                                ../libopencm3/lib/libopencm3_stm32l4.a(systick.o)
systick_get_value                                 ../libopencm3/lib/libopencm3_stm32l4.a(systick.o)
systick_interrupt_disable                         ../libopencm3/lib/libopencm3_stm32l4.a(systick.o)
systick_interrupt_enable                          ../libopencm3/lib/libopencm3_stm32l4.a(systick.o)
                                                  src/firmware.o
systick_set_clocksource                           ../libopencm3/lib/libopencm3_stm32l4.a(systick.o)
systick_set_frequency                             ../libopencm3/lib/libopencm3_stm32l4.a(systick.o)
                                                  src/firmware.o
systick_set_reload                                ../libopencm3/lib/libopencm3_stm32l4.a(systick.o)
tamp_stamp_isr                                    ../libopencm3/lib/libopencm3_stm32l4.a(vector.o)
ticks                                             src/firmware.o
tim1_brk_tim15_isr                                ../libopencm3/lib/libopencm3_stm32l4.a(vector.o)
tim1_cc_isr                                       ../libopencm3/lib/libopencm3_stm32l4.a(vector.o)
tim1_trg_com_tim17_isr                            ../libopencm3/lib/libopencm3_stm32l4.a(vector.o)
tim1_up_tim16_isr                                 ../libopencm3/lib/libopencm3_stm32l4.a(vector.o)
tim2_isr                                          ../libopencm3/lib/libopencm3_stm32l4.a(vector.o)
tim3_isr                                          ../libopencm3/lib/libopencm3_stm32l4.a(vector.o)
tim4_isr                                          ../libopencm3/lib/libopencm3_stm32l4.a(vector.o)
tim5_isr                                          ../libopencm3/lib/libopencm3_stm32l4.a(vector.o)
tim6_dacunder_isr                                 ../libopencm3/lib/libopencm3_stm32l4.a(vector.o)
tim7_isr                                          ../libopencm3/lib/libopencm3_stm32l4.a(vector.o)
tim8_brk_isr                                      ../libopencm3/lib/libopencm3_stm32l4.a(vector.o)
tim8_cc_isr                                       ../libopencm3/lib/libopencm3_stm32l4.a(vector.o)
tim8_trg_com_isr                                  ../libopencm3/lib/libopencm3_stm32l4.a(vector.o)
tim8_up_isr                                       ../libopencm3/lib/libopencm3_stm32l4.a(vector.o)
tsc_isr                                           ../libopencm3/lib/libopencm3_stm32l4.a(vector.o)
uart4_isr                                         ../libopencm3/lib/libopencm3_stm32l4.a(vector.o)
uart5_isr                                         ../libopencm3/lib/libopencm3_stm32l4.a(vector.o)
usage_fault_handler                               ../libopencm3/lib/libopencm3_stm32l4.a(vector.o)
usart1_isr                                        ../libopencm3/lib/libopencm3_stm32l4.a(vector.o)
usart2_isr                                        ../libopencm3/lib/libopencm3_stm32l4.a(vector.o)
usart3_isr                                        ../libopencm3/lib/libopencm3_stm32l4.a(vector.o)
vector_table                                      ../libopencm3/lib/libopencm3_stm32l4.a(vector.o)
wwdg_isr                                          ../libopencm3/lib/libopencm3_stm32l4.a(vector.o)
