Archive member included to satisfy reference by file (symbol)

../libopencm3/lib/libopencm3_stm32f4.a(vector.o)
                              (reset_handler)

Discarded input sections

 .group         0x0000000000000000        0xc src/firmware.o
 .text          0x0000000000000000        0x0 src/firmware.o
 .data          0x0000000000000000        0x0 src/firmware.o
 .bss           0x0000000000000000        0x0 src/firmware.o
 .group         0x0000000000000000        0xc ../libopencm3/lib/libopencm3_stm32f4.a(vector.o)
 .group         0x0000000000000000        0xc ../libopencm3/lib/libopencm3_stm32f4.a(vector.o)
 .group         0x0000000000000000        0xc ../libopencm3/lib/libopencm3_stm32f4.a(vector.o)
 .group         0x0000000000000000        0xc ../libopencm3/lib/libopencm3_stm32f4.a(vector.o)
 .group         0x0000000000000000        0xc ../libopencm3/lib/libopencm3_stm32f4.a(vector.o)
 .group         0x0000000000000000        0xc ../libopencm3/lib/libopencm3_stm32f4.a(vector.o)
 .group         0x0000000000000000        0xc ../libopencm3/lib/libopencm3_stm32f4.a(vector.o)
 .group         0x0000000000000000        0xc ../libopencm3/lib/libopencm3_stm32f4.a(vector.o)
 .group         0x0000000000000000        0xc ../libopencm3/lib/libopencm3_stm32f4.a(vector.o)
 .text          0x0000000000000000        0x0 ../libopencm3/lib/libopencm3_stm32f4.a(vector.o)
 .data          0x0000000000000000        0x0 ../libopencm3/lib/libopencm3_stm32f4.a(vector.o)
 .bss           0x0000000000000000        0x0 ../libopencm3/lib/libopencm3_stm32f4.a(vector.o)
 .debug_macro   0x0000000000000000      0xa6c ../libopencm3/lib/libopencm3_stm32f4.a(vector.o)

Memory Configuration

Name             Origin             Length             Attributes
rom              0x0000000008000000 0x0000000000080000 xr
ram              0x0000000020000000 0x0000000000018000 xrw
*default*        0x0000000000000000 0xffffffffffffffff

Linker script and memory map

LOAD src/firmware.o
LOAD ../libopencm3/lib/libopencm3_stm32f4.a
START GROUP
LOAD /usr/lib/gcc/arm-none-eabi/10.3.1/../../../arm-none-eabi/lib/thumb/v7e-m+fp/hard/libc.a
LOAD /usr/lib/gcc/arm-none-eabi/10.3.1/thumb/v7e-m+fp/hard/libgcc.a
LOAD /usr/lib/gcc/arm-none-eabi/10.3.1/../../../arm-none-eabi/lib/thumb/v7e-m+fp/hard/libnosys.a
END GROUP
START GROUP
LOAD /usr/lib/gcc/arm-none-eabi/10.3.1/thumb/v7e-m+fp/hard/libgcc.a
LOAD /usr/lib/gcc/arm-none-eabi/10.3.1/../../../arm-none-eabi/lib/thumb/v7e-m+fp/hard/libg.a
LOAD /usr/lib/gcc/arm-none-eabi/10.3.1/../../../arm-none-eabi/lib/thumb/v7e-m+fp/hard/libc.a
END GROUP

.text           0x0000000008000000      0x258
 *(.bootloader_section)
 *(.vectors)
 .vectors       0x0000000008000000      0x1ac ../libopencm3/lib/libopencm3_stm32f4.a(vector.o)
                0x0000000008000000                vector_table
                0x00000000080001b0                . = ALIGN (0x10)
 *fill*         0x00000000080001ac        0x4 
 *(.firmware_info)
 *(.firmware_signature)
 *(.text*)
 .text.startup.main
                0x00000000080001b0        0x4 src/firmware.o
                0x00000000080001b0                main
 .text.blocking_handler
                0x00000000080001b4        0x2 ../libopencm3/lib/libopencm3_stm32f4.a(vector.o)
                0x00000000080001b4                dma2_stream1_isr
                0x00000000080001b4                tim8_brk_tim12_isr
                0x00000000080001b4                dma1_stream7_isr
                0x00000000080001b4                usart3_isr
                0x00000000080001b4                tim7_isr
                0x00000000080001b4                dma2d_isr
                0x00000000080001b4                uart8_isr
                0x00000000080001b4                dma1_stream2_isr
                0x00000000080001b4                otg_hs_isr
                0x00000000080001b4                blocking_handler
                0x00000000080001b4                tim5_isr
                0x00000000080001b4                rtc_wkup_isr
                0x00000000080001b4                otg_fs_isr
                0x00000000080001b4                spi1_isr
                0x00000000080001b4                i2c3_er_isr
                0x00000000080001b4                exti2_isr
                0x00000000080001b4                spi5_isr
                0x00000000080001b4                usb_fs_wkup_isr
                0x00000000080001b4                tamp_stamp_isr
                0x00000000080001b4                can1_rx1_isr
                0x00000000080001b4                dma2_stream0_isr
                0x00000000080001b4                usart1_isr
                0x00000000080001b4                i2c3_ev_isr
                0x00000000080001b4                usage_fault_handler
                0x00000000080001b4                can2_rx0_isr
                0x00000000080001b4                dma1_stream6_isr
                0x00000000080001b4                can2_rx1_isr
                0x00000000080001b4                can1_sce_isr
                0x00000000080001b4                tim1_cc_isr
                0x00000000080001b4                can1_tx_isr
                0x00000000080001b4                tim1_up_tim10_isr
                0x00000000080001b4                sdio_isr
                0x00000000080001b4                eth_isr
                0x00000000080001b4                spi6_isr
                0x00000000080001b4                dma2_stream5_isr
                0x00000000080001b4                pvd_isr
                0x00000000080001b4                can1_rx0_isr
                0x00000000080001b4                rcc_isr
                0x00000000080001b4                dma2_stream3_isr
                0x00000000080001b4                flash_isr
                0x00000000080001b4                uart4_isr
                0x00000000080001b4                lcd_tft_isr
                0x00000000080001b4                rtc_alarm_isr
                0x00000000080001b4                exti15_10_isr
                0x00000000080001b4                hash_rng_isr
                0x00000000080001b4                tim1_trg_com_tim11_isr
                0x00000000080001b4                hard_fault_handler
                0x00000000080001b4                exti1_isr
                0x00000000080001b4                i2c1_ev_isr
                0x00000000080001b4                usart6_isr
                0x00000000080001b4                spi2_isr
                0x00000000080001b4                cryp_isr
                0x00000000080001b4                nvic_wwdg_isr
                0x00000000080001b4                dma1_stream1_isr
                0x00000000080001b4                dma2_stream4_isr
                0x00000000080001b4                exti3_isr
                0x00000000080001b4                tim3_isr
                0x00000000080001b4                usart2_isr
                0x00000000080001b4                sai1_isr
                0x00000000080001b4                fpu_isr
                0x00000000080001b4                dma1_stream4_isr
                0x00000000080001b4                i2c2_er_isr
                0x00000000080001b4                i2c2_ev_isr
                0x00000000080001b4                uart5_isr
                0x00000000080001b4                dma2_stream6_isr
                0x00000000080001b4                spi4_isr
                0x00000000080001b4                adc_isr
                0x00000000080001b4                dma2_stream7_isr
                0x00000000080001b4                tim8_up_tim13_isr
                0x00000000080001b4                fsmc_isr
                0x00000000080001b4                exti4_isr
                0x00000000080001b4                tim6_dac_isr
                0x00000000080001b4                dma1_stream3_isr
                0x00000000080001b4                tim8_trg_com_tim14_isr
                0x00000000080001b4                mem_manage_handler
                0x00000000080001b4                lcd_tft_err_isr
                0x00000000080001b4                can2_tx_isr
                0x00000000080001b4                exti9_5_isr
                0x00000000080001b4                tim1_brk_tim9_isr
                0x00000000080001b4                uart7_isr
                0x00000000080001b4                can2_sce_isr
                0x00000000080001b4                tim4_isr
                0x00000000080001b4                otg_hs_wkup_isr
                0x00000000080001b4                i2c1_er_isr
                0x00000000080001b4                dma1_stream0_isr
                0x00000000080001b4                tim8_cc_isr
                0x00000000080001b4                dcmi_isr
                0x00000000080001b4                dma2_stream2_isr
                0x00000000080001b4                eth_wkup_isr
                0x00000000080001b4                bus_fault_handler
                0x00000000080001b4                otg_hs_ep1_out_isr
                0x00000000080001b4                spi3_isr
                0x00000000080001b4                dma1_stream5_isr
                0x00000000080001b4                otg_hs_ep1_in_isr
                0x00000000080001b4                tim2_isr
                0x00000000080001b4                exti0_isr
 .text.null_handler
                0x00000000080001b6        0x2 ../libopencm3/lib/libopencm3_stm32f4.a(vector.o)
                0x00000000080001b6                null_handler
                0x00000000080001b6                sv_call_handler
                0x00000000080001b6                pend_sv_handler
                0x00000000080001b6                debug_monitor_handler
                0x00000000080001b6                sys_tick_handler
                0x00000000080001b6                nmi_handler
 .text.reset_handler
                0x00000000080001b8       0xa0 ../libopencm3/lib/libopencm3_stm32f4.a(vector.o)
                0x00000000080001b8                reset_handler
                0x0000000008000258                . = ALIGN (0x4)
 *(.rodata*)
                0x0000000008000258                . = ALIGN (0x4)

.glue_7         0x0000000008000258        0x0
 .glue_7        0x0000000008000258        0x0 linker stubs

.glue_7t        0x0000000008000258        0x0
 .glue_7t       0x0000000008000258        0x0 linker stubs

.vfp11_veneer   0x0000000008000258        0x0
 .vfp11_veneer  0x0000000008000258        0x0 linker stubs

.v4_bx          0x0000000008000258        0x0
 .v4_bx         0x0000000008000258        0x0 linker stubs

.iplt           0x0000000008000258        0x0
 .iplt          0x0000000008000258        0x0 ../libopencm3/lib/libopencm3_stm32f4.a(vector.o)

.rel.dyn        0x0000000008000258        0x0
 .rel.iplt      0x0000000008000258        0x0 ../libopencm3/lib/libopencm3_stm32f4.a(vector.o)

.preinit_array  0x0000000008000258        0x0
                0x0000000008000258                . = ALIGN (0x4)
                0x0000000008000258                __preinit_array_start = .
 *(.preinit_array)
                0x0000000008000258                __preinit_array_end = .

.init_array     0x0000000008000258        0x0
                0x0000000008000258                . = ALIGN (0x4)
                0x0000000008000258                __init_array_start = .
 *(SORT_BY_NAME(.init_array.*))
 *(.init_array)
                0x0000000008000258                __init_array_end = .

.fini_array     0x0000000008000258        0x0
                0x0000000008000258                . = ALIGN (0x4)
                0x0000000008000258                __fini_array_start = .
 *(.fini_array)
 *(SORT_BY_NAME(.fini_array.*))
                0x0000000008000258                __fini_array_end = .

.ARM.extab
 *(.ARM.extab*)

.ARM.exidx      0x0000000008000258        0x0
                0x0000000008000258                __exidx_start = .
 *(.ARM.exidx*)
                0x0000000008000258                __exidx_end = .
                0x0000000008000258                . = ALIGN (0x4)
                0x0000000008000258                _etext = .

.noinit
 *(.noinit*)
                0x0000000008000258                . = ALIGN (0x4)

.data           0x0000000020000000        0x0 load address 0x0000000008000258
                0x0000000020000000                _data = .
 *(.data*)
 *(.ramtext*)
                0x0000000020000000                . = ALIGN (0x4)
                0x0000000020000000                _edata = .
                0x0000000008000258                _data_loadaddr = LOADADDR (.data)

.igot.plt       0x0000000020000000        0x0 load address 0x0000000008000258
 .igot.plt      0x0000000020000000        0x0 ../libopencm3/lib/libopencm3_stm32f4.a(vector.o)

.bss            0x0000000020000000        0x0 load address 0x0000000008000258
 *(.bss*)
 *(COMMON)
                0x0000000020000000                . = ALIGN (0x4)
                0x0000000020000000                _ebss = .

/DISCARD/
 *(.eh_frame)
                0x0000000020000000                . = ALIGN (0x4)
                0x0000000020000000                end = .
                0x0000000020018000                PROVIDE (_stack = (ORIGIN (ram) + LENGTH (ram)))
OUTPUT(firmware.elf elf32-littlearm)
LOAD linker stubs

.debug_info     0x0000000000000000      0x32d
 .debug_info    0x0000000000000000       0x47 src/firmware.o
 .debug_info    0x0000000000000047      0x2e6 ../libopencm3/lib/libopencm3_stm32f4.a(vector.o)

.debug_abbrev   0x0000000000000000      0x199
 .debug_abbrev  0x0000000000000000       0x3e src/firmware.o
 .debug_abbrev  0x000000000000003e      0x15b ../libopencm3/lib/libopencm3_stm32f4.a(vector.o)

.debug_aranges  0x0000000000000000       0x50
 .debug_aranges
                0x0000000000000000       0x20 src/firmware.o
 .debug_aranges
                0x0000000000000020       0x30 ../libopencm3/lib/libopencm3_stm32f4.a(vector.o)

.debug_ranges   0x0000000000000000       0x30
 .debug_ranges  0x0000000000000000       0x10 src/firmware.o
 .debug_ranges  0x0000000000000010       0x20 ../libopencm3/lib/libopencm3_stm32f4.a(vector.o)

.debug_macro    0x0000000000000000     0x16dd
 .debug_macro   0x0000000000000000       0x11 src/firmware.o
 .debug_macro   0x0000000000000011      0xa6c src/firmware.o
 .debug_macro   0x0000000000000a7d       0x8a ../libopencm3/lib/libopencm3_stm32f4.a(vector.o)
 .debug_macro   0x0000000000000b07       0x76 ../libopencm3/lib/libopencm3_stm32f4.a(vector.o)
 .debug_macro   0x0000000000000b7d       0x1c ../libopencm3/lib/libopencm3_stm32f4.a(vector.o)
 .debug_macro   0x0000000000000b99      0x34e ../libopencm3/lib/libopencm3_stm32f4.a(vector.o)
 .debug_macro   0x0000000000000ee7       0x22 ../libopencm3/lib/libopencm3_stm32f4.a(vector.o)
 .debug_macro   0x0000000000000f09       0xe8 ../libopencm3/lib/libopencm3_stm32f4.a(vector.o)
 .debug_macro   0x0000000000000ff1      0x452 ../libopencm3/lib/libopencm3_stm32f4.a(vector.o)
 .debug_macro   0x0000000000001443       0x6e ../libopencm3/lib/libopencm3_stm32f4.a(vector.o)
 .debug_macro   0x00000000000014b1      0x22c ../libopencm3/lib/libopencm3_stm32f4.a(vector.o)

.debug_line     0x0000000000000000      0x367
 .debug_line    0x0000000000000000       0x45 src/firmware.o
 .debug_line    0x0000000000000045      0x322 ../libopencm3/lib/libopencm3_stm32f4.a(vector.o)

.debug_str      0x0000000000000000     0x69ab
 .debug_str     0x0000000000000000     0x2c95 src/firmware.o
                                       0x2c9a (size before relaxing)
 .debug_str     0x0000000000002c95     0x3d16 ../libopencm3/lib/libopencm3_stm32f4.a(vector.o)
                                       0x6a35 (size before relaxing)

.comment        0x0000000000000000       0x33
 .comment       0x0000000000000000       0x33 src/firmware.o
                                         0x34 (size before relaxing)
 .comment       0x0000000000000033       0x34 ../libopencm3/lib/libopencm3_stm32f4.a(vector.o)

.ARM.attributes
                0x0000000000000000       0x34
 .ARM.attributes
                0x0000000000000000       0x34 src/firmware.o
 .ARM.attributes
                0x0000000000000034       0x34 ../libopencm3/lib/libopencm3_stm32f4.a(vector.o)

.debug_frame    0x0000000000000000       0x6c
 .debug_frame   0x0000000000000000       0x20 src/firmware.o
 .debug_frame   0x0000000000000020       0x4c ../libopencm3/lib/libopencm3_stm32f4.a(vector.o)

.debug_loc      0x0000000000000000      0x128
 .debug_loc     0x0000000000000000      0x128 ../libopencm3/lib/libopencm3_stm32f4.a(vector.o)

Cross Reference Table

Symbol                                            File
__fini_array_end                                  ../libopencm3/lib/libopencm3_stm32f4.a(vector.o)
__fini_array_start                                ../libopencm3/lib/libopencm3_stm32f4.a(vector.o)
__init_array_end                                  ../libopencm3/lib/libopencm3_stm32f4.a(vector.o)
__init_array_start                                ../libopencm3/lib/libopencm3_stm32f4.a(vector.o)
__preinit_array_end                               ../libopencm3/lib/libopencm3_stm32f4.a(vector.o)
__preinit_array_start                             ../libopencm3/lib/libopencm3_stm32f4.a(vector.o)
_data                                             ../libopencm3/lib/libopencm3_stm32f4.a(vector.o)
_data_loadaddr                                    ../libopencm3/lib/libopencm3_stm32f4.a(vector.o)
_ebss                                             ../libopencm3/lib/libopencm3_stm32f4.a(vector.o)
_edata                                            ../libopencm3/lib/libopencm3_stm32f4.a(vector.o)
_stack                                            ../libopencm3/lib/libopencm3_stm32f4.a(vector.o)
adc_isr                                           ../libopencm3/lib/libopencm3_stm32f4.a(vector.o)
blocking_handler                                  ../libopencm3/lib/libopencm3_stm32f4.a(vector.o)
bus_fault_handler                                 ../libopencm3/lib/libopencm3_stm32f4.a(vector.o)
can1_rx0_isr                                      ../libopencm3/lib/libopencm3_stm32f4.a(vector.o)
can1_rx1_isr                                      ../libopencm3/lib/libopencm3_stm32f4.a(vector.o)
can1_sce_isr                                      ../libopencm3/lib/libopencm3_stm32f4.a(vector.o)
can1_tx_isr                                       ../libopencm3/lib/libopencm3_stm32f4.a(vector.o)
can2_rx0_isr                                      ../libopencm3/lib/libopencm3_stm32f4.a(vector.o)
can2_rx1_isr                                      ../libopencm3/lib/libopencm3_stm32f4.a(vector.o)
can2_sce_isr                                      ../libopencm3/lib/libopencm3_stm32f4.a(vector.o)
can2_tx_isr                                       ../libopencm3/lib/libopencm3_stm32f4.a(vector.o)
cryp_isr                                          ../libopencm3/lib/libopencm3_stm32f4.a(vector.o)
dcmi_isr                                          ../libopencm3/lib/libopencm3_stm32f4.a(vector.o)
debug_monitor_handler                             ../libopencm3/lib/libopencm3_stm32f4.a(vector.o)
dma1_stream0_isr                                  ../libopencm3/lib/libopencm3_stm32f4.a(vector.o)
dma1_stream1_isr                                  ../libopencm3/lib/libopencm3_stm32f4.a(vector.o)
dma1_stream2_isr                                  ../libopencm3/lib/libopencm3_stm32f4.a(vector.o)
dma1_stream3_isr                                  ../libopencm3/lib/libopencm3_stm32f4.a(vector.o)
dma1_stream4_isr                                  ../libopencm3/lib/libopencm3_stm32f4.a(vector.o)
dma1_stream5_isr                                  ../libopencm3/lib/libopencm3_stm32f4.a(vector.o)
dma1_stream6_isr                                  ../libopencm3/lib/libopencm3_stm32f4.a(vector.o)
dma1_stream7_isr                                  ../libopencm3/lib/libopencm3_stm32f4.a(vector.o)
dma2_stream0_isr                                  ../libopencm3/lib/libopencm3_stm32f4.a(vector.o)
dma2_stream1_isr                                  ../libopencm3/lib/libopencm3_stm32f4.a(vector.o)
dma2_stream2_isr                                  ../libopencm3/lib/libopencm3_stm32f4.a(vector.o)
dma2_stream3_isr                                  ../libopencm3/lib/libopencm3_stm32f4.a(vector.o)
dma2_stream4_isr                                  ../libopencm3/lib/libopencm3_stm32f4.a(vector.o)
dma2_stream5_isr                                  ../libopencm3/lib/libopencm3_stm32f4.a(vector.o)
dma2_stream6_isr                                  ../libopencm3/lib/libopencm3_stm32f4.a(vector.o)
dma2_stream7_isr                                  ../libopencm3/lib/libopencm3_stm32f4.a(vector.o)
dma2d_isr                                         ../libopencm3/lib/libopencm3_stm32f4.a(vector.o)
eth_isr                                           ../libopencm3/lib/libopencm3_stm32f4.a(vector.o)
eth_wkup_isr                                      ../libopencm3/lib/libopencm3_stm32f4.a(vector.o)
exti0_isr                                         ../libopencm3/lib/libopencm3_stm32f4.a(vector.o)
exti15_10_isr                                     ../libopencm3/lib/libopencm3_stm32f4.a(vector.o)
exti1_isr                                         ../libopencm3/lib/libopencm3_stm32f4.a(vector.o)
exti2_isr                                         ../libopencm3/lib/libopencm3_stm32f4.a(vector.o)
exti3_isr                                         ../libopencm3/lib/libopencm3_stm32f4.a(vector.o)
exti4_isr                                         ../libopencm3/lib/libopencm3_stm32f4.a(vector.o)
exti9_5_isr                                       ../libopencm3/lib/libopencm3_stm32f4.a(vector.o)
flash_isr                                         ../libopencm3/lib/libopencm3_stm32f4.a(vector.o)
fpu_isr                                           ../libopencm3/lib/libopencm3_stm32f4.a(vector.o)
fsmc_isr                                          ../libopencm3/lib/libopencm3_stm32f4.a(vector.o)
hard_fault_handler                                ../libopencm3/lib/libopencm3_stm32f4.a(vector.o)
hash_rng_isr                                      ../libopencm3/lib/libopencm3_stm32f4.a(vector.o)
i2c1_er_isr                                       ../libopencm3/lib/libopencm3_stm32f4.a(vector.o)
i2c1_ev_isr                                       ../libopencm3/lib/libopencm3_stm32f4.a(vector.o)
i2c2_er_isr                                       ../libopencm3/lib/libopencm3_stm32f4.a(vector.o)
i2c2_ev_isr                                       ../libopencm3/lib/libopencm3_stm32f4.a(vector.o)
i2c3_er_isr                                       ../libopencm3/lib/libopencm3_stm32f4.a(vector.o)
i2c3_ev_isr                                       ../libopencm3/lib/libopencm3_stm32f4.a(vector.o)
lcd_tft_err_isr                                   ../libopencm3/lib/libopencm3_stm32f4.a(vector.o)
lcd_tft_isr                                       ../libopencm3/lib/libopencm3_stm32f4.a(vector.o)
main                                              src/firmware.o
                                                  ../libopencm3/lib/libopencm3_stm32f4.a(vector.o)
mem_manage_handler                                ../libopencm3/lib/libopencm3_stm32f4.a(vector.o)
nmi_handler                                       ../libopencm3/lib/libopencm3_stm32f4.a(vector.o)
null_handler                                      ../libopencm3/lib/libopencm3_stm32f4.a(vector.o)
nvic_wwdg_isr                                     ../libopencm3/lib/libopencm3_stm32f4.a(vector.o)
otg_fs_isr                                        ../libopencm3/lib/libopencm3_stm32f4.a(vector.o)
otg_hs_ep1_in_isr                                 ../libopencm3/lib/libopencm3_stm32f4.a(vector.o)
otg_hs_ep1_out_isr                                ../libopencm3/lib/libopencm3_stm32f4.a(vector.o)
otg_hs_isr                                        ../libopencm3/lib/libopencm3_stm32f4.a(vector.o)
otg_hs_wkup_isr                                   ../libopencm3/lib/libopencm3_stm32f4.a(vector.o)
pend_sv_handler                                   ../libopencm3/lib/libopencm3_stm32f4.a(vector.o)
pvd_isr                                           ../libopencm3/lib/libopencm3_stm32f4.a(vector.o)
rcc_isr                                           ../libopencm3/lib/libopencm3_stm32f4.a(vector.o)
reset_handler                                     ../libopencm3/lib/libopencm3_stm32f4.a(vector.o)
rtc_alarm_isr                                     ../libopencm3/lib/libopencm3_stm32f4.a(vector.o)
rtc_wkup_isr                                      ../libopencm3/lib/libopencm3_stm32f4.a(vector.o)
sai1_isr                                          ../libopencm3/lib/libopencm3_stm32f4.a(vector.o)
sdio_isr                                          ../libopencm3/lib/libopencm3_stm32f4.a(vector.o)
spi1_isr                                          ../libopencm3/lib/libopencm3_stm32f4.a(vector.o)
spi2_isr                                          ../libopencm3/lib/libopencm3_stm32f4.a(vector.o)
spi3_isr                                          ../libopencm3/lib/libopencm3_stm32f4.a(vector.o)
spi4_isr                                          ../libopencm3/lib/libopencm3_stm32f4.a(vector.o)
spi5_isr                                          ../libopencm3/lib/libopencm3_stm32f4.a(vector.o)
spi6_isr                                          ../libopencm3/lib/libopencm3_stm32f4.a(vector.o)
sv_call_handler                                   ../libopencm3/lib/libopencm3_stm32f4.a(vector.o)
sys_tick_handler                                  ../libopencm3/lib/libopencm3_stm32f4.a(vector.o)
tamp_stamp_isr                                    ../libopencm3/lib/libopencm3_stm32f4.a(vector.o)
tim1_brk_tim9_isr                                 ../libopencm3/lib/libopencm3_stm32f4.a(vector.o)
tim1_cc_isr                                       ../libopencm3/lib/libopencm3_stm32f4.a(vector.o)
tim1_trg_com_tim11_isr                            ../libopencm3/lib/libopencm3_stm32f4.a(vector.o)
tim1_up_tim10_isr                                 ../libopencm3/lib/libopencm3_stm32f4.a(vector.o)
tim2_isr                                          ../libopencm3/lib/libopencm3_stm32f4.a(vector.o)
tim3_isr                                          ../libopencm3/lib/libopencm3_stm32f4.a(vector.o)
tim4_isr                                          ../libopencm3/lib/libopencm3_stm32f4.a(vector.o)
tim5_isr                                          ../libopencm3/lib/libopencm3_stm32f4.a(vector.o)
tim6_dac_isr                                      ../libopencm3/lib/libopencm3_stm32f4.a(vector.o)
tim7_isr                                          ../libopencm3/lib/libopencm3_stm32f4.a(vector.o)
tim8_brk_tim12_isr                                ../libopencm3/lib/libopencm3_stm32f4.a(vector.o)
tim8_cc_isr                                       ../libopencm3/lib/libopencm3_stm32f4.a(vector.o)
tim8_trg_com_tim14_isr                            ../libopencm3/lib/libopencm3_stm32f4.a(vector.o)
tim8_up_tim13_isr                                 ../libopencm3/lib/libopencm3_stm32f4.a(vector.o)
uart4_isr                                         ../libopencm3/lib/libopencm3_stm32f4.a(vector.o)
uart5_isr                                         ../libopencm3/lib/libopencm3_stm32f4.a(vector.o)
uart7_isr                                         ../libopencm3/lib/libopencm3_stm32f4.a(vector.o)
uart8_isr                                         ../libopencm3/lib/libopencm3_stm32f4.a(vector.o)
usage_fault_handler                               ../libopencm3/lib/libopencm3_stm32f4.a(vector.o)
usart1_isr                                        ../libopencm3/lib/libopencm3_stm32f4.a(vector.o)
usart2_isr                                        ../libopencm3/lib/libopencm3_stm32f4.a(vector.o)
usart3_isr                                        ../libopencm3/lib/libopencm3_stm32f4.a(vector.o)
usart6_isr                                        ../libopencm3/lib/libopencm3_stm32f4.a(vector.o)
usb_fs_wkup_isr                                   ../libopencm3/lib/libopencm3_stm32f4.a(vector.o)
vector_table                                      ../libopencm3/lib/libopencm3_stm32f4.a(vector.o)
