Archive member included to satisfy reference by file (symbol)

../libopencm3/lib/libopencm3_stm32l4.a(gpio_common_f0234.o)
                              src/firmware.o (gpio_mode_setup)
../libopencm3/lib/libopencm3_stm32l4.a(rcc.o)
                              src/core/system.o (rcc_clock_setup_pll)
../libopencm3/lib/libopencm3_stm32l4.a(rcc_common_all.o)
                              src/firmware.o (rcc_periph_clock_enable)
../libopencm3/lib/libopencm3_stm32l4.a(timer_common_all.o)
                              src/core/timer.o (timer_set_mode)
../libopencm3/lib/libopencm3_stm32l4.a(vector.o)
                              (reset_handler)
../libopencm3/lib/libopencm3_stm32l4.a(systick.o)
                              src/core/system.o (systick_set_frequency)
../libopencm3/lib/libopencm3_stm32l4.a(flash_common_all.o)
                              ../libopencm3/lib/libopencm3_stm32l4.a(rcc.o) (flash_set_ws)
../libopencm3/lib/libopencm3_stm32l4.a(flash_common_idcache.o)
                              ../libopencm3/lib/libopencm3_stm32l4.a(rcc.o) (flash_dcache_enable)
../libopencm3/lib/libopencm3_stm32l4.a(pwr.o)
                              ../libopencm3/lib/libopencm3_stm32l4.a(rcc.o) (pwr_set_vos_scale)

Discarded input sections

 .group         0x0000000000000000        0xc src/firmware.o
 .group         0x0000000000000000        0xc src/firmware.o
 .group         0x0000000000000000        0xc src/firmware.o
 .group         0x0000000000000000        0xc src/firmware.o
 .group         0x0000000000000000        0xc src/firmware.o
 .group         0x0000000000000000        0xc src/firmware.o
 .group         0x0000000000000000        0xc src/firmware.o
 .group         0x0000000000000000        0xc src/firmware.o
 .group         0x0000000000000000        0xc src/firmware.o
 .group         0x0000000000000000        0xc src/firmware.o
 .group         0x0000000000000000        0xc src/firmware.o
 .group         0x0000000000000000        0xc src/firmware.o
 .group         0x0000000000000000        0xc src/firmware.o
 .group         0x0000000000000000        0xc src/firmware.o
 .group         0x0000000000000000        0xc src/firmware.o
 .text          0x0000000000000000        0x0 src/firmware.o
 .data          0x0000000000000000        0x0 src/firmware.o
 .bss           0x0000000000000000        0x0 src/firmware.o
 .text          0x0000000000000000        0x0 src/bootloader.o
 .data          0x0000000000000000        0x0 src/bootloader.o
 .bss           0x0000000000000000        0x0 src/bootloader.o
 .ARM.attributes
                0x0000000000000000       0x20 src/bootloader.o
 .group         0x0000000000000000        0xc src/core/system.o
 .group         0x0000000000000000        0xc src/core/system.o
 .group         0x0000000000000000        0xc src/core/system.o
 .group         0x0000000000000000        0xc src/core/system.o
 .group         0x0000000000000000        0xc src/core/system.o
 .group         0x0000000000000000        0xc src/core/system.o
 .group         0x0000000000000000        0xc src/core/system.o
 .group         0x0000000000000000        0xc src/core/system.o
 .group         0x0000000000000000        0xc src/core/system.o
 .group         0x0000000000000000        0xc src/core/system.o
 .group         0x0000000000000000        0xc src/core/system.o
 .group         0x0000000000000000        0xc src/core/system.o
 .text          0x0000000000000000        0x0 src/core/system.o
 .data          0x0000000000000000        0x0 src/core/system.o
 .bss           0x0000000000000000        0x0 src/core/system.o
 .debug_macro   0x0000000000000000      0xa6c src/core/system.o
 .debug_macro   0x0000000000000000      0x34e src/core/system.o
 .debug_macro   0x0000000000000000       0x22 src/core/system.o
 .debug_macro   0x0000000000000000       0x10 src/core/system.o
 .debug_macro   0x0000000000000000       0x76 src/core/system.o
 .debug_macro   0x0000000000000000      0x215 src/core/system.o
 .debug_macro   0x0000000000000000      0xcc1 src/core/system.o
 .group         0x0000000000000000        0xc src/core/timer.o
 .group         0x0000000000000000        0xc src/core/timer.o
 .group         0x0000000000000000        0xc src/core/timer.o
 .group         0x0000000000000000        0xc src/core/timer.o
 .group         0x0000000000000000        0xc src/core/timer.o
 .group         0x0000000000000000        0xc src/core/timer.o
 .group         0x0000000000000000        0xc src/core/timer.o
 .group         0x0000000000000000        0xc src/core/timer.o
 .group         0x0000000000000000        0xc src/core/timer.o
 .group         0x0000000000000000        0xc src/core/timer.o
 .text          0x0000000000000000        0x0 src/core/timer.o
 .data          0x0000000000000000        0x0 src/core/timer.o
 .bss           0x0000000000000000        0x0 src/core/timer.o
 .debug_macro   0x0000000000000000      0xa6c src/core/timer.o
 .debug_macro   0x0000000000000000       0x1c src/core/timer.o
[...]
Memory Configuration

Name             Origin             Length             Attributes
rom              0x0000000008000000 0x0000000000080000 xr
ram              0x0000000020000000 0x0000000000018000 xrw
*default*        0x0000000000000000 0xffffffffffffffff

Linker script and memory map

LOAD src/firmware.o
LOAD src/bootloader.o
LOAD src/core/system.o
LOAD src/core/timer.o
LOAD ../libopencm3/lib/libopencm3_stm32l4.a
START GROUP
LOAD /usr/lib/gcc/arm-none-eabi/10.3.1/../../../arm-none-eabi/lib/thumb/v7e-m+fp/hard/libc.a
LOAD /usr/lib/gcc/arm-none-eabi/10.3.1/thumb/v7e-m+fp/hard/libgcc.a
LOAD /usr/lib/gcc/arm-none-eabi/10.3.1/../../../arm-none-eabi/lib/thumb/v7e-m+fp/hard/libnosys.a
END GROUP
START GROUP
LOAD /usr/lib/gcc/arm-none-eabi/10.3.1/thumb/v7e-m+fp/hard/libgcc.a
LOAD /usr/lib/gcc/arm-none-eabi/10.3.1/../../../arm-none-eabi/lib/thumb/v7e-m+fp/hard/libg.a
LOAD /usr/lib/gcc/arm-none-eabi/10.3.1/../../../arm-none-eabi/lib/thumb/v7e-m+fp/hard/libc.a
END GROUP

.text           0x0000000008000000     0x8a54
 *(.bootloader_section)
 .bootloader_section
                0x0000000008000000     0x8000 src/bootloader.o
 *(.vectors)
 .vectors       0x0000000008008000      0x1ac ../libopencm3/lib/libopencm3_stm32l4.a(vector.o)
                0x0000000008008000                vector_table
                0x00000000080081b0                . = ALIGN (0x10)
 *fill*         0x00000000080081ac        0x4 
 *(.firmware_info)
 *(.firmware_signature)
 *(.text*)
 .text.startup.main
                0x00000000080081b0       0x94 src/firmware.o
                0x00000000080081b0                main
 .text.sys_tick_handler
                0x0000000008008244       0x18 src/core/system.o
                0x0000000008008244                sys_tick_handler
 .text.system_get_ticks
                0x000000000800825c        0xc src/core/system.o
                0x000000000800825c                system_get_ticks
 .text.system_setup
                0x0000000008008268       0x28 src/core/system.o
                0x0000000008008268                system_setup
 .text.timer_setup
                0x0000000008008290       0x50 src/core/timer.o
                0x0000000008008290                timer_setup
 .text.timer_pwm_set_duty_cycle
                0x00000000080082e0       0x2c src/core/timer.o
                0x00000000080082e0                timer_pwm_set_duty_cycle
 .text.gpio_mode_setup
                0x000000000800830c       0x40 ../libopencm3/lib/libopencm3_stm32l4.a(gpio_common_f0234.o)
                0x000000000800830c                gpio_mode_setup
 .text.gpio_set_af
                0x000000000800834c       0x58 ../libopencm3/lib/libopencm3_stm32l4.a(gpio_common_f0234.o)
                0x000000000800834c                gpio_set_af
 .text.rcc_is_osc_ready
                0x00000000080083a4       0x58 ../libopencm3/lib/libopencm3_stm32l4.a(rcc.o)
                0x00000000080083a4                rcc_is_osc_ready
 .text.rcc_wait_for_osc_ready
                0x00000000080083fc       0x10 ../libopencm3/lib/libopencm3_stm32l4.a(rcc.o)
                0x00000000080083fc                rcc_wait_for_osc_ready
 .text.rcc_wait_for_sysclk_status
                0x000000000800840c       0x48 ../libopencm3/lib/libopencm3_stm32l4.a(rcc.o)
                0x000000000800840c                rcc_wait_for_sysclk_status
 .text.rcc_osc_on
                0x0000000008008454       0x70 ../libopencm3/lib/libopencm3_stm32l4.a(rcc.o)
                0x0000000008008454                rcc_osc_on
 .text.rcc_osc_off
                0x00000000080084c4       0x70 ../libopencm3/lib/libopencm3_stm32l4.a(rcc.o)
                0x00000000080084c4                rcc_osc_off
 .text.rcc_set_sysclk_source
                0x0000000008008534       0x14 ../libopencm3/lib/libopencm3_stm32l4.a(rcc.o)
                0x0000000008008534                rcc_set_sysclk_source
 .text.rcc_set_ppre2
                0x0000000008008548       0x14 ../libopencm3/lib/libopencm3_stm32l4.a(rcc.o)
                0x0000000008008548                rcc_set_ppre2
 .text.rcc_set_ppre1
                0x000000000800855c       0x14 ../libopencm3/lib/libopencm3_stm32l4.a(rcc.o)
                0x000000000800855c                rcc_set_ppre1
 .text.rcc_set_hpre
                0x0000000008008570       0x14 ../libopencm3/lib/libopencm3_stm32l4.a(rcc.o)
                0x0000000008008570                rcc_set_hpre
 .text.rcc_set_main_pll
                0x0000000008008584       0x28 ../libopencm3/lib/libopencm3_stm32l4.a(rcc.o)
                0x0000000008008584                rcc_set_main_pll
 .text.rcc_clock_setup_pll
                0x00000000080085ac       0xd0 ../libopencm3/lib/libopencm3_stm32l4.a(rcc.o)
                0x00000000080085ac                rcc_clock_setup_pll
 .text.rcc_periph_clock_enable
                0x000000000800867c       0x1c ../libopencm3/lib/libopencm3_stm32l4.a(rcc_common_all.o)
                0x000000000800867c                rcc_periph_clock_enable
 .text.timer_set_mode
                0x0000000008008698       0x12 ../libopencm3/lib/libopencm3_stm32l4.a(timer_common_all.o)
                0x0000000008008698                timer_set_mode
 .text.timer_enable_counter
                0x00000000080086aa        0xa ../libopencm3/lib/libopencm3_stm32l4.a(timer_common_all.o)
                0x00000000080086aa                timer_enable_counter
 .text.timer_set_prescaler
                0x00000000080086b4        0x4 ../libopencm3/lib/libopencm3_stm32l4.a(timer_common_all.o)
                0x00000000080086b4                timer_set_prescaler
 .text.timer_set_period
                0x00000000080086b8        0x4 ../libopencm3/lib/libopencm3_stm32l4.a(timer_common_all.o)
                0x00000000080086b8                timer_set_period
 .text.timer_set_oc_mode
                0x00000000080086bc      0x18c ../libopencm3/lib/libopencm3_stm32l4.a(timer_common_all.o)
                0x00000000080086bc                timer_set_oc_mode
 .text.timer_enable_oc_output
                0x0000000008008848       0x4a ../libopencm3/lib/libopencm3_stm32l4.a(timer_common_all.o)
                0x0000000008008848                timer_enable_oc_output
 .text.timer_set_oc_value
                0x0000000008008892       0x20 ../libopencm3/lib/libopencm3_stm32l4.a(timer_common_all.o)
                0x0000000008008892                timer_set_oc_value
 .text.blocking_handler
                0x00000000080088b2        0x2 ../libopencm3/lib/libopencm3_stm32l4.a(vector.o)
                0x00000000080088b2                i2c4_ev_isr
                0x00000000080088b2                usart3_isr
                0x00000000080088b2                swpmi1_isr
                0x00000000080088b2                tim7_isr
                0x00000000080088b2                dma2d_isr
                0x00000000080088b2                rng_isr
                0x00000000080088b2                adc1_2_isr
                0x00000000080088b2                i2c4_er_isr
                0x00000000080088b2                blocking_handler
                0x00000000080088b2                tsc_isr
                0x00000000080088b2                tim5_isr
                0x00000000080088b2                rtc_wkup_isr
                0x00000000080088b2                otg_fs_isr
                0x00000000080088b2                tim1_up_tim16_isr
                0x00000000080088b2                spi1_isr
                0x00000000080088b2                i2c3_er_isr
                0x00000000080088b2                dma2_channel7_isr
                0x00000000080088b2                exti2_isr
                0x00000000080088b2                dma1_channel6_isr
                0x00000000080088b2                dma1_channel5_isr
                0x00000000080088b2                dma2_channel5_isr
                0x00000000080088b2                tamp_stamp_isr
                0x00000000080088b2                fmc_isr
                0x00000000080088b2                can1_rx1_isr
                0x00000000080088b2                usart1_isr
                0x00000000080088b2                i2c3_ev_isr
                0x00000000080088b2                usage_fault_handler
                0x00000000080088b2                tim8_trg_com_isr
                0x00000000080088b2                can2_rx0_isr
                0x00000000080088b2                tim1_trg_com_tim17_isr
                0x00000000080088b2                can2_rx1_isr
                0x00000000080088b2                can1_sce_isr
                0x00000000080088b2                tim1_cc_isr
                0x00000000080088b2                can1_tx_isr
                0x00000000080088b2                dma1_channel4_isr
                0x00000000080088b2                tim8_brk_isr
                0x00000000080088b2                dma2_channel4_isr
                0x00000000080088b2                lptim1_isr
                0x00000000080088b2                lpuart1_isr
                0x00000000080088b2                can1_rx0_isr
                0x00000000080088b2                rcc_isr
                0x00000000080088b2                flash_isr
                0x00000000080088b2                uart4_isr
                0x00000000080088b2                rtc_alarm_isr
                0x00000000080088b2                exti15_10_isr
                0x00000000080088b2                hard_fault_handler
                0x00000000080088b2                exti1_isr
                0x00000000080088b2                i2c1_ev_isr
                0x00000000080088b2                dma2_channel1_isr
                0x00000000080088b2                dfsdm2_isr
                0x00000000080088b2                spi2_isr
                0x00000000080088b2                aes_isr
                0x00000000080088b2                tim8_up_isr
                0x00000000080088b2                tim6_dacunder_isr
                0x00000000080088b2                dma2_channel6_isr
                0x00000000080088b2                dma2_channel2_isr
                0x00000000080088b2                exti3_isr
                0x00000000080088b2                adc3_isr
                0x00000000080088b2                tim3_isr
                0x00000000080088b2                usart2_isr
                0x00000000080088b2                sai1_isr
                0x00000000080088b2                fpu_isr
                0x00000000080088b2                i2c2_er_isr
                0x00000000080088b2                i2c2_ev_isr
                0x00000000080088b2                uart5_isr
                0x00000000080088b2                dma1_channel1_isr
                0x00000000080088b2                exti4_isr
                0x00000000080088b2                dfsdm3_isr
                0x00000000080088b2                comp_isr
                0x00000000080088b2                mem_manage_handler
                0x00000000080088b2                can2_tx_isr
                0x00000000080088b2                lptim2_isr
                0x00000000080088b2                lcd_isr
                0x00000000080088b2                exti9_5_isr
                0x00000000080088b2                dma2_channel3_isr
                0x00000000080088b2                dfsdm1_isr
                0x00000000080088b2                dma1_channel7_isr
                0x00000000080088b2                pvd_pvm_isr
                0x00000000080088b2                can2_sce_isr
                0x00000000080088b2                tim4_isr
                0x00000000080088b2                sai2_isr
                0x00000000080088b2                dma1_channel2_isr
                0x00000000080088b2                i2c1_er_isr
                0x00000000080088b2                tim8_cc_isr
                0x00000000080088b2                dcmi_isr
                0x00000000080088b2                hash_crs_isr
                0x00000000080088b2                bus_fault_handler
                0x00000000080088b2                wwdg_isr
                0x00000000080088b2                tim1_brk_tim15_isr
                0x00000000080088b2                dma1_channel3_isr
                0x00000000080088b2                sdmmc1_isr
                0x00000000080088b2                spi3_isr
                0x00000000080088b2                quadspi_isr
                0x00000000080088b2                dfsdm0_isr
                0x00000000080088b2                tim2_isr
                0x00000000080088b2                exti0_isr
 .text.null_handler
                0x00000000080088b4        0x2 ../libopencm3/lib/libopencm3_stm32l4.a(vector.o)
                0x00000000080088b4                null_handler
                0x00000000080088b4                sv_call_handler
                0x00000000080088b4                pend_sv_handler
                0x00000000080088b4                debug_monitor_handler
                0x00000000080088b4                nmi_handler
 *fill*         0x00000000080088b6        0x2 
 .text.reset_handler
                0x00000000080088b8       0xa0 ../libopencm3/lib/libopencm3_stm32l4.a(vector.o)
                0x00000000080088b8                reset_handler
 .text.systick_set_clocksource
                0x0000000008008958       0x14 ../libopencm3/lib/libopencm3_stm32l4.a(systick.o)
                0x0000000008008958                systick_set_clocksource
 .text.systick_set_frequency
                0x000000000800896c       0x38 ../libopencm3/lib/libopencm3_stm32l4.a(systick.o)
                0x000000000800896c                systick_set_frequency
 .text.systick_interrupt_enable
                0x00000000080089a4        0xe ../libopencm3/lib/libopencm3_stm32l4.a(systick.o)
                0x00000000080089a4                systick_interrupt_enable
 .text.systick_counter_enable
                0x00000000080089b2        0xe ../libopencm3/lib/libopencm3_stm32l4.a(systick.o)
                0x00000000080089b2                systick_counter_enable
 .text.flash_set_ws
                0x00000000080089c0       0x14 ../libopencm3/lib/libopencm3_stm32l4.a(flash_common_all.o)
                0x00000000080089c0                flash_set_ws
 .text.flash_dcache_enable
                0x00000000080089d4       0x10 ../libopencm3/lib/libopencm3_stm32l4.a(flash_common_idcache.o)
                0x00000000080089d4                flash_dcache_enable
 .text.flash_dcache_disable
                0x00000000080089e4       0x10 ../libopencm3/lib/libopencm3_stm32l4.a(flash_common_idcache.o)
                0x00000000080089e4                flash_dcache_disable
 .text.flash_icache_enable
                0x00000000080089f4       0x10 ../libopencm3/lib/libopencm3_stm32l4.a(flash_common_idcache.o)
                0x00000000080089f4                flash_icache_enable
 .text.flash_icache_disable
                0x0000000008008a04       0x10 ../libopencm3/lib/libopencm3_stm32l4.a(flash_common_idcache.o)
                0x0000000008008a04                flash_icache_disable
 .text.pwr_set_vos_scale
                0x0000000008008a14       0x24 ../libopencm3/lib/libopencm3_stm32l4.a(pwr.o)
                0x0000000008008a14                pwr_set_vos_scale
                0x0000000008008a38                . = ALIGN (0x4)
 *(.rodata*)
 .rodata.rcc_hsi16_configs
                0x0000000008008a38       0x1c ../libopencm3/lib/libopencm3_stm32l4.a(rcc.o)
                0x0000000008008a38                rcc_hsi16_configs
                0x0000000008008a54                . = ALIGN (0x4)

.glue_7         0x0000000008008a54        0x0
 .glue_7        0x0000000008008a54        0x0 linker stubs

.glue_7t        0x0000000008008a54        0x0
 .glue_7t       0x0000000008008a54        0x0 linker stubs

.vfp11_veneer   0x0000000008008a54        0x0
 .vfp11_veneer  0x0000000008008a54        0x0 linker stubs

.v4_bx          0x0000000008008a54        0x0
 .v4_bx         0x0000000008008a54        0x0 linker stubs

.iplt           0x0000000008008a54        0x0
 .iplt          0x0000000008008a54        0x0 src/firmware.o

.rel.dyn        0x0000000008008a54        0x0
 .rel.iplt      0x0000000008008a54        0x0 src/firmware.o

.preinit_array  0x0000000008008a54        0x0
                0x0000000008008a54                . = ALIGN (0x4)
                0x0000000008008a54                __preinit_array_start = .
 *(.preinit_array)
                0x0000000008008a54                __preinit_array_end = .

.init_array     0x0000000008008a54        0x0
                0x0000000008008a54                . = ALIGN (0x4)
                0x0000000008008a54                __init_array_start = .
 *(SORT_BY_NAME(.init_array.*))
 *(.init_array)
                0x0000000008008a54                __init_array_end = .

.fini_array     0x0000000008008a54        0x0
                0x0000000008008a54                . = ALIGN (0x4)
                0x0000000008008a54                __fini_array_start = .
 *(.fini_array)
 *(SORT_BY_NAME(.fini_array.*))
                0x0000000008008a54                __fini_array_end = .

.ARM.extab
 *(.ARM.extab*)

.ARM.exidx      0x0000000008008a54        0x0
                0x0000000008008a54                __exidx_start = .
 *(.ARM.exidx*)
                0x0000000008008a54                __exidx_end = .
                0x0000000008008a54                . = ALIGN (0x4)
                0x0000000008008a54                _etext = .

.noinit
 *(.noinit*)
                0x0000000008008a54                . = ALIGN (0x4)

.data           0x0000000020000000        0xc load address 0x0000000008008a54
                0x0000000020000000                _data = .
 *(.data*)
 .data.rcc_ahb_frequency
                0x0000000020000000        0x4 ../libopencm3/lib/libopencm3_stm32l4.a(rcc.o)
                0x0000000020000000                rcc_ahb_frequency
 .data.rcc_apb1_frequency
                0x0000000020000004        0x4 ../libopencm3/lib/libopencm3_stm32l4.a(rcc.o)
                0x0000000020000004                rcc_apb1_frequency
 .data.rcc_apb2_frequency
                0x0000000020000008        0x4 ../libopencm3/lib/libopencm3_stm32l4.a(rcc.o)
                0x0000000020000008                rcc_apb2_frequency
 *(.ramtext*)
                0x000000002000000c                . = ALIGN (0x4)
                0x000000002000000c                _edata = .
                0x0000000008008a54                _data_loadaddr = LOADADDR (.data)

.igot.plt       0x000000002000000c        0x0 load address 0x0000000008008a60
 .igot.plt      0x000000002000000c        0x0 src/firmware.o

.bss            0x0000000020000010        0x8 load address 0x0000000008008a60
 *(.bss*)
 .bss.ticks     0x0000000020000010        0x8 src/core/system.o
 *(COMMON)
                0x0000000020000018                . = ALIGN (0x4)
                0x0000000020000018                _ebss = .

/DISCARD/
 *(.eh_frame)
                0x0000000020000018                . = ALIGN (0x4)
                0x0000000020000018                end = .
                0x0000000020018000                PROVIDE (_stack = (ORIGIN (ram) + LENGTH (ram)))
OUTPUT(firmware.elf elf32-littlearm)
LOAD linker stubs

.debug_info     0x0000000000000000     0x4049
 .debug_info    0x0000000000000000      0x55a src/firmware.o
 .debug_info    0x000000000000055a      0x2d3 src/core/system.o
 .debug_info    0x000000000000082d      0x610 src/core/timer.o
 .debug_info    0x0000000000000e3d      0x20f ../libopencm3/lib/libopencm3_stm32l4.a(gpio_common_f0234.o)
 .debug_info    0x000000000000104c      0xe65 ../libopencm3/lib/libopencm3_stm32l4.a(rcc.o)
 .debug_info    0x0000000000001eb1      0x823 ../libopencm3/lib/libopencm3_stm32l4.a(rcc_common_all.o)
 .debug_info    0x00000000000026d4     0x115b ../libopencm3/lib/libopencm3_stm32l4.a(timer_common_all.o)
 .debug_info    0x000000000000382f      0x2e6 ../libopencm3/lib/libopencm3_stm32l4.a(vector.o)
 .debug_info    0x0000000000003b15      0x268 ../libopencm3/lib/libopencm3_stm32l4.a(systick.o)
 .debug_info    0x0000000000003d7d       0xf0 ../libopencm3/lib/libopencm3_stm32l4.a(flash_common_all.o)
 .debug_info    0x0000000000003e6d       0xe8 ../libopencm3/lib/libopencm3_stm32l4.a(flash_common_idcache.o)
 .debug_info    0x0000000000003f55       0xf4 ../libopencm3/lib/libopencm3_stm32l4.a(pwr.o)

.debug_abbrev   0x0000000000000000      0xed8
 .debug_abbrev  0x0000000000000000      0x11e src/firmware.o
 .debug_abbrev  0x000000000000011e      0x1ba src/core/system.o
 .debug_abbrev  0x00000000000002d8       0xfb src/core/timer.o
 .debug_abbrev  0x00000000000003d3       0xbf ../libopencm3/lib/libopencm3_stm32l4.a(gpio_common_f0234.o)
 .debug_abbrev  0x0000000000000492      0x2db ../libopencm3/lib/libopencm3_stm32l4.a(rcc.o)
 .debug_abbrev  0x000000000000076d      0x177 ../libopencm3/lib/libopencm3_stm32l4.a(rcc_common_all.o)
 .debug_abbrev  0x00000000000008e4      0x1a1 ../libopencm3/lib/libopencm3_stm32l4.a(timer_common_all.o)
 .debug_abbrev  0x0000000000000a85      0x15b ../libopencm3/lib/libopencm3_stm32l4.a(vector.o)
 .debug_abbrev  0x0000000000000be0      0x155 ../libopencm3/lib/libopencm3_stm32l4.a(systick.o)
 .debug_abbrev  0x0000000000000d35       0x9a ../libopencm3/lib/libopencm3_stm32l4.a(flash_common_all.o)
 .debug_abbrev  0x0000000000000dcf       0x56 ../libopencm3/lib/libopencm3_stm32l4.a(flash_common_idcache.o)
 .debug_abbrev  0x0000000000000e25       0xb3 ../libopencm3/lib/libopencm3_stm32l4.a(pwr.o)

.debug_loc      0x0000000000000000     0x1376
 .debug_loc     0x0000000000000000       0x66 src/firmware.o
 .debug_loc     0x0000000000000066       0xa0 src/core/timer.o
 .debug_loc     0x0000000000000106      0x14f ../libopencm3/lib/libopencm3_stm32l4.a(gpio_common_f0234.o)
 .debug_loc     0x0000000000000255      0x839 ../libopencm3/lib/libopencm3_stm32l4.a(rcc.o)
 .debug_loc     0x0000000000000a8e      0x120 ../libopencm3/lib/libopencm3_stm32l4.a(rcc_common_all.o)
 .debug_loc     0x0000000000000bae      0x4b2 ../libopencm3/lib/libopencm3_stm32l4.a(timer_common_all.o)
 .debug_loc     0x0000000000001060      0x128 ../libopencm3/lib/libopencm3_stm32l4.a(vector.o)
 .debug_loc     0x0000000000001188      0x192 ../libopencm3/lib/libopencm3_stm32l4.a(systick.o)
 .debug_loc     0x000000000000131a       0x47 ../libopencm3/lib/libopencm3_stm32l4.a(flash_common_all.o)
 .debug_loc     0x0000000000001361       0x15 ../libopencm3/lib/libopencm3_stm32l4.a(pwr.o)

.debug_aranges  0x0000000000000000      0x5f0
 .debug_aranges
                0x0000000000000000       0x20 src/firmware.o
 .debug_aranges
                0x0000000000000020       0x30 src/core/system.o
 .debug_aranges
                0x0000000000000050       0x28 src/core/timer.o
 .debug_aranges
                0x0000000000000078       0x30 ../libopencm3/lib/libopencm3_stm32l4.a(gpio_common_f0234.o)
 .debug_aranges
                0x00000000000000a8      0x120 ../libopencm3/lib/libopencm3_stm32l4.a(rcc.o)
 .debug_aranges
                0x00000000000001c8       0x60 ../libopencm3/lib/libopencm3_stm32l4.a(rcc_common_all.o)
 .debug_aranges
                0x0000000000000228      0x270 ../libopencm3/lib/libopencm3_stm32l4.a(timer_common_all.o)
 .debug_aranges
                0x0000000000000498       0x30 ../libopencm3/lib/libopencm3_stm32l4.a(vector.o)
 .debug_aranges
                0x00000000000004c8       0x78 ../libopencm3/lib/libopencm3_stm32l4.a(systick.o)
 .debug_aranges
                0x0000000000000540       0x38 ../libopencm3/lib/libopencm3_stm32l4.a(flash_common_all.o)
 .debug_aranges
                0x0000000000000578       0x48 ../libopencm3/lib/libopencm3_stm32l4.a(flash_common_idcache.o)
 .debug_aranges
                0x00000000000005c0       0x30 ../libopencm3/lib/libopencm3_stm32l4.a(pwr.o)

.debug_ranges   0x0000000000000000      0x5c8
 .debug_ranges  0x0000000000000000       0x30 src/firmware.o
 .debug_ranges  0x0000000000000030       0x50 src/core/system.o
 .debug_ranges  0x0000000000000080       0x18 src/core/timer.o
 .debug_ranges  0x0000000000000098       0x20 ../libopencm3/lib/libopencm3_stm32l4.a(gpio_common_f0234.o)
 .debug_ranges  0x00000000000000b8      0x140 ../libopencm3/lib/libopencm3_stm32l4.a(rcc.o)
 .debug_ranges  0x00000000000001f8       0x50 ../libopencm3/lib/libopencm3_stm32l4.a(rcc_common_all.o)
 .debug_ranges  0x0000000000000248      0x260 ../libopencm3/lib/libopencm3_stm32l4.a(timer_common_all.o)
 .debug_ranges  0x00000000000004a8       0x20 ../libopencm3/lib/libopencm3_stm32l4.a(vector.o)
 .debug_ranges  0x00000000000004c8       0x80 ../libopencm3/lib/libopencm3_stm32l4.a(systick.o)
 .debug_ranges  0x0000000000000548       0x28 ../libopencm3/lib/libopencm3_stm32l4.a(flash_common_all.o)
 .debug_ranges  0x0000000000000570       0x38 ../libopencm3/lib/libopencm3_stm32l4.a(flash_common_idcache.o)
 .debug_ranges  0x00000000000005a8       0x20 ../libopencm3/lib/libopencm3_stm32l4.a(pwr.o)

.debug_macro    0x0000000000000000     0x4df6
 .debug_macro   0x0000000000000000       0xf6 src/firmware.o
 .debug_macro   0x00000000000000f6      0xa6c src/firmware.o
 .debug_macro   0x0000000000000b62       0x1c src/firmware.o
 .debug_macro   0x0000000000000b7e      0x34e src/firmware.o
 .debug_macro   0x0000000000000ecc       0x22 src/firmware.o
 .debug_macro   0x0000000000000eee       0xe8 src/firmware.o
 .debug_macro   0x0000000000000fd6       0x76 src/firmware.o
 .debug_macro   0x000000000000104c      0x217 src/firmware.o
 .debug_macro   0x0000000000001263       0x76 src/firmware.o
 .debug_macro   0x00000000000012d9      0x37e src/firmware.o
 .debug_macro   0x0000000000001657       0xca src/firmware.o
 .debug_macro   0x0000000000001721       0x88 src/firmware.o
 .debug_macro   0x00000000000017a9      0x215 src/firmware.o
 .debug_macro   0x00000000000019be      0xcc1 src/firmware.o
 .debug_macro   0x000000000000267f      0x458 src/firmware.o
 .debug_macro   0x0000000000002ad7       0x10 src/firmware.o
 .debug_macro   0x0000000000002ae7       0xc6 src/core/system.o
 .debug_macro   0x0000000000002bad      0x100 src/core/system.o
 .debug_macro   0x0000000000002cad       0x69 src/core/system.o
 .debug_macro   0x0000000000002d16       0x6e src/core/system.o
 .debug_macro   0x0000000000002d84      0x22c src/core/system.o
 .debug_macro   0x0000000000002fb0      0x21d src/core/system.o
 .debug_macro   0x00000000000031cd       0xa5 src/core/timer.o
 .debug_macro   0x0000000000003272      0xf6b src/core/timer.o
 .debug_macro   0x00000000000041dd       0x8d ../libopencm3/lib/libopencm3_stm32l4.a(gpio_common_f0234.o)
 .debug_macro   0x000000000000426a       0xbd ../libopencm3/lib/libopencm3_stm32l4.a(rcc.o)
 .debug_macro   0x0000000000004327       0x16 ../libopencm3/lib/libopencm3_stm32l4.a(rcc.o)
 .debug_macro   0x000000000000433d       0x1c ../libopencm3/lib/libopencm3_stm32l4.a(rcc.o)
 .debug_macro   0x0000000000004359      0x2f3 ../libopencm3/lib/libopencm3_stm32l4.a(rcc.o)
 .debug_macro   0x000000000000464c       0x98 ../libopencm3/lib/libopencm3_stm32l4.a(rcc_common_all.o)
 .debug_macro   0x00000000000046e4       0x8f ../libopencm3/lib/libopencm3_stm32l4.a(timer_common_all.o)
 .debug_macro   0x0000000000004773       0x8a ../libopencm3/lib/libopencm3_stm32l4.a(vector.o)
 .debug_macro   0x00000000000047fd      0x452 ../libopencm3/lib/libopencm3_stm32l4.a(vector.o)
 .debug_macro   0x0000000000004c4f       0x49 ../libopencm3/lib/libopencm3_stm32l4.a(systick.o)
 .debug_macro   0x0000000000004c98       0x7f ../libopencm3/lib/libopencm3_stm32l4.a(flash_common_all.o)
 .debug_macro   0x0000000000004d17       0x7f ../libopencm3/lib/libopencm3_stm32l4.a(flash_common_idcache.o)
 .debug_macro   0x0000000000004d96       0x60 ../libopencm3/lib/libopencm3_stm32l4.a(pwr.o)

.debug_line     0x0000000000000000     0x3352
 .debug_line    0x0000000000000000      0x2a8 src/firmware.o
 .debug_line    0x00000000000002a8      0x28c src/core/system.o
 .debug_line    0x0000000000000534      0x216 src/core/timer.o
 .debug_line    0x000000000000074a      0x38e ../libopencm3/lib/libopencm3_stm32l4.a(gpio_common_f0234.o)
 .debug_line    0x0000000000000ad8      0xa6d ../libopencm3/lib/libopencm3_stm32l4.a(rcc.o)
 .debug_line    0x0000000000001545      0x2f2 ../libopencm3/lib/libopencm3_stm32l4.a(rcc_common_all.o)
 .debug_line    0x0000000000001837      0xf7c ../libopencm3/lib/libopencm3_stm32l4.a(timer_common_all.o)
 .debug_line    0x00000000000027b3      0x322 ../libopencm3/lib/libopencm3_stm32l4.a(vector.o)
 .debug_line    0x0000000000002ad5      0x26e ../libopencm3/lib/libopencm3_stm32l4.a(systick.o)
 .debug_line    0x0000000000002d43      0x230 ../libopencm3/lib/libopencm3_stm32l4.a(flash_common_all.o)
 .debug_line    0x0000000000002f73      0x249 ../libopencm3/lib/libopencm3_stm32l4.a(flash_common_idcache.o)
 .debug_line    0x00000000000031bc      0x196 ../libopencm3/lib/libopencm3_stm32l4.a(pwr.o)

.debug_str      0x0000000000000000    0x13b26
 .debug_str     0x0000000000000000     0xb983 src/firmware.o
                                       0xbaf6 (size before relaxing)
 .debug_str     0x000000000000b983      0xd67 src/core/system.o
                                       0x98ba (size before relaxing)
 .debug_str     0x000000000000c6ea     0x418b src/core/timer.o
                                       0xd0f3 (size before relaxing)
 .debug_str     0x0000000000010875      0x16b ../libopencm3/lib/libopencm3_stm32l4.a(gpio_common_f0234.o)
                                       0x6165 (size before relaxing)
 .debug_str     0x00000000000109e0     0x13da ../libopencm3/lib/libopencm3_stm32l4.a(rcc.o)
                                       0xa45f (size before relaxing)
 .debug_str     0x0000000000011dba      0x3c3 ../libopencm3/lib/libopencm3_stm32l4.a(rcc_common_all.o)
                                       0x9383 (size before relaxing)
 .debug_str     0x000000000001217d      0x9c6 ../libopencm3/lib/libopencm3_stm32l4.a(timer_common_all.o)
                                       0xd61b (size before relaxing)
 .debug_str     0x0000000000012b43      0xe11 ../libopencm3/lib/libopencm3_stm32l4.a(vector.o)
                                       0x69ba (size before relaxing)
 .debug_str     0x0000000000013954       0xd2 ../libopencm3/lib/libopencm3_stm32l4.a(systick.o)
                                       0x408e (size before relaxing)
 .debug_str     0x0000000000013a26       0x64 ../libopencm3/lib/libopencm3_stm32l4.a(flash_common_all.o)
                                       0x5a69 (size before relaxing)
 .debug_str     0x0000000000013a8a       0x47 ../libopencm3/lib/libopencm3_stm32l4.a(flash_common_idcache.o)
                                       0x5a8b (size before relaxing)
 .debug_str     0x0000000000013ad1       0x55 ../libopencm3/lib/libopencm3_stm32l4.a(pwr.o)
                                       0x5410 (size before relaxing)

.comment        0x0000000000000000       0x33
 .comment       0x0000000000000000       0x33 src/firmware.o
                                         0x34 (size before relaxing)
 .comment       0x0000000000000033       0x34 src/core/system.o
 .comment       0x0000000000000033       0x34 src/core/timer.o
 .comment       0x0000000000000033       0x34 ../libopencm3/lib/libopencm3_stm32l4.a(gpio_common_f0234.o)
 .comment       0x0000000000000033       0x34 ../libopencm3/lib/libopencm3_stm32l4.a(rcc.o)
 .comment       0x0000000000000033       0x34 ../libopencm3/lib/libopencm3_stm32l4.a(rcc_common_all.o)
 .comment       0x0000000000000033       0x34 ../libopencm3/lib/libopencm3_stm32l4.a(timer_common_all.o)
 .comment       0x0000000000000033       0x34 ../libopencm3/lib/libopencm3_stm32l4.a(vector.o)
 .comment       0x0000000000000033       0x34 ../libopencm3/lib/libopencm3_stm32l4.a(systick.o)
 .comment       0x0000000000000033       0x34 ../libopencm3/lib/libopencm3_stm32l4.a(flash_common_all.o)
 .comment       0x0000000000000033       0x34 ../libopencm3/lib/libopencm3_stm32l4.a(flash_common_idcache.o)
 .comment       0x0000000000000033       0x34 ../libopencm3/lib/libopencm3_stm32l4.a(pwr.o)

.ARM.attributes
                0x0000000000000000       0x32
 .ARM.attributes
                0x0000000000000000       0x34 src/firmware.o
 .ARM.attributes
                0x0000000000000034       0x34 src/core/system.o
 .ARM.attributes
                0x0000000000000068       0x34 src/core/timer.o
 .ARM.attributes
                0x000000000000009c       0x34 ../libopencm3/lib/libopencm3_stm32l4.a(gpio_common_f0234.o)
 .ARM.attributes
                0x00000000000000d0       0x34 ../libopencm3/lib/libopencm3_stm32l4.a(rcc.o)
 .ARM.attributes
                0x0000000000000104       0x34 ../libopencm3/lib/libopencm3_stm32l4.a(rcc_common_all.o)
 .ARM.attributes
                0x0000000000000138       0x34 ../libopencm3/lib/libopencm3_stm32l4.a(timer_common_all.o)
 .ARM.attributes
                0x000000000000016c       0x34 ../libopencm3/lib/libopencm3_stm32l4.a(vector.o)
 .ARM.attributes
                0x00000000000001a0       0x34 ../libopencm3/lib/libopencm3_stm32l4.a(systick.o)
 .ARM.attributes
                0x00000000000001d4       0x34 ../libopencm3/lib/libopencm3_stm32l4.a(flash_common_all.o)
 .ARM.attributes
                0x0000000000000208       0x34 ../libopencm3/lib/libopencm3_stm32l4.a(flash_common_idcache.o)
 .ARM.attributes
                0x000000000000023c       0x34 ../libopencm3/lib/libopencm3_stm32l4.a(pwr.o)

.debug_frame    0x0000000000000000      0xb68
 .debug_frame   0x0000000000000000       0x3c src/firmware.o
 .debug_frame   0x000000000000003c       0x54 src/core/system.o
 .debug_frame   0x0000000000000090       0x3c src/core/timer.o
 .debug_frame   0x00000000000000cc       0x70 ../libopencm3/lib/libopencm3_stm32l4.a(gpio_common_f0234.o)
 .debug_frame   0x000000000000013c      0x250 ../libopencm3/lib/libopencm3_stm32l4.a(rcc.o)
 .debug_frame   0x000000000000038c       0xe0 ../libopencm3/lib/libopencm3_stm32l4.a(rcc_common_all.o)
 .debug_frame   0x000000000000046c      0x4d8 ../libopencm3/lib/libopencm3_stm32l4.a(timer_common_all.o)
 .debug_frame   0x0000000000000944       0x4c ../libopencm3/lib/libopencm3_stm32l4.a(vector.o)
 .debug_frame   0x0000000000000990       0xd8 ../libopencm3/lib/libopencm3_stm32l4.a(systick.o)
 .debug_frame   0x0000000000000a68       0x50 ../libopencm3/lib/libopencm3_stm32l4.a(flash_common_all.o)
 .debug_frame   0x0000000000000ab8       0x70 ../libopencm3/lib/libopencm3_stm32l4.a(flash_common_idcache.o)
 .debug_frame   0x0000000000000b28       0x40 ../libopencm3/lib/libopencm3_stm32l4.a(pwr.o)

Cross Reference Table

Symbol                                            File
__fini_array_end                                  ../libopencm3/lib/libopencm3_stm32l4.a(vector.o)
__fini_array_start                                ../libopencm3/lib/libopencm3_stm32l4.a(vector.o)
__init_array_end                                  ../libopencm3/lib/libopencm3_stm32l4.a(vector.o)
__init_array_start                                ../libopencm3/lib/libopencm3_stm32l4.a(vector.o)
__preinit_array_end                               ../libopencm3/lib/libopencm3_stm32l4.a(vector.o)
__preinit_array_start                             ../libopencm3/lib/libopencm3_stm32l4.a(vector.o)
_data                                             ../libopencm3/lib/libopencm3_stm32l4.a(vector.o)
_data_loadaddr                                    ../libopencm3/lib/libopencm3_stm32l4.a(vector.o)
_ebss                                             ../libopencm3/lib/libopencm3_stm32l4.a(vector.o)
_edata                                            ../libopencm3/lib/libopencm3_stm32l4.a(vector.o)
_stack                                            ../libopencm3/lib/libopencm3_stm32l4.a(vector.o)
adc1_2_isr                                        ../libopencm3/lib/libopencm3_stm32l4.a(vector.o)
adc3_isr                                          ../libopencm3/lib/libopencm3_stm32l4.a(vector.o)
aes_isr                                           ../libopencm3/lib/libopencm3_stm32l4.a(vector.o)
blocking_handler                                  ../libopencm3/lib/libopencm3_stm32l4.a(vector.o)
bus_fault_handler                                 ../libopencm3/lib/libopencm3_stm32l4.a(vector.o)
can1_rx0_isr                                      ../libopencm3/lib/libopencm3_stm32l4.a(vector.o)
can1_rx1_isr                                      ../libopencm3/lib/libopencm3_stm32l4.a(vector.o)
can1_sce_isr                                      ../libopencm3/lib/libopencm3_stm32l4.a(vector.o)
can1_tx_isr                                       ../libopencm3/lib/libopencm3_stm32l4.a(vector.o)
can2_rx0_isr                                      ../libopencm3/lib/libopencm3_stm32l4.a(vector.o)
can2_rx1_isr                                      ../libopencm3/lib/libopencm3_stm32l4.a(vector.o)
can2_sce_isr                                      ../libopencm3/lib/libopencm3_stm32l4.a(vector.o)
can2_tx_isr                                       ../libopencm3/lib/libopencm3_stm32l4.a(vector.o)
comp_isr                                          ../libopencm3/lib/libopencm3_stm32l4.a(vector.o)
dcmi_isr                                          ../libopencm3/lib/libopencm3_stm32l4.a(vector.o)
debug_monitor_handler                             ../libopencm3/lib/libopencm3_stm32l4.a(vector.o)
dfsdm0_isr                                        ../libopencm3/lib/libopencm3_stm32l4.a(vector.o)
dfsdm1_isr                                        ../libopencm3/lib/libopencm3_stm32l4.a(vector.o)
dfsdm2_isr                                        ../libopencm3/lib/libopencm3_stm32l4.a(vector.o)
dfsdm3_isr                                        ../libopencm3/lib/libopencm3_stm32l4.a(vector.o)
dma1_channel1_isr                                 ../libopencm3/lib/libopencm3_stm32l4.a(vector.o)
dma1_channel2_isr                                 ../libopencm3/lib/libopencm3_stm32l4.a(vector.o)
dma1_channel3_isr                                 ../libopencm3/lib/libopencm3_stm32l4.a(vector.o)
dma1_channel4_isr                                 ../libopencm3/lib/libopencm3_stm32l4.a(vector.o)
dma1_channel5_isr                                 ../libopencm3/lib/libopencm3_stm32l4.a(vector.o)
dma1_channel6_isr                                 ../libopencm3/lib/libopencm3_stm32l4.a(vector.o)
dma1_channel7_isr                                 ../libopencm3/lib/libopencm3_stm32l4.a(vector.o)
dma2_channel1_isr                                 ../libopencm3/lib/libopencm3_stm32l4.a(vector.o)
dma2_channel2_isr                                 ../libopencm3/lib/libopencm3_stm32l4.a(vector.o)
dma2_channel3_isr                                 ../libopencm3/lib/libopencm3_stm32l4.a(vector.o)
dma2_channel4_isr                                 ../libopencm3/lib/libopencm3_stm32l4.a(vector.o)
dma2_channel5_isr                                 ../libopencm3/lib/libopencm3_stm32l4.a(vector.o)
dma2_channel6_isr                                 ../libopencm3/lib/libopencm3_stm32l4.a(vector.o)
dma2_channel7_isr                                 ../libopencm3/lib/libopencm3_stm32l4.a(vector.o)
dma2d_isr                                         ../libopencm3/lib/libopencm3_stm32l4.a(vector.o)
exti0_isr                                         ../libopencm3/lib/libopencm3_stm32l4.a(vector.o)
exti15_10_isr                                     ../libopencm3/lib/libopencm3_stm32l4.a(vector.o)
exti1_isr                                         ../libopencm3/lib/libopencm3_stm32l4.a(vector.o)
exti2_isr                                         ../libopencm3/lib/libopencm3_stm32l4.a(vector.o)
exti3_isr                                         ../libopencm3/lib/libopencm3_stm32l4.a(vector.o)
exti4_isr                                         ../libopencm3/lib/libopencm3_stm32l4.a(vector.o)
exti9_5_isr                                       ../libopencm3/lib/libopencm3_stm32l4.a(vector.o)
flash_dcache_disable                              ../libopencm3/lib/libopencm3_stm32l4.a(flash_common_idcache.o)
                                                  ../libopencm3/lib/libopencm3_stm32l4.a(rcc.o)
flash_dcache_enable                               ../libopencm3/lib/libopencm3_stm32l4.a(flash_common_idcache.o)
                                                  ../libopencm3/lib/libopencm3_stm32l4.a(rcc.o)
flash_dcache_reset                                ../libopencm3/lib/libopencm3_stm32l4.a(flash_common_idcache.o)
flash_icache_disable                              ../libopencm3/lib/libopencm3_stm32l4.a(flash_common_idcache.o)
                                                  ../libopencm3/lib/libopencm3_stm32l4.a(rcc.o)
flash_icache_enable                               ../libopencm3/lib/libopencm3_stm32l4.a(flash_common_idcache.o)
                                                  ../libopencm3/lib/libopencm3_stm32l4.a(rcc.o)
flash_icache_reset                                ../libopencm3/lib/libopencm3_stm32l4.a(flash_common_idcache.o)
flash_isr                                         ../libopencm3/lib/libopencm3_stm32l4.a(vector.o)
flash_prefetch_disable                            ../libopencm3/lib/libopencm3_stm32l4.a(flash_common_all.o)
flash_prefetch_enable                             ../libopencm3/lib/libopencm3_stm32l4.a(flash_common_all.o)
flash_set_ws                                      ../libopencm3/lib/libopencm3_stm32l4.a(flash_common_all.o)
                                                  ../libopencm3/lib/libopencm3_stm32l4.a(rcc.o)
flash_unlock_option_bytes                         ../libopencm3/lib/libopencm3_stm32l4.a(flash_common_all.o)
fmc_isr                                           ../libopencm3/lib/libopencm3_stm32l4.a(vector.o)
fpu_isr                                           ../libopencm3/lib/libopencm3_stm32l4.a(vector.o)
gpio_mode_setup                                   ../libopencm3/lib/libopencm3_stm32l4.a(gpio_common_f0234.o)
                                                  src/firmware.o
gpio_set_af                                       ../libopencm3/lib/libopencm3_stm32l4.a(gpio_common_f0234.o)
                                                  src/firmware.o
gpio_set_output_options                           ../libopencm3/lib/libopencm3_stm32l4.a(gpio_common_f0234.o)
hard_fault_handler                                ../libopencm3/lib/libopencm3_stm32l4.a(vector.o)
hash_crs_isr                                      ../libopencm3/lib/libopencm3_stm32l4.a(vector.o)
i2c1_er_isr                                       ../libopencm3/lib/libopencm3_stm32l4.a(vector.o)
i2c1_ev_isr                                       ../libopencm3/lib/libopencm3_stm32l4.a(vector.o)
i2c2_er_isr                                       ../libopencm3/lib/libopencm3_stm32l4.a(vector.o)
i2c2_ev_isr                                       ../libopencm3/lib/libopencm3_stm32l4.a(vector.o)
i2c3_er_isr                                       ../libopencm3/lib/libopencm3_stm32l4.a(vector.o)
i2c3_ev_isr                                       ../libopencm3/lib/libopencm3_stm32l4.a(vector.o)
i2c4_er_isr                                       ../libopencm3/lib/libopencm3_stm32l4.a(vector.o)
i2c4_ev_isr                                       ../libopencm3/lib/libopencm3_stm32l4.a(vector.o)
lcd_isr                                           ../libopencm3/lib/libopencm3_stm32l4.a(vector.o)
lptim1_isr                                        ../libopencm3/lib/libopencm3_stm32l4.a(vector.o)
lptim2_isr                                        ../libopencm3/lib/libopencm3_stm32l4.a(vector.o)
lpuart1_isr                                       ../libopencm3/lib/libopencm3_stm32l4.a(vector.o)
main                                              src/firmware.o
                                                  ../libopencm3/lib/libopencm3_stm32l4.a(vector.o)
mem_manage_handler                                ../libopencm3/lib/libopencm3_stm32l4.a(vector.o)
nmi_handler                                       ../libopencm3/lib/libopencm3_stm32l4.a(vector.o)
null_handler                                      ../libopencm3/lib/libopencm3_stm32l4.a(vector.o)
otg_fs_isr                                        ../libopencm3/lib/libopencm3_stm32l4.a(vector.o)
pend_sv_handler                                   ../libopencm3/lib/libopencm3_stm32l4.a(vector.o)
pvd_pvm_isr                                       ../libopencm3/lib/libopencm3_stm32l4.a(vector.o)
pwr_disable_backup_domain_write_protect           ../libopencm3/lib/libopencm3_stm32l4.a(pwr.o)
pwr_enable_backup_domain_write_protect            ../libopencm3/lib/libopencm3_stm32l4.a(pwr.o)
pwr_set_vos_scale                                 ../libopencm3/lib/libopencm3_stm32l4.a(pwr.o)
                                                  ../libopencm3/lib/libopencm3_stm32l4.a(rcc.o)
quadspi_isr                                       ../libopencm3/lib/libopencm3_stm32l4.a(vector.o)
rcc_ahb_frequency                                 ../libopencm3/lib/libopencm3_stm32l4.a(rcc.o)
rcc_apb1_frequency                                ../libopencm3/lib/libopencm3_stm32l4.a(rcc.o)
rcc_apb2_frequency                                ../libopencm3/lib/libopencm3_stm32l4.a(rcc.o)
rcc_clock_setup_pll                               ../libopencm3/lib/libopencm3_stm32l4.a(rcc.o)
                                                  src/core/system.o
rcc_css_disable                                   ../libopencm3/lib/libopencm3_stm32l4.a(rcc.o)
rcc_css_enable                                    ../libopencm3/lib/libopencm3_stm32l4.a(rcc.o)
rcc_css_int_clear                                 ../libopencm3/lib/libopencm3_stm32l4.a(rcc.o)
rcc_css_int_flag                                  ../libopencm3/lib/libopencm3_stm32l4.a(rcc.o)
rcc_disable_rtc_clock                             ../libopencm3/lib/libopencm3_stm32l4.a(rcc.o)
rcc_enable_rtc_clock                              ../libopencm3/lib/libopencm3_stm32l4.a(rcc.o)
rcc_get_div_from_hpre                             ../libopencm3/lib/libopencm3_stm32l4.a(rcc_common_all.o)
                                                  ../libopencm3/lib/libopencm3_stm32l4.a(rcc.o)
rcc_get_i2c_clk_freq                              ../libopencm3/lib/libopencm3_stm32l4.a(rcc.o)
rcc_get_spi_clk_freq                              ../libopencm3/lib/libopencm3_stm32l4.a(rcc.o)
rcc_get_timer_clk_freq                            ../libopencm3/lib/libopencm3_stm32l4.a(rcc.o)
rcc_get_usart_clk_freq                            ../libopencm3/lib/libopencm3_stm32l4.a(rcc.o)
rcc_hsi16_configs                                 ../libopencm3/lib/libopencm3_stm32l4.a(rcc.o)
                                                  src/core/system.o
rcc_is_osc_ready                                  ../libopencm3/lib/libopencm3_stm32l4.a(rcc.o)
rcc_isr                                           ../libopencm3/lib/libopencm3_stm32l4.a(vector.o)
rcc_osc_bypass_disable                            ../libopencm3/lib/libopencm3_stm32l4.a(rcc_common_all.o)
rcc_osc_bypass_enable                             ../libopencm3/lib/libopencm3_stm32l4.a(rcc_common_all.o)
rcc_osc_off                                       ../libopencm3/lib/libopencm3_stm32l4.a(rcc.o)
rcc_osc_on                                        ../libopencm3/lib/libopencm3_stm32l4.a(rcc.o)
rcc_osc_ready_int_clear                           ../libopencm3/lib/libopencm3_stm32l4.a(rcc.o)
rcc_osc_ready_int_disable                         ../libopencm3/lib/libopencm3_stm32l4.a(rcc.o)
rcc_osc_ready_int_enable                          ../libopencm3/lib/libopencm3_stm32l4.a(rcc.o)
rcc_osc_ready_int_flag                            ../libopencm3/lib/libopencm3_stm32l4.a(rcc.o)
rcc_periph_clock_disable                          ../libopencm3/lib/libopencm3_stm32l4.a(rcc_common_all.o)
rcc_periph_clock_enable                           ../libopencm3/lib/libopencm3_stm32l4.a(rcc_common_all.o)
                                                  ../libopencm3/lib/libopencm3_stm32l4.a(rcc.o)
                                                  src/core/timer.o
                                                  src/firmware.o
rcc_periph_reset_hold                             ../libopencm3/lib/libopencm3_stm32l4.a(rcc_common_all.o)
rcc_periph_reset_pulse                            ../libopencm3/lib/libopencm3_stm32l4.a(rcc_common_all.o)
rcc_periph_reset_release                          ../libopencm3/lib/libopencm3_stm32l4.a(rcc_common_all.o)
rcc_peripheral_clear_reset                        ../libopencm3/lib/libopencm3_stm32l4.a(rcc_common_all.o)
rcc_peripheral_disable_clock                      ../libopencm3/lib/libopencm3_stm32l4.a(rcc_common_all.o)
rcc_peripheral_enable_clock                       ../libopencm3/lib/libopencm3_stm32l4.a(rcc_common_all.o)
rcc_peripheral_reset                              ../libopencm3/lib/libopencm3_stm32l4.a(rcc_common_all.o)
rcc_pll_output_enable                             ../libopencm3/lib/libopencm3_stm32l4.a(rcc.o)
rcc_set_clock48_source                            ../libopencm3/lib/libopencm3_stm32l4.a(rcc.o)
rcc_set_hpre                                      ../libopencm3/lib/libopencm3_stm32l4.a(rcc.o)
rcc_set_main_pll                                  ../libopencm3/lib/libopencm3_stm32l4.a(rcc.o)
rcc_set_mco                                       ../libopencm3/lib/libopencm3_stm32l4.a(rcc_common_all.o)
rcc_set_msi_range                                 ../libopencm3/lib/libopencm3_stm32l4.a(rcc.o)
rcc_set_msi_range_standby                         ../libopencm3/lib/libopencm3_stm32l4.a(rcc.o)
rcc_set_pll_source                                ../libopencm3/lib/libopencm3_stm32l4.a(rcc.o)
rcc_set_ppre1                                     ../libopencm3/lib/libopencm3_stm32l4.a(rcc.o)
rcc_set_ppre2                                     ../libopencm3/lib/libopencm3_stm32l4.a(rcc.o)
rcc_set_rtc_clock_source                          ../libopencm3/lib/libopencm3_stm32l4.a(rcc.o)
rcc_set_sysclk_source                             ../libopencm3/lib/libopencm3_stm32l4.a(rcc.o)
rcc_system_clock_source                           ../libopencm3/lib/libopencm3_stm32l4.a(rcc.o)
rcc_wait_for_osc_ready                            ../libopencm3/lib/libopencm3_stm32l4.a(rcc.o)
rcc_wait_for_sysclk_status                        ../libopencm3/lib/libopencm3_stm32l4.a(rcc.o)
reset_handler                                     ../libopencm3/lib/libopencm3_stm32l4.a(vector.o)
rng_isr                                           ../libopencm3/lib/libopencm3_stm32l4.a(vector.o)
rtc_alarm_isr                                     ../libopencm3/lib/libopencm3_stm32l4.a(vector.o)
rtc_wkup_isr                                      ../libopencm3/lib/libopencm3_stm32l4.a(vector.o)
sai1_isr                                          ../libopencm3/lib/libopencm3_stm32l4.a(vector.o)
sai2_isr                                          ../libopencm3/lib/libopencm3_stm32l4.a(vector.o)
sdmmc1_isr                                        ../libopencm3/lib/libopencm3_stm32l4.a(vector.o)
spi1_isr                                          ../libopencm3/lib/libopencm3_stm32l4.a(vector.o)
spi2_isr                                          ../libopencm3/lib/libopencm3_stm32l4.a(vector.o)
spi3_isr                                          ../libopencm3/lib/libopencm3_stm32l4.a(vector.o)
sv_call_handler                                   ../libopencm3/lib/libopencm3_stm32l4.a(vector.o)
swpmi1_isr                                        ../libopencm3/lib/libopencm3_stm32l4.a(vector.o)
sys_tick_handler                                  src/core/system.o
system_get_ticks                                  src/core/system.o
                                                  src/firmware.o
system_setup                                      src/core/system.o
                                                  src/firmware.o
systick_clear                                     ../libopencm3/lib/libopencm3_stm32l4.a(systick.o)
systick_counter_disable                           ../libopencm3/lib/libopencm3_stm32l4.a(systick.o)
systick_counter_enable                            ../libopencm3/lib/libopencm3_stm32l4.a(systick.o)
                                                  src/core/system.o
systick_get_calib                                 ../libopencm3/lib/libopencm3_stm32l4.a(systick.o)
systick_get_countflag                             ../libopencm3/lib/libopencm3_stm32l4.a(systick.o)
systick_get_reload                                ../libopencm3/lib/libopencm3_stm32l4.a(systick.o)
systick_get_value                                 ../libopencm3/lib/libopencm3_stm32l4.a(systick.o)
systick_interrupt_disable                         ../libopencm3/lib/libopencm3_stm32l4.a(systick.o)
systick_interrupt_enable                          ../libopencm3/lib/libopencm3_stm32l4.a(systick.o)
                                                  src/core/system.o
systick_set_clocksource                           ../libopencm3/lib/libopencm3_stm32l4.a(systick.o)
systick_set_frequency                             ../libopencm3/lib/libopencm3_stm32l4.a(systick.o)
                                                  src/core/system.o
systick_set_reload                                ../libopencm3/lib/libopencm3_stm32l4.a(systick.o)
tamp_stamp_isr                                    ../libopencm3/lib/libopencm3_stm32l4.a(vector.o)
tim1_brk_tim15_isr                                ../libopencm3/lib/libopencm3_stm32l4.a(vector.o)
tim1_cc_isr                                       ../libopencm3/lib/libopencm3_stm32l4.a(vector.o)
tim1_trg_com_tim17_isr                            ../libopencm3/lib/libopencm3_stm32l4.a(vector.o)
tim1_up_tim16_isr                                 ../libopencm3/lib/libopencm3_stm32l4.a(vector.o)
tim2_isr                                          ../libopencm3/lib/libopencm3_stm32l4.a(vector.o)
tim3_isr                                          ../libopencm3/lib/libopencm3_stm32l4.a(vector.o)
tim4_isr                                          ../libopencm3/lib/libopencm3_stm32l4.a(vector.o)
tim5_isr                                          ../libopencm3/lib/libopencm3_stm32l4.a(vector.o)
tim6_dacunder_isr                                 ../libopencm3/lib/libopencm3_stm32l4.a(vector.o)
tim7_isr                                          ../libopencm3/lib/libopencm3_stm32l4.a(vector.o)
tim8_brk_isr                                      ../libopencm3/lib/libopencm3_stm32l4.a(vector.o)
tim8_cc_isr                                       ../libopencm3/lib/libopencm3_stm32l4.a(vector.o)
tim8_trg_com_isr                                  ../libopencm3/lib/libopencm3_stm32l4.a(vector.o)
tim8_up_isr                                       ../libopencm3/lib/libopencm3_stm32l4.a(vector.o)
timer_clear_flag                                  ../libopencm3/lib/libopencm3_stm32l4.a(timer_common_all.o)
timer_continuous_mode                             ../libopencm3/lib/libopencm3_stm32l4.a(timer_common_all.o)
timer_direction_down                              ../libopencm3/lib/libopencm3_stm32l4.a(timer_common_all.o)
timer_direction_up                                ../libopencm3/lib/libopencm3_stm32l4.a(timer_common_all.o)
timer_disable_break                               ../libopencm3/lib/libopencm3_stm32l4.a(timer_common_all.o)
timer_disable_break_automatic_output              ../libopencm3/lib/libopencm3_stm32l4.a(timer_common_all.o)
timer_disable_break_main_output                   ../libopencm3/lib/libopencm3_stm32l4.a(timer_common_all.o)
timer_disable_compare_control_update_on_trigger   ../libopencm3/lib/libopencm3_stm32l4.a(timer_common_all.o)
timer_disable_counter                             ../libopencm3/lib/libopencm3_stm32l4.a(timer_common_all.o)
timer_disable_irq                                 ../libopencm3/lib/libopencm3_stm32l4.a(timer_common_all.o)
timer_disable_oc_clear                            ../libopencm3/lib/libopencm3_stm32l4.a(timer_common_all.o)
timer_disable_oc_output                           ../libopencm3/lib/libopencm3_stm32l4.a(timer_common_all.o)
timer_disable_oc_preload                          ../libopencm3/lib/libopencm3_stm32l4.a(timer_common_all.o)
timer_disable_preload                             ../libopencm3/lib/libopencm3_stm32l4.a(timer_common_all.o)
timer_disable_preload_complementry_enable_bits    ../libopencm3/lib/libopencm3_stm32l4.a(timer_common_all.o)
timer_disable_update_event                        ../libopencm3/lib/libopencm3_stm32l4.a(timer_common_all.o)
timer_enable_break                                ../libopencm3/lib/libopencm3_stm32l4.a(timer_common_all.o)
timer_enable_break_automatic_output               ../libopencm3/lib/libopencm3_stm32l4.a(timer_common_all.o)
timer_enable_break_main_output                    ../libopencm3/lib/libopencm3_stm32l4.a(timer_common_all.o)
timer_enable_compare_control_update_on_trigger    ../libopencm3/lib/libopencm3_stm32l4.a(timer_common_all.o)
timer_enable_counter                              ../libopencm3/lib/libopencm3_stm32l4.a(timer_common_all.o)
                                                  src/core/timer.o
timer_enable_irq                                  ../libopencm3/lib/libopencm3_stm32l4.a(timer_common_all.o)
timer_enable_oc_clear                             ../libopencm3/lib/libopencm3_stm32l4.a(timer_common_all.o)
timer_enable_oc_output                            ../libopencm3/lib/libopencm3_stm32l4.a(timer_common_all.o)
                                                  src/core/timer.o
timer_enable_oc_preload                           ../libopencm3/lib/libopencm3_stm32l4.a(timer_common_all.o)
timer_enable_preload                              ../libopencm3/lib/libopencm3_stm32l4.a(timer_common_all.o)
timer_enable_preload_complementry_enable_bits     ../libopencm3/lib/libopencm3_stm32l4.a(timer_common_all.o)
timer_enable_update_event                         ../libopencm3/lib/libopencm3_stm32l4.a(timer_common_all.o)
timer_generate_event                              ../libopencm3/lib/libopencm3_stm32l4.a(timer_common_all.o)
timer_get_counter                                 ../libopencm3/lib/libopencm3_stm32l4.a(timer_common_all.o)
timer_get_flag                                    ../libopencm3/lib/libopencm3_stm32l4.a(timer_common_all.o)
timer_ic_disable                                  ../libopencm3/lib/libopencm3_stm32l4.a(timer_common_all.o)
timer_ic_enable                                   ../libopencm3/lib/libopencm3_stm32l4.a(timer_common_all.o)
timer_ic_set_filter                               ../libopencm3/lib/libopencm3_stm32l4.a(timer_common_all.o)
timer_ic_set_input                                ../libopencm3/lib/libopencm3_stm32l4.a(timer_common_all.o)
timer_ic_set_prescaler                            ../libopencm3/lib/libopencm3_stm32l4.a(timer_common_all.o)
timer_interrupt_source                            ../libopencm3/lib/libopencm3_stm32l4.a(timer_common_all.o)
timer_one_shot_mode                               ../libopencm3/lib/libopencm3_stm32l4.a(timer_common_all.o)
timer_pwm_set_duty_cycle                          src/core/timer.o
                                                  src/firmware.o
timer_reset_output_idle_state                     ../libopencm3/lib/libopencm3_stm32l4.a(timer_common_all.o)
timer_set_alignment                               ../libopencm3/lib/libopencm3_stm32l4.a(timer_common_all.o)
timer_set_break_lock                              ../libopencm3/lib/libopencm3_stm32l4.a(timer_common_all.o)
timer_set_break_polarity_high                     ../libopencm3/lib/libopencm3_stm32l4.a(timer_common_all.o)
timer_set_break_polarity_low                      ../libopencm3/lib/libopencm3_stm32l4.a(timer_common_all.o)
timer_set_clock_division                          ../libopencm3/lib/libopencm3_stm32l4.a(timer_common_all.o)
timer_set_counter                                 ../libopencm3/lib/libopencm3_stm32l4.a(timer_common_all.o)
timer_set_deadtime                                ../libopencm3/lib/libopencm3_stm32l4.a(timer_common_all.o)
timer_set_disabled_off_state_in_idle_mode         ../libopencm3/lib/libopencm3_stm32l4.a(timer_common_all.o)
timer_set_disabled_off_state_in_run_mode          ../libopencm3/lib/libopencm3_stm32l4.a(timer_common_all.o)
timer_set_dma_on_compare_event                    ../libopencm3/lib/libopencm3_stm32l4.a(timer_common_all.o)
timer_set_dma_on_update_event                     ../libopencm3/lib/libopencm3_stm32l4.a(timer_common_all.o)
timer_set_enabled_off_state_in_idle_mode          ../libopencm3/lib/libopencm3_stm32l4.a(timer_common_all.o)
timer_set_enabled_off_state_in_run_mode           ../libopencm3/lib/libopencm3_stm32l4.a(timer_common_all.o)
timer_set_master_mode                             ../libopencm3/lib/libopencm3_stm32l4.a(timer_common_all.o)
timer_set_mode                                    ../libopencm3/lib/libopencm3_stm32l4.a(timer_common_all.o)
                                                  src/core/timer.o
timer_set_oc_fast_mode                            ../libopencm3/lib/libopencm3_stm32l4.a(timer_common_all.o)
timer_set_oc_idle_state_set                       ../libopencm3/lib/libopencm3_stm32l4.a(timer_common_all.o)
timer_set_oc_idle_state_unset                     ../libopencm3/lib/libopencm3_stm32l4.a(timer_common_all.o)
timer_set_oc_mode                                 ../libopencm3/lib/libopencm3_stm32l4.a(timer_common_all.o)
                                                  src/core/timer.o
timer_set_oc_polarity_high                        ../libopencm3/lib/libopencm3_stm32l4.a(timer_common_all.o)
timer_set_oc_polarity_low                         ../libopencm3/lib/libopencm3_stm32l4.a(timer_common_all.o)
timer_set_oc_slow_mode                            ../libopencm3/lib/libopencm3_stm32l4.a(timer_common_all.o)
timer_set_oc_value                                ../libopencm3/lib/libopencm3_stm32l4.a(timer_common_all.o)
                                                  src/core/timer.o
timer_set_output_idle_state                       ../libopencm3/lib/libopencm3_stm32l4.a(timer_common_all.o)
timer_set_period                                  ../libopencm3/lib/libopencm3_stm32l4.a(timer_common_all.o)
                                                  src/core/timer.o
timer_set_prescaler                               ../libopencm3/lib/libopencm3_stm32l4.a(timer_common_all.o)
                                                  src/core/timer.o
timer_set_repetition_counter                      ../libopencm3/lib/libopencm3_stm32l4.a(timer_common_all.o)
timer_set_ti1_ch1                                 ../libopencm3/lib/libopencm3_stm32l4.a(timer_common_all.o)
timer_set_ti1_ch123_xor                           ../libopencm3/lib/libopencm3_stm32l4.a(timer_common_all.o)
timer_setup                                       src/core/timer.o
                                                  src/firmware.o
timer_slave_set_extclockmode2                     ../libopencm3/lib/libopencm3_stm32l4.a(timer_common_all.o)
timer_slave_set_filter                            ../libopencm3/lib/libopencm3_stm32l4.a(timer_common_all.o)
timer_slave_set_mode                              ../libopencm3/lib/libopencm3_stm32l4.a(timer_common_all.o)
timer_slave_set_polarity                          ../libopencm3/lib/libopencm3_stm32l4.a(timer_common_all.o)
timer_slave_set_prescaler                         ../libopencm3/lib/libopencm3_stm32l4.a(timer_common_all.o)
timer_slave_set_trigger                           ../libopencm3/lib/libopencm3_stm32l4.a(timer_common_all.o)
timer_update_on_any                               ../libopencm3/lib/libopencm3_stm32l4.a(timer_common_all.o)
timer_update_on_overflow                          ../libopencm3/lib/libopencm3_stm32l4.a(timer_common_all.o)
tsc_isr                                           ../libopencm3/lib/libopencm3_stm32l4.a(vector.o)
uart4_isr                                         ../libopencm3/lib/libopencm3_stm32l4.a(vector.o)
uart5_isr                                         ../libopencm3/lib/libopencm3_stm32l4.a(vector.o)
usage_fault_handler                               ../libopencm3/lib/libopencm3_stm32l4.a(vector.o)
usart1_isr                                        ../libopencm3/lib/libopencm3_stm32l4.a(vector.o)
usart2_isr                                        ../libopencm3/lib/libopencm3_stm32l4.a(vector.o)
usart3_isr                                        ../libopencm3/lib/libopencm3_stm32l4.a(vector.o)
vector_table                                      ../libopencm3/lib/libopencm3_stm32l4.a(vector.o)
wwdg_isr                                          ../libopencm3/lib/libopencm3_stm32l4.a(vector.o)
