Archive member included to satisfy reference by file (symbol)

../libopencm3/lib/libopencm3_stm32l4.a(vector.o)
                              (reset_handler)

Discarded input sections

 .group         0x0000000000000000        0xc src/bootloader.o
 .group         0x0000000000000000        0xc src/bootloader.o
 .group         0x0000000000000000        0xc src/bootloader.o
 .group         0x0000000000000000        0xc src/bootloader.o
 .group         0x0000000000000000        0xc src/bootloader.o
 .text          0x0000000000000000        0x0 src/bootloader.o
 .data          0x0000000000000000        0x0 src/bootloader.o
 .bss           0x0000000000000000        0x0 src/bootloader.o
 .group         0x0000000000000000        0xc ../libopencm3/lib/libopencm3_stm32l4.a(vector.o)
 .group         0x0000000000000000        0xc ../libopencm3/lib/libopencm3_stm32l4.a(vector.o)
 .group         0x0000000000000000        0xc ../libopencm3/lib/libopencm3_stm32l4.a(vector.o)
 .group         0x0000000000000000        0xc ../libopencm3/lib/libopencm3_stm32l4.a(vector.o)
 .group         0x0000000000000000        0xc ../libopencm3/lib/libopencm3_stm32l4.a(vector.o)
 .group         0x0000000000000000        0xc ../libopencm3/lib/libopencm3_stm32l4.a(vector.o)
 .group         0x0000000000000000        0xc ../libopencm3/lib/libopencm3_stm32l4.a(vector.o)
 .group         0x0000000000000000        0xc ../libopencm3/lib/libopencm3_stm32l4.a(vector.o)
 .group         0x0000000000000000        0xc ../libopencm3/lib/libopencm3_stm32l4.a(vector.o)
 .text          0x0000000000000000        0x0 ../libopencm3/lib/libopencm3_stm32l4.a(vector.o)
 .data          0x0000000000000000        0x0 ../libopencm3/lib/libopencm3_stm32l4.a(vector.o)
 .bss           0x0000000000000000        0x0 ../libopencm3/lib/libopencm3_stm32l4.a(vector.o)
 .debug_macro   0x0000000000000000      0xa6c ../libopencm3/lib/libopencm3_stm32l4.a(vector.o)
 .debug_macro   0x0000000000000000       0x76 ../libopencm3/lib/libopencm3_stm32l4.a(vector.o)
 .debug_macro   0x0000000000000000      0x34e ../libopencm3/lib/libopencm3_stm32l4.a(vector.o)
 .debug_macro   0x0000000000000000       0x22 ../libopencm3/lib/libopencm3_stm32l4.a(vector.o)

Memory Configuration

Name             Origin             Length             Attributes
rom              0x0000000008000000 0x0000000000008000 xr
ram              0x0000000020000000 0x0000000000018000 xrw
*default*        0x0000000000000000 0xffffffffffffffff

Linker script and memory map

LOAD src/bootloader.o
LOAD ../libopencm3/lib/libopencm3_stm32l4.a
START GROUP
LOAD /usr/lib/gcc/arm-none-eabi/10.3.1/../../../arm-none-eabi/lib/thumb/v7e-m+fp/hard/libc.a
LOAD /usr/lib/gcc/arm-none-eabi/10.3.1/thumb/v7e-m+fp/hard/libgcc.a
LOAD /usr/lib/gcc/arm-none-eabi/10.3.1/../../../arm-none-eabi/lib/thumb/v7e-m+fp/hard/libnosys.a
END GROUP
START GROUP
LOAD /usr/lib/gcc/arm-none-eabi/10.3.1/thumb/v7e-m+fp/hard/libgcc.a
LOAD /usr/lib/gcc/arm-none-eabi/10.3.1/../../../arm-none-eabi/lib/thumb/v7e-m+fp/hard/libg.a
LOAD /usr/lib/gcc/arm-none-eabi/10.3.1/../../../arm-none-eabi/lib/thumb/v7e-m+fp/hard/libc.a
END GROUP

.text           0x0000000008000000      0x264
 *(.bootloader_section)
 *(.vectors)
 .vectors       0x0000000008000000      0x1ac ../libopencm3/lib/libopencm3_stm32l4.a(vector.o)
                0x0000000008000000                vector_table
                0x00000000080001b0                . = ALIGN (0x10)
 *fill*         0x00000000080001ac        0x4 
 *(.firmware_info)
 *(.firmware_signature)
 *(.text*)
 .text.startup.main
                0x00000000080001b0       0x10 src/bootloader.o
                0x00000000080001b0                main
 .text.blocking_handler
                0x00000000080001c0        0x2 ../libopencm3/lib/libopencm3_stm32l4.a(vector.o)
                0x00000000080001c0                i2c4_ev_isr
                0x00000000080001c0                usart3_isr
                0x00000000080001c0                swpmi1_isr
                0x00000000080001c0                tim7_isr
                0x00000000080001c0                dma2d_isr
                0x00000000080001c0                rng_isr
                0x00000000080001c0                adc1_2_isr
                0x00000000080001c0                i2c4_er_isr
                0x00000000080001c0                blocking_handler
                0x00000000080001c0                tsc_isr
                0x00000000080001c0                tim5_isr
                0x00000000080001c0                rtc_wkup_isr
                0x00000000080001c0                otg_fs_isr
                0x00000000080001c0                tim1_up_tim16_isr
                0x00000000080001c0                spi1_isr
                0x00000000080001c0                i2c3_er_isr
                0x00000000080001c0                dma2_channel7_isr
                0x00000000080001c0                exti2_isr
                0x00000000080001c0                dma1_channel6_isr
                0x00000000080001c0                dma1_channel5_isr
                0x00000000080001c0                dma2_channel5_isr
                0x00000000080001c0                tamp_stamp_isr
                0x00000000080001c0                fmc_isr
                0x00000000080001c0                can1_rx1_isr
                0x00000000080001c0                usart1_isr
                0x00000000080001c0                i2c3_ev_isr
                0x00000000080001c0                usage_fault_handler
                0x00000000080001c0                tim8_trg_com_isr
                0x00000000080001c0                can2_rx0_isr
                0x00000000080001c0                tim1_trg_com_tim17_isr
                0x00000000080001c0                can2_rx1_isr
                0x00000000080001c0                can1_sce_isr
                0x00000000080001c0                tim1_cc_isr
                0x00000000080001c0                can1_tx_isr
                0x00000000080001c0                dma1_channel4_isr
                0x00000000080001c0                tim8_brk_isr
                0x00000000080001c0                dma2_channel4_isr
                0x00000000080001c0                lptim1_isr
                0x00000000080001c0                lpuart1_isr
                0x00000000080001c0                can1_rx0_isr
                0x00000000080001c0                rcc_isr
                0x00000000080001c0                flash_isr
                0x00000000080001c0                uart4_isr
                0x00000000080001c0                rtc_alarm_isr
                0x00000000080001c0                exti15_10_isr
                0x00000000080001c0                hard_fault_handler
                0x00000000080001c0                exti1_isr
                0x00000000080001c0                i2c1_ev_isr
                0x00000000080001c0                dma2_channel1_isr
                0x00000000080001c0                dfsdm2_isr
                0x00000000080001c0                spi2_isr
                0x00000000080001c0                aes_isr
                0x00000000080001c0                tim8_up_isr
                0x00000000080001c0                tim6_dacunder_isr
                0x00000000080001c0                dma2_channel6_isr
                0x00000000080001c0                dma2_channel2_isr
                0x00000000080001c0                exti3_isr
                0x00000000080001c0                adc3_isr
                0x00000000080001c0                tim3_isr
                0x00000000080001c0                usart2_isr
                0x00000000080001c0                sai1_isr
                0x00000000080001c0                fpu_isr
                0x00000000080001c0                i2c2_er_isr
                0x00000000080001c0                i2c2_ev_isr
                0x00000000080001c0                uart5_isr
                0x00000000080001c0                dma1_channel1_isr
                0x00000000080001c0                exti4_isr
                0x00000000080001c0                dfsdm3_isr
                0x00000000080001c0                comp_isr
                0x00000000080001c0                mem_manage_handler
                0x00000000080001c0                can2_tx_isr
                0x00000000080001c0                lptim2_isr
                0x00000000080001c0                lcd_isr
                0x00000000080001c0                exti9_5_isr
                0x00000000080001c0                dma2_channel3_isr
                0x00000000080001c0                dfsdm1_isr
                0x00000000080001c0                dma1_channel7_isr
                0x00000000080001c0                pvd_pvm_isr
                0x00000000080001c0                can2_sce_isr
                0x00000000080001c0                tim4_isr
                0x00000000080001c0                sai2_isr
                0x00000000080001c0                dma1_channel2_isr
                0x00000000080001c0                i2c1_er_isr
                0x00000000080001c0                tim8_cc_isr
                0x00000000080001c0                dcmi_isr
                0x00000000080001c0                hash_crs_isr
                0x00000000080001c0                bus_fault_handler
                0x00000000080001c0                wwdg_isr
                0x00000000080001c0                tim1_brk_tim15_isr
                0x00000000080001c0                dma1_channel3_isr
                0x00000000080001c0                sdmmc1_isr
                0x00000000080001c0                spi3_isr
                0x00000000080001c0                quadspi_isr
                0x00000000080001c0                dfsdm0_isr
                0x00000000080001c0                tim2_isr
                0x00000000080001c0                exti0_isr
 .text.null_handler
                0x00000000080001c2        0x2 ../libopencm3/lib/libopencm3_stm32l4.a(vector.o)
                0x00000000080001c2                null_handler
                0x00000000080001c2                sv_call_handler
                0x00000000080001c2                pend_sv_handler
                0x00000000080001c2                debug_monitor_handler
                0x00000000080001c2                sys_tick_handler
                0x00000000080001c2                nmi_handler
 .text.reset_handler
                0x00000000080001c4       0xa0 ../libopencm3/lib/libopencm3_stm32l4.a(vector.o)
                0x00000000080001c4                reset_handler
                0x0000000008000264                . = ALIGN (0x4)
 *(.rodata*)
                0x0000000008000264                . = ALIGN (0x4)

.glue_7         0x0000000008000264        0x0
 .glue_7        0x0000000008000264        0x0 linker stubs

.glue_7t        0x0000000008000264        0x0
 .glue_7t       0x0000000008000264        0x0 linker stubs

.vfp11_veneer   0x0000000008000264        0x0
 .vfp11_veneer  0x0000000008000264        0x0 linker stubs

.v4_bx          0x0000000008000264        0x0
 .v4_bx         0x0000000008000264        0x0 linker stubs

.iplt           0x0000000008000264        0x0
 .iplt          0x0000000008000264        0x0 ../libopencm3/lib/libopencm3_stm32l4.a(vector.o)

.rel.dyn        0x0000000008000264        0x0
 .rel.iplt      0x0000000008000264        0x0 ../libopencm3/lib/libopencm3_stm32l4.a(vector.o)

.preinit_array  0x0000000008000264        0x0
                0x0000000008000264                . = ALIGN (0x4)
                0x0000000008000264                __preinit_array_start = .
 *(.preinit_array)
                0x0000000008000264                __preinit_array_end = .

.init_array     0x0000000008000264        0x0
                0x0000000008000264                . = ALIGN (0x4)
                0x0000000008000264                __init_array_start = .
 *(SORT_BY_NAME(.init_array.*))
 *(.init_array)
                0x0000000008000264                __init_array_end = .

.fini_array     0x0000000008000264        0x0
                0x0000000008000264                . = ALIGN (0x4)
                0x0000000008000264                __fini_array_start = .
 *(.fini_array)
 *(SORT_BY_NAME(.fini_array.*))
                0x0000000008000264                __fini_array_end = .

.ARM.extab
 *(.ARM.extab*)

.ARM.exidx      0x0000000008000264        0x0
                0x0000000008000264                __exidx_start = .
 *(.ARM.exidx*)
                0x0000000008000264                __exidx_end = .
                0x0000000008000264                . = ALIGN (0x4)
                0x0000000008000264                _etext = .

.noinit
 *(.noinit*)
                0x0000000008000264                . = ALIGN (0x4)

.data           0x0000000020000000        0x0 load address 0x0000000008000264
                0x0000000020000000                _data = .
 *(.data*)
 *(.ramtext*)
                0x0000000020000000                . = ALIGN (0x4)
                0x0000000020000000                _edata = .
                0x0000000008000264                _data_loadaddr = LOADADDR (.data)

.igot.plt       0x0000000020000000        0x0 load address 0x0000000008000264
 .igot.plt      0x0000000020000000        0x0 ../libopencm3/lib/libopencm3_stm32l4.a(vector.o)

.bss            0x0000000020000000        0x0 load address 0x0000000008000264
 *(.bss*)
 *(COMMON)
                0x0000000020000000                . = ALIGN (0x4)
                0x0000000020000000                _ebss = .

/DISCARD/
 *(.eh_frame)
                0x0000000020000000                . = ALIGN (0x4)
                0x0000000020000000                end = .
                0x0000000020018000                PROVIDE (_stack = (ORIGIN (ram) + LENGTH (ram)))
OUTPUT(bootloader.elf elf32-littlearm)
LOAD linker stubs

.debug_info     0x0000000000000000      0x403
 .debug_info    0x0000000000000000      0x11d src/bootloader.o
 .debug_info    0x000000000000011d      0x2e6 ../libopencm3/lib/libopencm3_stm32l4.a(vector.o)

.debug_abbrev   0x0000000000000000      0x217
 .debug_abbrev  0x0000000000000000       0xbc src/bootloader.o
 .debug_abbrev  0x00000000000000bc      0x15b ../libopencm3/lib/libopencm3_stm32l4.a(vector.o)

.debug_loc      0x0000000000000000      0x15a
 .debug_loc     0x0000000000000000       0x32 src/bootloader.o
 .debug_loc     0x0000000000000032      0x128 ../libopencm3/lib/libopencm3_stm32l4.a(vector.o)

.debug_aranges  0x0000000000000000       0x50
 .debug_aranges
                0x0000000000000000       0x20 src/bootloader.o
 .debug_aranges
                0x0000000000000020       0x30 ../libopencm3/lib/libopencm3_stm32l4.a(vector.o)

.debug_ranges   0x0000000000000000       0x48
 .debug_ranges  0x0000000000000000       0x28 src/bootloader.o
 .debug_ranges  0x0000000000000028       0x20 ../libopencm3/lib/libopencm3_stm32l4.a(vector.o)

.debug_macro    0x0000000000000000     0x193e
 .debug_macro   0x0000000000000000       0x5b src/bootloader.o
 .debug_macro   0x000000000000005b      0xa6c src/bootloader.o
 .debug_macro   0x0000000000000ac7      0x34e src/bootloader.o
 .debug_macro   0x0000000000000e15       0x22 src/bootloader.o
 .debug_macro   0x0000000000000e37       0x76 src/bootloader.o
 .debug_macro   0x0000000000000ead      0x217 src/bootloader.o
 .debug_macro   0x00000000000010c4       0x8a ../libopencm3/lib/libopencm3_stm32l4.a(vector.o)
 .debug_macro   0x000000000000114e       0x1c ../libopencm3/lib/libopencm3_stm32l4.a(vector.o)
 .debug_macro   0x000000000000116a       0xe8 ../libopencm3/lib/libopencm3_stm32l4.a(vector.o)
 .debug_macro   0x0000000000001252      0x452 ../libopencm3/lib/libopencm3_stm32l4.a(vector.o)
 .debug_macro   0x00000000000016a4       0x6e ../libopencm3/lib/libopencm3_stm32l4.a(vector.o)
 .debug_macro   0x0000000000001712      0x22c ../libopencm3/lib/libopencm3_stm32l4.a(vector.o)

.debug_line     0x0000000000000000      0x484
 .debug_line    0x0000000000000000      0x162 src/bootloader.o
 .debug_line    0x0000000000000162      0x322 ../libopencm3/lib/libopencm3_stm32l4.a(vector.o)

.debug_str      0x0000000000000000     0x776f
 .debug_str     0x0000000000000000     0x4692 src/bootloader.o
                                       0x47fa (size before relaxing)
 .debug_str     0x0000000000004692     0x30dd ../libopencm3/lib/libopencm3_stm32l4.a(vector.o)
                                       0x69ba (size before relaxing)

.comment        0x0000000000000000       0x33
 .comment       0x0000000000000000       0x33 src/bootloader.o
                                         0x34 (size before relaxing)
 .comment       0x0000000000000033       0x34 ../libopencm3/lib/libopencm3_stm32l4.a(vector.o)

.ARM.attributes
                0x0000000000000000       0x34
 .ARM.attributes
                0x0000000000000000       0x34 src/bootloader.o
 .ARM.attributes
                0x0000000000000034       0x34 ../libopencm3/lib/libopencm3_stm32l4.a(vector.o)

.debug_frame    0x0000000000000000       0x74
 .debug_frame   0x0000000000000000       0x28 src/bootloader.o
 .debug_frame   0x0000000000000028       0x4c ../libopencm3/lib/libopencm3_stm32l4.a(vector.o)

Cross Reference Table

Symbol                                            File
__fini_array_end                                  ../libopencm3/lib/libopencm3_stm32l4.a(vector.o)
__fini_array_start                                ../libopencm3/lib/libopencm3_stm32l4.a(vector.o)
__init_array_end                                  ../libopencm3/lib/libopencm3_stm32l4.a(vector.o)
__init_array_start                                ../libopencm3/lib/libopencm3_stm32l4.a(vector.o)
__preinit_array_end                               ../libopencm3/lib/libopencm3_stm32l4.a(vector.o)
__preinit_array_start                             ../libopencm3/lib/libopencm3_stm32l4.a(vector.o)
_data                                             ../libopencm3/lib/libopencm3_stm32l4.a(vector.o)
_data_loadaddr                                    ../libopencm3/lib/libopencm3_stm32l4.a(vector.o)
_ebss                                             ../libopencm3/lib/libopencm3_stm32l4.a(vector.o)
_edata                                            ../libopencm3/lib/libopencm3_stm32l4.a(vector.o)
_stack                                            ../libopencm3/lib/libopencm3_stm32l4.a(vector.o)
adc1_2_isr                                        ../libopencm3/lib/libopencm3_stm32l4.a(vector.o)
adc3_isr                                          ../libopencm3/lib/libopencm3_stm32l4.a(vector.o)
aes_isr                                           ../libopencm3/lib/libopencm3_stm32l4.a(vector.o)
blocking_handler                                  ../libopencm3/lib/libopencm3_stm32l4.a(vector.o)
bus_fault_handler                                 ../libopencm3/lib/libopencm3_stm32l4.a(vector.o)
can1_rx0_isr                                      ../libopencm3/lib/libopencm3_stm32l4.a(vector.o)
can1_rx1_isr                                      ../libopencm3/lib/libopencm3_stm32l4.a(vector.o)
can1_sce_isr                                      ../libopencm3/lib/libopencm3_stm32l4.a(vector.o)
can1_tx_isr                                       ../libopencm3/lib/libopencm3_stm32l4.a(vector.o)
can2_rx0_isr                                      ../libopencm3/lib/libopencm3_stm32l4.a(vector.o)
can2_rx1_isr                                      ../libopencm3/lib/libopencm3_stm32l4.a(vector.o)
can2_sce_isr                                      ../libopencm3/lib/libopencm3_stm32l4.a(vector.o)
can2_tx_isr                                       ../libopencm3/lib/libopencm3_stm32l4.a(vector.o)
comp_isr                                          ../libopencm3/lib/libopencm3_stm32l4.a(vector.o)
dcmi_isr                                          ../libopencm3/lib/libopencm3_stm32l4.a(vector.o)
debug_monitor_handler                             ../libopencm3/lib/libopencm3_stm32l4.a(vector.o)
dfsdm0_isr                                        ../libopencm3/lib/libopencm3_stm32l4.a(vector.o)
dfsdm1_isr                                        ../libopencm3/lib/libopencm3_stm32l4.a(vector.o)
dfsdm2_isr                                        ../libopencm3/lib/libopencm3_stm32l4.a(vector.o)
dfsdm3_isr                                        ../libopencm3/lib/libopencm3_stm32l4.a(vector.o)
dma1_channel1_isr                                 ../libopencm3/lib/libopencm3_stm32l4.a(vector.o)
dma1_channel2_isr                                 ../libopencm3/lib/libopencm3_stm32l4.a(vector.o)
dma1_channel3_isr                                 ../libopencm3/lib/libopencm3_stm32l4.a(vector.o)
dma1_channel4_isr                                 ../libopencm3/lib/libopencm3_stm32l4.a(vector.o)
dma1_channel5_isr                                 ../libopencm3/lib/libopencm3_stm32l4.a(vector.o)
dma1_channel6_isr                                 ../libopencm3/lib/libopencm3_stm32l4.a(vector.o)
dma1_channel7_isr                                 ../libopencm3/lib/libopencm3_stm32l4.a(vector.o)
dma2_channel1_isr                                 ../libopencm3/lib/libopencm3_stm32l4.a(vector.o)
dma2_channel2_isr                                 ../libopencm3/lib/libopencm3_stm32l4.a(vector.o)
dma2_channel3_isr                                 ../libopencm3/lib/libopencm3_stm32l4.a(vector.o)
dma2_channel4_isr                                 ../libopencm3/lib/libopencm3_stm32l4.a(vector.o)
dma2_channel5_isr                                 ../libopencm3/lib/libopencm3_stm32l4.a(vector.o)
dma2_channel6_isr                                 ../libopencm3/lib/libopencm3_stm32l4.a(vector.o)
dma2_channel7_isr                                 ../libopencm3/lib/libopencm3_stm32l4.a(vector.o)
dma2d_isr                                         ../libopencm3/lib/libopencm3_stm32l4.a(vector.o)
exti0_isr                                         ../libopencm3/lib/libopencm3_stm32l4.a(vector.o)
exti15_10_isr                                     ../libopencm3/lib/libopencm3_stm32l4.a(vector.o)
exti1_isr                                         ../libopencm3/lib/libopencm3_stm32l4.a(vector.o)
exti2_isr                                         ../libopencm3/lib/libopencm3_stm32l4.a(vector.o)
exti3_isr                                         ../libopencm3/lib/libopencm3_stm32l4.a(vector.o)
exti4_isr                                         ../libopencm3/lib/libopencm3_stm32l4.a(vector.o)
exti9_5_isr                                       ../libopencm3/lib/libopencm3_stm32l4.a(vector.o)
flash_isr                                         ../libopencm3/lib/libopencm3_stm32l4.a(vector.o)
fmc_isr                                           ../libopencm3/lib/libopencm3_stm32l4.a(vector.o)
fpu_isr                                           ../libopencm3/lib/libopencm3_stm32l4.a(vector.o)
hard_fault_handler                                ../libopencm3/lib/libopencm3_stm32l4.a(vector.o)
hash_crs_isr                                      ../libopencm3/lib/libopencm3_stm32l4.a(vector.o)
i2c1_er_isr                                       ../libopencm3/lib/libopencm3_stm32l4.a(vector.o)
i2c1_ev_isr                                       ../libopencm3/lib/libopencm3_stm32l4.a(vector.o)
i2c2_er_isr                                       ../libopencm3/lib/libopencm3_stm32l4.a(vector.o)
i2c2_ev_isr                                       ../libopencm3/lib/libopencm3_stm32l4.a(vector.o)
i2c3_er_isr                                       ../libopencm3/lib/libopencm3_stm32l4.a(vector.o)
i2c3_ev_isr                                       ../libopencm3/lib/libopencm3_stm32l4.a(vector.o)
i2c4_er_isr                                       ../libopencm3/lib/libopencm3_stm32l4.a(vector.o)
i2c4_ev_isr                                       ../libopencm3/lib/libopencm3_stm32l4.a(vector.o)
lcd_isr                                           ../libopencm3/lib/libopencm3_stm32l4.a(vector.o)
lptim1_isr                                        ../libopencm3/lib/libopencm3_stm32l4.a(vector.o)
lptim2_isr                                        ../libopencm3/lib/libopencm3_stm32l4.a(vector.o)
lpuart1_isr                                       ../libopencm3/lib/libopencm3_stm32l4.a(vector.o)
main                                              src/bootloader.o
                                                  ../libopencm3/lib/libopencm3_stm32l4.a(vector.o)
mem_manage_handler                                ../libopencm3/lib/libopencm3_stm32l4.a(vector.o)
nmi_handler                                       ../libopencm3/lib/libopencm3_stm32l4.a(vector.o)
null_handler                                      ../libopencm3/lib/libopencm3_stm32l4.a(vector.o)
otg_fs_isr                                        ../libopencm3/lib/libopencm3_stm32l4.a(vector.o)
pend_sv_handler                                   ../libopencm3/lib/libopencm3_stm32l4.a(vector.o)
pvd_pvm_isr                                       ../libopencm3/lib/libopencm3_stm32l4.a(vector.o)
quadspi_isr                                       ../libopencm3/lib/libopencm3_stm32l4.a(vector.o)
rcc_isr                                           ../libopencm3/lib/libopencm3_stm32l4.a(vector.o)
reset_handler                                     ../libopencm3/lib/libopencm3_stm32l4.a(vector.o)
rng_isr                                           ../libopencm3/lib/libopencm3_stm32l4.a(vector.o)
rtc_alarm_isr                                     ../libopencm3/lib/libopencm3_stm32l4.a(vector.o)
rtc_wkup_isr                                      ../libopencm3/lib/libopencm3_stm32l4.a(vector.o)
sai1_isr                                          ../libopencm3/lib/libopencm3_stm32l4.a(vector.o)
sai2_isr                                          ../libopencm3/lib/libopencm3_stm32l4.a(vector.o)
sdmmc1_isr                                        ../libopencm3/lib/libopencm3_stm32l4.a(vector.o)
spi1_isr                                          ../libopencm3/lib/libopencm3_stm32l4.a(vector.o)
spi2_isr                                          ../libopencm3/lib/libopencm3_stm32l4.a(vector.o)
spi3_isr                                          ../libopencm3/lib/libopencm3_stm32l4.a(vector.o)
sv_call_handler                                   ../libopencm3/lib/libopencm3_stm32l4.a(vector.o)
swpmi1_isr                                        ../libopencm3/lib/libopencm3_stm32l4.a(vector.o)
sys_tick_handler                                  ../libopencm3/lib/libopencm3_stm32l4.a(vector.o)
tamp_stamp_isr                                    ../libopencm3/lib/libopencm3_stm32l4.a(vector.o)
tim1_brk_tim15_isr                                ../libopencm3/lib/libopencm3_stm32l4.a(vector.o)
tim1_cc_isr                                       ../libopencm3/lib/libopencm3_stm32l4.a(vector.o)
tim1_trg_com_tim17_isr                            ../libopencm3/lib/libopencm3_stm32l4.a(vector.o)
tim1_up_tim16_isr                                 ../libopencm3/lib/libopencm3_stm32l4.a(vector.o)
tim2_isr                                          ../libopencm3/lib/libopencm3_stm32l4.a(vector.o)
tim3_isr                                          ../libopencm3/lib/libopencm3_stm32l4.a(vector.o)
tim4_isr                                          ../libopencm3/lib/libopencm3_stm32l4.a(vector.o)
tim5_isr                                          ../libopencm3/lib/libopencm3_stm32l4.a(vector.o)
tim6_dacunder_isr                                 ../libopencm3/lib/libopencm3_stm32l4.a(vector.o)
tim7_isr                                          ../libopencm3/lib/libopencm3_stm32l4.a(vector.o)
tim8_brk_isr                                      ../libopencm3/lib/libopencm3_stm32l4.a(vector.o)
tim8_cc_isr                                       ../libopencm3/lib/libopencm3_stm32l4.a(vector.o)
tim8_trg_com_isr                                  ../libopencm3/lib/libopencm3_stm32l4.a(vector.o)
tim8_up_isr                                       ../libopencm3/lib/libopencm3_stm32l4.a(vector.o)
tsc_isr                                           ../libopencm3/lib/libopencm3_stm32l4.a(vector.o)
uart4_isr                                         ../libopencm3/lib/libopencm3_stm32l4.a(vector.o)
uart5_isr                                         ../libopencm3/lib/libopencm3_stm32l4.a(vector.o)
usage_fault_handler                               ../libopencm3/lib/libopencm3_stm32l4.a(vector.o)
usart1_isr                                        ../libopencm3/lib/libopencm3_stm32l4.a(vector.o)
usart2_isr                                        ../libopencm3/lib/libopencm3_stm32l4.a(vector.o)
usart3_isr                                        ../libopencm3/lib/libopencm3_stm32l4.a(vector.o)
vector_table                                      ../libopencm3/lib/libopencm3_stm32l4.a(vector.o)
wwdg_isr                                          ../libopencm3/lib/libopencm3_stm32l4.a(vector.o)
